Archive member included to satisfy reference by file (symbol)

c:/nxp/s32ds.3.5/s32ds/build_tools/gcc_v10.2/gcc-10.2-arm32-eabi/bin/../lib/gcc/arm-none-eabi/10.2.0/../../../../arm-none-eabi/lib/thumb/v7e-m/nofp\libc.a(lib_a-exit.o)
                              c:/nxp/s32ds.3.5/s32ds/build_tools/gcc_v10.2/gcc-10.2-arm32-eabi/bin/../lib/gcc/arm-none-eabi/10.2.0/../../../../arm-none-eabi/lib/thumb/v7e-m/nofp/crt0.o (exit)
c:/nxp/s32ds.3.5/s32ds/build_tools/gcc_v10.2/gcc-10.2-arm32-eabi/bin/../lib/gcc/arm-none-eabi/10.2.0/../../../../arm-none-eabi/lib/thumb/v7e-m/nofp\libc.a(lib_a-impure.o)
                              c:/nxp/s32ds.3.5/s32ds/build_tools/gcc_v10.2/gcc-10.2-arm32-eabi/bin/../lib/gcc/arm-none-eabi/10.2.0/../../../../arm-none-eabi/lib/thumb/v7e-m/nofp\libc.a(lib_a-exit.o) (_global_impure_ptr)
c:/nxp/s32ds.3.5/s32ds/build_tools/gcc_v10.2/gcc-10.2-arm32-eabi/bin/../lib/gcc/arm-none-eabi/10.2.0/../../../../arm-none-eabi/lib/thumb/v7e-m/nofp\libc.a(lib_a-init.o)
                              c:/nxp/s32ds.3.5/s32ds/build_tools/gcc_v10.2/gcc-10.2-arm32-eabi/bin/../lib/gcc/arm-none-eabi/10.2.0/../../../../arm-none-eabi/lib/thumb/v7e-m/nofp/crt0.o (__libc_init_array)
c:/nxp/s32ds.3.5/s32ds/build_tools/gcc_v10.2/gcc-10.2-arm32-eabi/bin/../lib/gcc/arm-none-eabi/10.2.0/../../../../arm-none-eabi/lib/thumb/v7e-m/nofp\libc.a(lib_a-memset.o)
                              c:/nxp/s32ds.3.5/s32ds/build_tools/gcc_v10.2/gcc-10.2-arm32-eabi/bin/../lib/gcc/arm-none-eabi/10.2.0/../../../../arm-none-eabi/lib/thumb/v7e-m/nofp/crt0.o (memset)
c:/nxp/s32ds.3.5/s32ds/build_tools/gcc_v10.2/gcc-10.2-arm32-eabi/bin/../lib/gcc/arm-none-eabi/10.2.0/../../../../arm-none-eabi/lib/thumb/v7e-m/nofp\libc.a(lib_a-__call_atexit.o)
                              c:/nxp/s32ds.3.5/s32ds/build_tools/gcc_v10.2/gcc-10.2-arm32-eabi/bin/../lib/gcc/arm-none-eabi/10.2.0/../../../../arm-none-eabi/lib/thumb/v7e-m/nofp\libc.a(lib_a-exit.o) (__call_exitprocs)
c:/nxp/s32ds.3.5/s32ds/build_tools/gcc_v10.2/gcc-10.2-arm32-eabi/bin/../lib/gcc/arm-none-eabi/10.2.0/../../../../arm-none-eabi/lib/thumb/v7e-m/nofp\libc.a(lib_a-fini.o)
                              c:/nxp/s32ds.3.5/s32ds/build_tools/gcc_v10.2/gcc-10.2-arm32-eabi/bin/../lib/gcc/arm-none-eabi/10.2.0/../../../../arm-none-eabi/lib/thumb/v7e-m/nofp\libc.a(lib_a-__call_atexit.o) (__libc_fini_array)
c:/nxp/s32ds.3.5/s32ds/build_tools/gcc_v10.2/gcc-10.2-arm32-eabi/bin/../lib/gcc/arm-none-eabi/10.2.0/../../../../arm-none-eabi/lib/thumb/v7e-m/nofp\libc.a(lib_a-atexit.o)
                              c:/nxp/s32ds.3.5/s32ds/build_tools/gcc_v10.2/gcc-10.2-arm32-eabi/bin/../lib/gcc/arm-none-eabi/10.2.0/../../../../arm-none-eabi/lib/thumb/v7e-m/nofp\libc.a(lib_a-__call_atexit.o) (atexit)
c:/nxp/s32ds.3.5/s32ds/build_tools/gcc_v10.2/gcc-10.2-arm32-eabi/bin/../lib/gcc/arm-none-eabi/10.2.0/../../../../arm-none-eabi/lib/thumb/v7e-m/nofp\libc.a(lib_a-__atexit.o)
                              c:/nxp/s32ds.3.5/s32ds/build_tools/gcc_v10.2/gcc-10.2-arm32-eabi/bin/../lib/gcc/arm-none-eabi/10.2.0/../../../../arm-none-eabi/lib/thumb/v7e-m/nofp\libc.a(lib_a-atexit.o) (__register_exitproc)
c:/nxp/s32ds.3.5/s32ds/build_tools/gcc_v10.2/gcc-10.2-arm32-eabi/bin/../lib/gcc/arm-none-eabi/10.2.0/../../../../arm-none-eabi/lib/thumb/v7e-m/nofp\libnosys.a(_exit.o)
                              c:/nxp/s32ds.3.5/s32ds/build_tools/gcc_v10.2/gcc-10.2-arm32-eabi/bin/../lib/gcc/arm-none-eabi/10.2.0/../../../../arm-none-eabi/lib/thumb/v7e-m/nofp\libc.a(lib_a-exit.o) (_exit)

Discarded input sections

 .text          0x00000000        0x0 c:/nxp/s32ds.3.5/s32ds/build_tools/gcc_v10.2/gcc-10.2-arm32-eabi/bin/../lib/gcc/arm-none-eabi/10.2.0/thumb/v7e-m/nofp/crti.o
 .data          0x00000000        0x0 c:/nxp/s32ds.3.5/s32ds/build_tools/gcc_v10.2/gcc-10.2-arm32-eabi/bin/../lib/gcc/arm-none-eabi/10.2.0/thumb/v7e-m/nofp/crti.o
 .bss           0x00000000        0x0 c:/nxp/s32ds.3.5/s32ds/build_tools/gcc_v10.2/gcc-10.2-arm32-eabi/bin/../lib/gcc/arm-none-eabi/10.2.0/thumb/v7e-m/nofp/crti.o
 .data          0x00000000        0x4 c:/nxp/s32ds.3.5/s32ds/build_tools/gcc_v10.2/gcc-10.2-arm32-eabi/bin/../lib/gcc/arm-none-eabi/10.2.0/thumb/v7e-m/nofp/crtbegin.o
 .data          0x00000000        0x0 c:/nxp/s32ds.3.5/s32ds/build_tools/gcc_v10.2/gcc-10.2-arm32-eabi/bin/../lib/gcc/arm-none-eabi/10.2.0/../../../../arm-none-eabi/lib/thumb/v7e-m/nofp/crt0.o
 .bss           0x00000000        0x0 c:/nxp/s32ds.3.5/s32ds/build_tools/gcc_v10.2/gcc-10.2-arm32-eabi/bin/../lib/gcc/arm-none-eabi/10.2.0/../../../../arm-none-eabi/lib/thumb/v7e-m/nofp/crt0.o
 .ARM.extab     0x00000000        0x0 c:/nxp/s32ds.3.5/s32ds/build_tools/gcc_v10.2/gcc-10.2-arm32-eabi/bin/../lib/gcc/arm-none-eabi/10.2.0/../../../../arm-none-eabi/lib/thumb/v7e-m/nofp/crt0.o
 .group         0x00000000        0xc ./Project_Settings/Startup_Code/boot_header.o
 .group         0x00000000        0xc ./Project_Settings/Startup_Code/boot_header.o
 .group         0x00000000        0xc ./Project_Settings/Startup_Code/boot_header.o
 .group         0x00000000        0xc ./Project_Settings/Startup_Code/boot_header.o
 .group         0x00000000        0xc ./Project_Settings/Startup_Code/boot_header.o
 .group         0x00000000        0xc ./Project_Settings/Startup_Code/boot_header.o
 .group         0x00000000        0xc ./Project_Settings/Startup_Code/boot_header.o
 .group         0x00000000        0xc ./Project_Settings/Startup_Code/boot_header.o
 .text          0x00000000        0x0 ./Project_Settings/Startup_Code/boot_header.o
 .data          0x00000000        0x0 ./Project_Settings/Startup_Code/boot_header.o
 .bss           0x00000000        0x0 ./Project_Settings/Startup_Code/boot_header.o
 .rodata.lc_config
                0x00000000        0x4 ./Project_Settings/Startup_Code/boot_header.o
 .rodata.xrdc_config
                0x00000000      0x110 ./Project_Settings/Startup_Code/boot_header.o
 .boot_header   0x00000000      0x100 ./Project_Settings/Startup_Code/boot_header.o
 .debug_info    0x00000000      0x2dc ./Project_Settings/Startup_Code/boot_header.o
 .debug_abbrev  0x00000000       0xb1 ./Project_Settings/Startup_Code/boot_header.o
 .debug_aranges
                0x00000000       0x18 ./Project_Settings/Startup_Code/boot_header.o
 .debug_macro   0x00000000       0x72 ./Project_Settings/Startup_Code/boot_header.o
 .debug_macro   0x00000000      0xa66 ./Project_Settings/Startup_Code/boot_header.o
 .debug_macro   0x00000000       0x22 ./Project_Settings/Startup_Code/boot_header.o
 .debug_macro   0x00000000       0x8e ./Project_Settings/Startup_Code/boot_header.o
 .debug_macro   0x00000000       0x51 ./Project_Settings/Startup_Code/boot_header.o
 .debug_macro   0x00000000      0x103 ./Project_Settings/Startup_Code/boot_header.o
 .debug_macro   0x00000000       0x6a ./Project_Settings/Startup_Code/boot_header.o
 .debug_macro   0x00000000      0x1df ./Project_Settings/Startup_Code/boot_header.o
 .debug_macro   0x00000000       0x10 ./Project_Settings/Startup_Code/boot_header.o
 .debug_line    0x00000000      0x2c8 ./Project_Settings/Startup_Code/boot_header.o
 .debug_str     0x00000000     0x3eb2 ./Project_Settings/Startup_Code/boot_header.o
 .comment       0x00000000       0x89 ./Project_Settings/Startup_Code/boot_header.o
 .ARM.attributes
                0x00000000       0x33 ./Project_Settings/Startup_Code/boot_header.o
 .group         0x00000000        0xc ./Project_Settings/Startup_Code/startup_ARMCM7.o
 .group         0x00000000        0xc ./Project_Settings/Startup_Code/startup_ARMCM7.o
 .group         0x00000000        0xc ./Project_Settings/Startup_Code/startup_ARMCM7.o
 .group         0x00000000        0xc ./Project_Settings/Startup_Code/startup_ARMCM7.o
 .group         0x00000000        0xc ./Project_Settings/Startup_Code/startup_ARMCM7.o
 .group         0x00000000        0xc ./Project_Settings/Startup_Code/startup_ARMCM7.o
 .group         0x00000000        0xc ./Project_Settings/Startup_Code/startup_ARMCM7.o
 .group         0x00000000        0xc ./Project_Settings/Startup_Code/startup_ARMCM7.o
 .group         0x00000000        0xc ./Project_Settings/Startup_Code/startup_ARMCM7.o
 .group         0x00000000        0xc ./Project_Settings/Startup_Code/startup_ARMCM7.o
 .group         0x00000000        0xc ./Project_Settings/Startup_Code/startup_ARMCM7.o
 .group         0x00000000        0xc ./Project_Settings/Startup_Code/startup_ARMCM7.o
 .group         0x00000000        0xc ./Project_Settings/Startup_Code/startup_ARMCM7.o
 .group         0x00000000        0xc ./Project_Settings/Startup_Code/startup_ARMCM7.o
 .group         0x00000000        0xc ./Project_Settings/Startup_Code/startup_ARMCM7.o
 .group         0x00000000        0xc ./Project_Settings/Startup_Code/startup_ARMCM7.o
 .group         0x00000000        0xc ./Project_Settings/Startup_Code/startup_ARMCM7.o
 .group         0x00000000        0xc ./Project_Settings/Startup_Code/startup_ARMCM7.o
 .group         0x00000000        0xc ./Project_Settings/Startup_Code/startup_ARMCM7.o
 .group         0x00000000        0xc ./Project_Settings/Startup_Code/startup_ARMCM7.o
 .group         0x00000000        0xc ./Project_Settings/Startup_Code/startup_ARMCM7.o
 .group         0x00000000        0xc ./Project_Settings/Startup_Code/startup_ARMCM7.o
 .group         0x00000000        0xc ./Project_Settings/Startup_Code/startup_ARMCM7.o
 .group         0x00000000        0xc ./Project_Settings/Startup_Code/startup_ARMCM7.o
 .group         0x00000000        0xc ./Project_Settings/Startup_Code/startup_ARMCM7.o
 .group         0x00000000        0xc ./Project_Settings/Startup_Code/startup_ARMCM7.o
 .group         0x00000000        0xc ./Project_Settings/Startup_Code/startup_ARMCM7.o
 .group         0x00000000        0xc ./Project_Settings/Startup_Code/startup_ARMCM7.o
 .group         0x00000000        0xc ./Project_Settings/Startup_Code/startup_ARMCM7.o
 .group         0x00000000        0xc ./Project_Settings/Startup_Code/startup_ARMCM7.o
 .group         0x00000000        0xc ./Project_Settings/Startup_Code/startup_ARMCM7.o
 .group         0x00000000        0xc ./Project_Settings/Startup_Code/startup_ARMCM7.o
 .group         0x00000000        0xc ./Project_Settings/Startup_Code/startup_ARMCM7.o
 .group         0x00000000        0xc ./Project_Settings/Startup_Code/startup_ARMCM7.o
 .group         0x00000000        0xc ./Project_Settings/Startup_Code/startup_ARMCM7.o
 .group         0x00000000        0xc ./Project_Settings/Startup_Code/startup_ARMCM7.o
 .group         0x00000000        0xc ./Project_Settings/Startup_Code/startup_ARMCM7.o
 .group         0x00000000        0xc ./Project_Settings/Startup_Code/startup_ARMCM7.o
 .group         0x00000000        0xc ./Project_Settings/Startup_Code/startup_ARMCM7.o
 .group         0x00000000        0xc ./Project_Settings/Startup_Code/startup_ARMCM7.o
 .group         0x00000000        0xc ./Project_Settings/Startup_Code/startup_ARMCM7.o
 .group         0x00000000        0xc ./Project_Settings/Startup_Code/startup_ARMCM7.o
 .group         0x00000000        0xc ./Project_Settings/Startup_Code/startup_ARMCM7.o
 .group         0x00000000        0xc ./Project_Settings/Startup_Code/startup_ARMCM7.o
 .group         0x00000000        0xc ./Project_Settings/Startup_Code/startup_ARMCM7.o
 .group         0x00000000        0xc ./Project_Settings/Startup_Code/startup_ARMCM7.o
 .group         0x00000000        0xc ./Project_Settings/Startup_Code/startup_ARMCM7.o
 .group         0x00000000        0xc ./Project_Settings/Startup_Code/startup_ARMCM7.o
 .group         0x00000000        0xc ./Project_Settings/Startup_Code/startup_ARMCM7.o
 .group         0x00000000        0xc ./Project_Settings/Startup_Code/startup_ARMCM7.o
 .group         0x00000000        0xc ./Project_Settings/Startup_Code/startup_ARMCM7.o
 .group         0x00000000        0xc ./Project_Settings/Startup_Code/startup_ARMCM7.o
 .group         0x00000000        0xc ./Project_Settings/Startup_Code/startup_ARMCM7.o
 .group         0x00000000        0xc ./Project_Settings/Startup_Code/startup_ARMCM7.o
 .group         0x00000000        0xc ./Project_Settings/Startup_Code/startup_ARMCM7.o
 .group         0x00000000        0xc ./Project_Settings/Startup_Code/startup_ARMCM7.o
 .group         0x00000000        0xc ./Project_Settings/Startup_Code/startup_ARMCM7.o
 .group         0x00000000        0xc ./Project_Settings/Startup_Code/startup_ARMCM7.o
 .group         0x00000000        0xc ./Project_Settings/Startup_Code/startup_ARMCM7.o
 .group         0x00000000        0xc ./Project_Settings/Startup_Code/startup_ARMCM7.o
 .group         0x00000000        0xc ./Project_Settings/Startup_Code/startup_ARMCM7.o
 .group         0x00000000        0xc ./Project_Settings/Startup_Code/startup_ARMCM7.o
 .group         0x00000000        0xc ./Project_Settings/Startup_Code/startup_ARMCM7.o
 .group         0x00000000        0xc ./Project_Settings/Startup_Code/startup_ARMCM7.o
 .group         0x00000000        0xc ./Project_Settings/Startup_Code/startup_ARMCM7.o
 .group         0x00000000        0xc ./Project_Settings/Startup_Code/startup_ARMCM7.o
 .group         0x00000000        0xc ./Project_Settings/Startup_Code/startup_ARMCM7.o
 .group         0x00000000        0xc ./Project_Settings/Startup_Code/startup_ARMCM7.o
 .group         0x00000000        0xc ./Project_Settings/Startup_Code/startup_ARMCM7.o
 .group         0x00000000        0xc ./Project_Settings/Startup_Code/startup_ARMCM7.o
 .group         0x00000000        0xc ./Project_Settings/Startup_Code/startup_ARMCM7.o
 .group         0x00000000        0xc ./Project_Settings/Startup_Code/startup_ARMCM7.o
 .group         0x00000000        0xc ./Project_Settings/Startup_Code/startup_ARMCM7.o
 .group         0x00000000        0xc ./Project_Settings/Startup_Code/startup_ARMCM7.o
 .group         0x00000000        0xc ./Project_Settings/Startup_Code/startup_ARMCM7.o
 .group         0x00000000        0xc ./Project_Settings/Startup_Code/startup_ARMCM7.o
 .group         0x00000000        0xc ./Project_Settings/Startup_Code/startup_ARMCM7.o
 .text          0x00000000        0x0 ./Project_Settings/Startup_Code/startup_ARMCM7.o
 .data          0x00000000        0x0 ./Project_Settings/Startup_Code/startup_ARMCM7.o
 .bss           0x00000000        0x0 ./Project_Settings/Startup_Code/startup_ARMCM7.o
 .debug_macro   0x00000000      0xa66 ./Project_Settings/Startup_Code/startup_ARMCM7.o
 .debug_macro   0x00000000       0x22 ./Project_Settings/Startup_Code/startup_ARMCM7.o
 .debug_macro   0x00000000       0x8e ./Project_Settings/Startup_Code/startup_ARMCM7.o
 .debug_macro   0x00000000       0x51 ./Project_Settings/Startup_Code/startup_ARMCM7.o
 .debug_macro   0x00000000      0x103 ./Project_Settings/Startup_Code/startup_ARMCM7.o
 .debug_macro   0x00000000       0x6a ./Project_Settings/Startup_Code/startup_ARMCM7.o
 .debug_macro   0x00000000      0x1df ./Project_Settings/Startup_Code/startup_ARMCM7.o
 .group         0x00000000        0xc ./Project_Settings/Startup_Code/system_ARMCM7.o
 .group         0x00000000        0xc ./Project_Settings/Startup_Code/system_ARMCM7.o
 .group         0x00000000        0xc ./Project_Settings/Startup_Code/system_ARMCM7.o
 .group         0x00000000        0xc ./Project_Settings/Startup_Code/system_ARMCM7.o
 .group         0x00000000        0xc ./Project_Settings/Startup_Code/system_ARMCM7.o
 .group         0x00000000        0xc ./Project_Settings/Startup_Code/system_ARMCM7.o
 .group         0x00000000        0xc ./Project_Settings/Startup_Code/system_ARMCM7.o
 .group         0x00000000        0xc ./Project_Settings/Startup_Code/system_ARMCM7.o
 .group         0x00000000        0xc ./Project_Settings/Startup_Code/system_ARMCM7.o
 .group         0x00000000        0xc ./Project_Settings/Startup_Code/system_ARMCM7.o
 .group         0x00000000        0xc ./Project_Settings/Startup_Code/system_ARMCM7.o
 .group         0x00000000        0xc ./Project_Settings/Startup_Code/system_ARMCM7.o
 .group         0x00000000        0xc ./Project_Settings/Startup_Code/system_ARMCM7.o
 .group         0x00000000        0xc ./Project_Settings/Startup_Code/system_ARMCM7.o
 .group         0x00000000        0xc ./Project_Settings/Startup_Code/system_ARMCM7.o
 .group         0x00000000        0xc ./Project_Settings/Startup_Code/system_ARMCM7.o
 .text          0x00000000        0x0 ./Project_Settings/Startup_Code/system_ARMCM7.o
 .data          0x00000000        0x0 ./Project_Settings/Startup_Code/system_ARMCM7.o
 .bss           0x00000000        0x0 ./Project_Settings/Startup_Code/system_ARMCM7.o
 .text.SystemCoreClockUpdate
                0x00000000       0x1c ./Project_Settings/Startup_Code/system_ARMCM7.o
 .debug_macro   0x00000000      0xa66 ./Project_Settings/Startup_Code/system_ARMCM7.o
 .debug_macro   0x00000000       0x16 ./Project_Settings/Startup_Code/system_ARMCM7.o
 .debug_macro   0x00000000       0x22 ./Project_Settings/Startup_Code/system_ARMCM7.o
 .debug_macro   0x00000000       0x8e ./Project_Settings/Startup_Code/system_ARMCM7.o
 .debug_macro   0x00000000       0x51 ./Project_Settings/Startup_Code/system_ARMCM7.o
 .debug_macro   0x00000000      0x103 ./Project_Settings/Startup_Code/system_ARMCM7.o
 .debug_macro   0x00000000       0x6a ./Project_Settings/Startup_Code/system_ARMCM7.o
 .debug_macro   0x00000000      0x1df ./Project_Settings/Startup_Code/system_ARMCM7.o
 .debug_macro   0x00000000       0x7c ./Project_Settings/Startup_Code/system_ARMCM7.o
 .debug_macro   0x00000000       0x1c ./Project_Settings/Startup_Code/system_ARMCM7.o
 .debug_macro   0x00000000       0x1c ./Project_Settings/Startup_Code/system_ARMCM7.o
 .debug_macro   0x00000000       0x22 ./Project_Settings/Startup_Code/system_ARMCM7.o
 .debug_macro   0x00000000      0x116 ./Project_Settings/Startup_Code/system_ARMCM7.o
 .debug_macro   0x00000000     0x1305 ./Project_Settings/Startup_Code/system_ARMCM7.o
 .debug_macro   0x00000000      0x11f ./Project_Settings/Startup_Code/system_ARMCM7.o
 .debug_macro   0x00000000       0x27 ./Project_Settings/Startup_Code/system_ARMCM7.o
 .group         0x00000000        0xc ./src/main.o
 .group         0x00000000        0xc ./src/main.o
 .group         0x00000000        0xc ./src/main.o
 .group         0x00000000        0xc ./src/main.o
 .group         0x00000000        0xc ./src/main.o
 .group         0x00000000        0xc ./src/main.o
 .group         0x00000000        0xc ./src/main.o
 .group         0x00000000        0xc ./src/main.o
 .group         0x00000000        0xc ./src/main.o
 .group         0x00000000        0xc ./src/main.o
 .group         0x00000000        0xc ./src/main.o
 .group         0x00000000        0xc ./src/main.o
 .group         0x00000000        0xc ./src/main.o
 .group         0x00000000        0xc ./src/main.o
 .group         0x00000000        0xc ./src/main.o
 .group         0x00000000        0xc ./src/main.o
 .group         0x00000000        0xc ./src/main.o
 .group         0x00000000        0xc ./src/main.o
 .group         0x00000000        0xc ./src/main.o
 .group         0x00000000        0xc ./src/main.o
 .group         0x00000000        0xc ./src/main.o
 .group         0x00000000        0xc ./src/main.o
 .group         0x00000000        0xc ./src/main.o
 .group         0x00000000        0xc ./src/main.o
 .group         0x00000000        0xc ./src/main.o
 .group         0x00000000        0xc ./src/main.o
 .group         0x00000000        0xc ./src/main.o
 .group         0x00000000        0xc ./src/main.o
 .group         0x00000000        0xc ./src/main.o
 .group         0x00000000        0xc ./src/main.o
 .group         0x00000000        0xc ./src/main.o
 .group         0x00000000        0xc ./src/main.o
 .group         0x00000000        0xc ./src/main.o
 .group         0x00000000        0xc ./src/main.o
 .group         0x00000000        0xc ./src/main.o
 .group         0x00000000        0xc ./src/main.o
 .group         0x00000000        0xc ./src/main.o
 .group         0x00000000        0xc ./src/main.o
 .group         0x00000000        0xc ./src/main.o
 .group         0x00000000        0xc ./src/main.o
 .group         0x00000000        0xc ./src/main.o
 .group         0x00000000        0xc ./src/main.o
 .group         0x00000000        0xc ./src/main.o
 .group         0x00000000        0xc ./src/main.o
 .group         0x00000000        0xc ./src/main.o
 .group         0x00000000        0xc ./src/main.o
 .group         0x00000000        0xc ./src/main.o
 .group         0x00000000        0xc ./src/main.o
 .group         0x00000000        0xc ./src/main.o
 .group         0x00000000        0xc ./src/main.o
 .group         0x00000000        0xc ./src/main.o
 .group         0x00000000        0xc ./src/main.o
 .group         0x00000000        0xc ./src/main.o
 .group         0x00000000        0xc ./src/main.o
 .group         0x00000000        0xc ./src/main.o
 .group         0x00000000        0xc ./src/main.o
 .group         0x00000000        0xc ./src/main.o
 .group         0x00000000        0xc ./src/main.o
 .group         0x00000000        0xc ./src/main.o
 .group         0x00000000        0xc ./src/main.o
 .group         0x00000000        0xc ./src/main.o
 .group         0x00000000        0xc ./src/main.o
 .group         0x00000000        0xc ./src/main.o
 .group         0x00000000        0xc ./src/main.o
 .group         0x00000000        0xc ./src/main.o
 .group         0x00000000        0xc ./src/main.o
 .group         0x00000000        0xc ./src/main.o
 .group         0x00000000        0xc ./src/main.o
 .group         0x00000000        0xc ./src/main.o
 .group         0x00000000        0xc ./src/main.o
 .text          0x00000000        0x0 ./src/main.o
 .data          0x00000000        0x0 ./src/main.o
 .bss           0x00000000        0x0 ./src/main.o
 .debug_macro   0x00000000      0xa66 ./src/main.o
 .debug_macro   0x00000000       0x16 ./src/main.o
 .debug_macro   0x00000000       0x22 ./src/main.o
 .debug_macro   0x00000000       0x8e ./src/main.o
 .debug_macro   0x00000000       0x51 ./src/main.o
 .debug_macro   0x00000000      0x103 ./src/main.o
 .debug_macro   0x00000000       0x6a ./src/main.o
 .debug_macro   0x00000000      0x1df ./src/main.o
 .debug_macro   0x00000000       0x7c ./src/main.o
 .debug_macro   0x00000000      0xa20 ./src/main.o
 .debug_macro   0x00000000     0x10a6 ./src/main.o
 .debug_macro   0x00000000      0x180 ./src/main.o
 .debug_macro   0x00000000       0xf8 ./src/main.o
 .debug_macro   0x00000000      0x370 ./src/main.o
 .debug_macro   0x00000000      0x158 ./src/main.o
 .debug_macro   0x00000000      0xd4e ./src/main.o
 .debug_macro   0x00000000     0x2311 ./src/main.o
 .debug_macro   0x00000000       0x8e ./src/main.o
 .debug_macro   0x00000000     0xd22d ./src/main.o
 .debug_macro   0x00000000      0x2ea ./src/main.o
 .debug_macro   0x00000000      0xe49 ./src/main.o
 .debug_macro   0x00000000     0x71b5 ./src/main.o
 .debug_macro   0x00000000      0xbaa ./src/main.o
 .debug_macro   0x00000000      0xd69 ./src/main.o
 .debug_macro   0x00000000      0xb4d ./src/main.o
 .debug_macro   0x00000000       0x5c ./src/main.o
 .debug_macro   0x00000000      0xad5 ./src/main.o
 .debug_macro   0x00000000     0x1531 ./src/main.o
 .debug_macro   0x00000000      0x867 ./src/main.o
 .debug_macro   0x00000000       0xcc ./src/main.o
 .debug_macro   0x00000000       0xd6 ./src/main.o
 .debug_macro   0x00000000      0x105 ./src/main.o
 .debug_macro   0x00000000      0x507 ./src/main.o
 .debug_macro   0x00000000      0x779 ./src/main.o
 .debug_macro   0x00000000      0xe1f ./src/main.o
 .debug_macro   0x00000000      0x93f ./src/main.o
 .debug_macro   0x00000000      0xd53 ./src/main.o
 .debug_macro   0x00000000      0x2ce ./src/main.o
 .debug_macro   0x00000000     0x1095 ./src/main.o
 .debug_macro   0x00000000     0x1fad ./src/main.o
 .debug_macro   0x00000000      0x4f8 ./src/main.o
 .debug_macro   0x00000000      0x274 ./src/main.o
 .debug_macro   0x00000000      0x9d3 ./src/main.o
 .debug_macro   0x00000000     0x15b6 ./src/main.o
 .debug_macro   0x00000000      0x4b9 ./src/main.o
 .debug_macro   0x00000000      0x242 ./src/main.o
 .debug_macro   0x00000000      0x20a ./src/main.o
 .debug_macro   0x00000000      0x3f9 ./src/main.o
 .debug_macro   0x00000000       0x6a ./src/main.o
 .debug_macro   0x00000000      0xbb5 ./src/main.o
 .debug_macro   0x00000000       0x47 ./src/main.o
 .debug_macro   0x00000000      0x23b ./src/main.o
 .debug_macro   0x00000000      0xb27 ./src/main.o
 .debug_macro   0x00000000      0x2d8 ./src/main.o
 .debug_macro   0x00000000       0x94 ./src/main.o
 .debug_macro   0x00000000       0xf2 ./src/main.o
 .debug_macro   0x00000000       0x5d ./src/main.o
 .debug_macro   0x00000000     0x7bf9 ./src/main.o
 .debug_macro   0x00000000      0xf35 ./src/main.o
 .debug_macro   0x00000000       0xfe ./src/main.o
 .debug_macro   0x00000000      0x2c8 ./src/main.o
 .debug_macro   0x00000000       0x78 ./src/main.o
 .debug_macro   0x00000000       0xb2 ./src/main.o
 .debug_macro   0x00000000      0x1cf ./src/main.o
 .debug_macro   0x00000000      0x56e ./src/main.o
 .debug_macro   0x00000000      0x3f8 ./src/main.o
 .debug_macro   0x00000000      0x338 ./src/main.o
 .debug_macro   0x00000000      0x4c8 ./src/main.o
 .debug_macro   0x00000000      0xc87 ./src/main.o
 .text          0x00000000        0x0 c:/nxp/s32ds.3.5/s32ds/build_tools/gcc_v10.2/gcc-10.2-arm32-eabi/bin/../lib/gcc/arm-none-eabi/10.2.0/../../../../arm-none-eabi/lib/thumb/v7e-m/nofp\libc.a(lib_a-exit.o)
 .data          0x00000000        0x0 c:/nxp/s32ds.3.5/s32ds/build_tools/gcc_v10.2/gcc-10.2-arm32-eabi/bin/../lib/gcc/arm-none-eabi/10.2.0/../../../../arm-none-eabi/lib/thumb/v7e-m/nofp\libc.a(lib_a-exit.o)
 .bss           0x00000000        0x0 c:/nxp/s32ds.3.5/s32ds/build_tools/gcc_v10.2/gcc-10.2-arm32-eabi/bin/../lib/gcc/arm-none-eabi/10.2.0/../../../../arm-none-eabi/lib/thumb/v7e-m/nofp\libc.a(lib_a-exit.o)
 .text          0x00000000        0x0 c:/nxp/s32ds.3.5/s32ds/build_tools/gcc_v10.2/gcc-10.2-arm32-eabi/bin/../lib/gcc/arm-none-eabi/10.2.0/../../../../arm-none-eabi/lib/thumb/v7e-m/nofp\libc.a(lib_a-impure.o)
 .data          0x00000000        0x0 c:/nxp/s32ds.3.5/s32ds/build_tools/gcc_v10.2/gcc-10.2-arm32-eabi/bin/../lib/gcc/arm-none-eabi/10.2.0/../../../../arm-none-eabi/lib/thumb/v7e-m/nofp\libc.a(lib_a-impure.o)
 .bss           0x00000000        0x0 c:/nxp/s32ds.3.5/s32ds/build_tools/gcc_v10.2/gcc-10.2-arm32-eabi/bin/../lib/gcc/arm-none-eabi/10.2.0/../../../../arm-none-eabi/lib/thumb/v7e-m/nofp\libc.a(lib_a-impure.o)
 .data._impure_ptr
                0x00000000        0x4 c:/nxp/s32ds.3.5/s32ds/build_tools/gcc_v10.2/gcc-10.2-arm32-eabi/bin/../lib/gcc/arm-none-eabi/10.2.0/../../../../arm-none-eabi/lib/thumb/v7e-m/nofp\libc.a(lib_a-impure.o)
 .text          0x00000000        0x0 c:/nxp/s32ds.3.5/s32ds/build_tools/gcc_v10.2/gcc-10.2-arm32-eabi/bin/../lib/gcc/arm-none-eabi/10.2.0/../../../../arm-none-eabi/lib/thumb/v7e-m/nofp\libc.a(lib_a-init.o)
 .data          0x00000000        0x0 c:/nxp/s32ds.3.5/s32ds/build_tools/gcc_v10.2/gcc-10.2-arm32-eabi/bin/../lib/gcc/arm-none-eabi/10.2.0/../../../../arm-none-eabi/lib/thumb/v7e-m/nofp\libc.a(lib_a-init.o)
 .bss           0x00000000        0x0 c:/nxp/s32ds.3.5/s32ds/build_tools/gcc_v10.2/gcc-10.2-arm32-eabi/bin/../lib/gcc/arm-none-eabi/10.2.0/../../../../arm-none-eabi/lib/thumb/v7e-m/nofp\libc.a(lib_a-init.o)
 .text          0x00000000        0x0 c:/nxp/s32ds.3.5/s32ds/build_tools/gcc_v10.2/gcc-10.2-arm32-eabi/bin/../lib/gcc/arm-none-eabi/10.2.0/../../../../arm-none-eabi/lib/thumb/v7e-m/nofp\libc.a(lib_a-memset.o)
 .data          0x00000000        0x0 c:/nxp/s32ds.3.5/s32ds/build_tools/gcc_v10.2/gcc-10.2-arm32-eabi/bin/../lib/gcc/arm-none-eabi/10.2.0/../../../../arm-none-eabi/lib/thumb/v7e-m/nofp\libc.a(lib_a-memset.o)
 .bss           0x00000000        0x0 c:/nxp/s32ds.3.5/s32ds/build_tools/gcc_v10.2/gcc-10.2-arm32-eabi/bin/../lib/gcc/arm-none-eabi/10.2.0/../../../../arm-none-eabi/lib/thumb/v7e-m/nofp\libc.a(lib_a-memset.o)
 .text          0x00000000        0x0 c:/nxp/s32ds.3.5/s32ds/build_tools/gcc_v10.2/gcc-10.2-arm32-eabi/bin/../lib/gcc/arm-none-eabi/10.2.0/../../../../arm-none-eabi/lib/thumb/v7e-m/nofp\libc.a(lib_a-__call_atexit.o)
 .data          0x00000000        0x0 c:/nxp/s32ds.3.5/s32ds/build_tools/gcc_v10.2/gcc-10.2-arm32-eabi/bin/../lib/gcc/arm-none-eabi/10.2.0/../../../../arm-none-eabi/lib/thumb/v7e-m/nofp\libc.a(lib_a-__call_atexit.o)
 .bss           0x00000000        0x0 c:/nxp/s32ds.3.5/s32ds/build_tools/gcc_v10.2/gcc-10.2-arm32-eabi/bin/../lib/gcc/arm-none-eabi/10.2.0/../../../../arm-none-eabi/lib/thumb/v7e-m/nofp\libc.a(lib_a-__call_atexit.o)
 .text          0x00000000        0x0 c:/nxp/s32ds.3.5/s32ds/build_tools/gcc_v10.2/gcc-10.2-arm32-eabi/bin/../lib/gcc/arm-none-eabi/10.2.0/../../../../arm-none-eabi/lib/thumb/v7e-m/nofp\libc.a(lib_a-fini.o)
 .data          0x00000000        0x0 c:/nxp/s32ds.3.5/s32ds/build_tools/gcc_v10.2/gcc-10.2-arm32-eabi/bin/../lib/gcc/arm-none-eabi/10.2.0/../../../../arm-none-eabi/lib/thumb/v7e-m/nofp\libc.a(lib_a-fini.o)
 .bss           0x00000000        0x0 c:/nxp/s32ds.3.5/s32ds/build_tools/gcc_v10.2/gcc-10.2-arm32-eabi/bin/../lib/gcc/arm-none-eabi/10.2.0/../../../../arm-none-eabi/lib/thumb/v7e-m/nofp\libc.a(lib_a-fini.o)
 .text          0x00000000        0x0 c:/nxp/s32ds.3.5/s32ds/build_tools/gcc_v10.2/gcc-10.2-arm32-eabi/bin/../lib/gcc/arm-none-eabi/10.2.0/../../../../arm-none-eabi/lib/thumb/v7e-m/nofp\libc.a(lib_a-atexit.o)
 .data          0x00000000        0x0 c:/nxp/s32ds.3.5/s32ds/build_tools/gcc_v10.2/gcc-10.2-arm32-eabi/bin/../lib/gcc/arm-none-eabi/10.2.0/../../../../arm-none-eabi/lib/thumb/v7e-m/nofp\libc.a(lib_a-atexit.o)
 .bss           0x00000000        0x0 c:/nxp/s32ds.3.5/s32ds/build_tools/gcc_v10.2/gcc-10.2-arm32-eabi/bin/../lib/gcc/arm-none-eabi/10.2.0/../../../../arm-none-eabi/lib/thumb/v7e-m/nofp\libc.a(lib_a-atexit.o)
 .text          0x00000000        0x0 c:/nxp/s32ds.3.5/s32ds/build_tools/gcc_v10.2/gcc-10.2-arm32-eabi/bin/../lib/gcc/arm-none-eabi/10.2.0/../../../../arm-none-eabi/lib/thumb/v7e-m/nofp\libc.a(lib_a-__atexit.o)
 .data          0x00000000        0x0 c:/nxp/s32ds.3.5/s32ds/build_tools/gcc_v10.2/gcc-10.2-arm32-eabi/bin/../lib/gcc/arm-none-eabi/10.2.0/../../../../arm-none-eabi/lib/thumb/v7e-m/nofp\libc.a(lib_a-__atexit.o)
 .bss           0x00000000        0x0 c:/nxp/s32ds.3.5/s32ds/build_tools/gcc_v10.2/gcc-10.2-arm32-eabi/bin/../lib/gcc/arm-none-eabi/10.2.0/../../../../arm-none-eabi/lib/thumb/v7e-m/nofp\libc.a(lib_a-__atexit.o)
 .text          0x00000000        0x0 c:/nxp/s32ds.3.5/s32ds/build_tools/gcc_v10.2/gcc-10.2-arm32-eabi/bin/../lib/gcc/arm-none-eabi/10.2.0/../../../../arm-none-eabi/lib/thumb/v7e-m/nofp\libnosys.a(_exit.o)
 .data          0x00000000        0x0 c:/nxp/s32ds.3.5/s32ds/build_tools/gcc_v10.2/gcc-10.2-arm32-eabi/bin/../lib/gcc/arm-none-eabi/10.2.0/../../../../arm-none-eabi/lib/thumb/v7e-m/nofp\libnosys.a(_exit.o)
 .bss           0x00000000        0x0 c:/nxp/s32ds.3.5/s32ds/build_tools/gcc_v10.2/gcc-10.2-arm32-eabi/bin/../lib/gcc/arm-none-eabi/10.2.0/../../../../arm-none-eabi/lib/thumb/v7e-m/nofp\libnosys.a(_exit.o)
 .text          0x00000000        0x0 c:/nxp/s32ds.3.5/s32ds/build_tools/gcc_v10.2/gcc-10.2-arm32-eabi/bin/../lib/gcc/arm-none-eabi/10.2.0/thumb/v7e-m/nofp/crtend.o
 .data          0x00000000        0x0 c:/nxp/s32ds.3.5/s32ds/build_tools/gcc_v10.2/gcc-10.2-arm32-eabi/bin/../lib/gcc/arm-none-eabi/10.2.0/thumb/v7e-m/nofp/crtend.o
 .bss           0x00000000        0x0 c:/nxp/s32ds.3.5/s32ds/build_tools/gcc_v10.2/gcc-10.2-arm32-eabi/bin/../lib/gcc/arm-none-eabi/10.2.0/thumb/v7e-m/nofp/crtend.o
 .text          0x00000000        0x0 c:/nxp/s32ds.3.5/s32ds/build_tools/gcc_v10.2/gcc-10.2-arm32-eabi/bin/../lib/gcc/arm-none-eabi/10.2.0/thumb/v7e-m/nofp/crtn.o
 .data          0x00000000        0x0 c:/nxp/s32ds.3.5/s32ds/build_tools/gcc_v10.2/gcc-10.2-arm32-eabi/bin/../lib/gcc/arm-none-eabi/10.2.0/thumb/v7e-m/nofp/crtn.o
 .bss           0x00000000        0x0 c:/nxp/s32ds.3.5/s32ds/build_tools/gcc_v10.2/gcc-10.2-arm32-eabi/bin/../lib/gcc/arm-none-eabi/10.2.0/thumb/v7e-m/nofp/crtn.o

Memory Configuration

Name             Origin             Length             Attributes
ITCM             0x00000000         0x00010000         xrw
PFLASH           0x004420c0         0x00091f40         xr
DFLASH           0x10000000         0x00020000         xr
DTCM             0x20000000         0x00020000         rw
SRAM0_STDBY      0x20400000         0x00008000         rw
SRAM             0x20408000         0x00048000         rw
*default*        0x00000000         0xffffffff

Linker script and memory map

LOAD c:/nxp/s32ds.3.5/s32ds/build_tools/gcc_v10.2/gcc-10.2-arm32-eabi/bin/../lib/gcc/arm-none-eabi/10.2.0/thumb/v7e-m/nofp/crti.o
LOAD c:/nxp/s32ds.3.5/s32ds/build_tools/gcc_v10.2/gcc-10.2-arm32-eabi/bin/../lib/gcc/arm-none-eabi/10.2.0/thumb/v7e-m/nofp/crtbegin.o
LOAD c:/nxp/s32ds.3.5/s32ds/build_tools/gcc_v10.2/gcc-10.2-arm32-eabi/bin/../lib/gcc/arm-none-eabi/10.2.0/../../../../arm-none-eabi/lib/thumb/v7e-m/nofp/crt0.o
LOAD ./Project_Settings/Startup_Code/boot_header.o
LOAD ./Project_Settings/Startup_Code/startup_ARMCM7.o
LOAD ./Project_Settings/Startup_Code/system_ARMCM7.o
LOAD ./src/main.o
START GROUP
LOAD c:/nxp/s32ds.3.5/s32ds/build_tools/gcc_v10.2/gcc-10.2-arm32-eabi/bin/../lib/gcc/arm-none-eabi/10.2.0/thumb/v7e-m/nofp\libgcc.a
LOAD c:/nxp/s32ds.3.5/s32ds/build_tools/gcc_v10.2/gcc-10.2-arm32-eabi/bin/../lib/gcc/arm-none-eabi/10.2.0/../../../../arm-none-eabi/lib/thumb/v7e-m/nofp\libc.a
END GROUP
START GROUP
LOAD c:/nxp/s32ds.3.5/s32ds/build_tools/gcc_v10.2/gcc-10.2-arm32-eabi/bin/../lib/gcc/arm-none-eabi/10.2.0/thumb/v7e-m/nofp\libgcc.a
LOAD c:/nxp/s32ds.3.5/s32ds/build_tools/gcc_v10.2/gcc-10.2-arm32-eabi/bin/../lib/gcc/arm-none-eabi/10.2.0/../../../../arm-none-eabi/lib/thumb/v7e-m/nofp\libc.a
LOAD c:/nxp/s32ds.3.5/s32ds/build_tools/gcc_v10.2/gcc-10.2-arm32-eabi/bin/../lib/gcc/arm-none-eabi/10.2.0/../../../../arm-none-eabi/lib/thumb/v7e-m/nofp\libnosys.a
END GROUP
LOAD c:/nxp/s32ds.3.5/s32ds/build_tools/gcc_v10.2/gcc-10.2-arm32-eabi/bin/../lib/gcc/arm-none-eabi/10.2.0/thumb/v7e-m/nofp/crtend.o
LOAD c:/nxp/s32ds.3.5/s32ds/build_tools/gcc_v10.2/gcc-10.2-arm32-eabi/bin/../lib/gcc/arm-none-eabi/10.2.0/thumb/v7e-m/nofp/crtn.o
                0x00001000                __STACK_SIZE = 0x1000
                0x00001000                __HEAP_SIZE = 0x1000

.text           0x004420c0      0x8bc
 *(._app_boot_header)
 ._app_boot_header
                0x004420c0       0x40 ./src/main.o
                0x004420c0                app_header
                0x00442100                . = ALIGN (0x40)
                0x00442100                __text_start = .
 *(.vectors)
 .vectors       0x00442100      0x3c0 ./Project_Settings/Startup_Code/startup_ARMCM7.o
                0x00442100                __Vectors
 *(.text*)
 .text          0x004424c0       0x88 c:/nxp/s32ds.3.5/s32ds/build_tools/gcc_v10.2/gcc-10.2-arm32-eabi/bin/../lib/gcc/arm-none-eabi/10.2.0/thumb/v7e-m/nofp/crtbegin.o
 .text          0x00442548       0x7c c:/nxp/s32ds.3.5/s32ds/build_tools/gcc_v10.2/gcc-10.2-arm32-eabi/bin/../lib/gcc/arm-none-eabi/10.2.0/../../../../arm-none-eabi/lib/thumb/v7e-m/nofp/crt0.o
                0x00442548                _stack_init
                0x00442550                _start
                0x00442550                _mainCRTStartup
 *fill*         0x004425c4        0x4 
 .text.Reset_Handler
                0x004425c8      0x108 ./Project_Settings/Startup_Code/startup_ARMCM7.o
                0x004425c8                Reset_Handler
 .text.Default_Handler
                0x004426d0        0x6 ./Project_Settings/Startup_Code/startup_ARMCM7.o
                0x004426d0                DMATCD7_Handler
                0x004426d0                DebugMon_Handler
                0x004426d0                FlexCAN3_0_Handler
                0x004426d0                FlexCAN1_1_Handler
                0x004426d0                LPUART14_Handler
                0x004426d0                HardFault_Handler
                0x004426d0                FlexCAN0_0_Handler
                0x004426d0                DMATCD24_Handler
                0x004426d0                SIUL_2_Handler
                0x004426d0                ENET_1_Handler
                0x004426d0                PIT2_Handler
                0x004426d0                SysTick_Handler
                0x004426d0                LPUART13_Handler
                0x004426d0                INT0_Handler
                0x004426d0                DMATCD11_Handler
                0x004426d0                PendSV_Handler
                0x004426d0                NMI_Handler
                0x004426d0                SAI1_Handler
                0x004426d0                DMATCD21_Handler
                0x004426d0                LPCMP0_Handler
                0x004426d0                ENET_3_Handler
                0x004426d0                EMIOS2_5_Handler
                0x004426d0                LPI2C1_Handler
                0x004426d0                DMATCD15_Handler
                0x004426d0                QSPI_Handler
                0x004426d0                HSE_B_4_Handler
                0x004426d0                FlexCAN0_3_Handler
                0x004426d0                EMIOS0_5_Handler
                0x004426d0                CMU0_Handler
                0x004426d0                EMIOS2_4_Handler
                0x004426d0                DMATCD16_Handler
                0x004426d0                WKPU_Handler
                0x004426d0                SIUL_3_Handler
                0x004426d0                DMATCD19_Handler
                0x004426d0                LPUART4_Handler
                0x004426d0                LPUART5_Handler
                0x004426d0                LCU0_Handler
                0x004426d0                BCTU_Handler
                0x004426d0                HSE_B_1_Handler
                0x004426d0                DMATCD20_Handler
                0x004426d0                PIT1_Handler
                0x004426d0                FlexCAN2_1_Handler
                0x004426d0                FlexCAN3_1_Handler
                0x004426d0                ERM_0_Handler
                0x004426d0                EMIOS1_2_Handler
                0x004426d0                RTC_Handler
                0x004426d0                UsageFault_Handler
                0x004426d0                ADC1_Handler
                0x004426d0                DMATCD23_Handler
                0x004426d0                DMATCD26_Handler
                0x004426d0                EMIOS1_6_Handler
                0x004426d0                FLASH_1_Handler
                0x004426d0                LPUART9_Handler
                0x004426d0                HSE_B_3_Handler
                0x004426d0                LPSPI2_Handler
                0x004426d0                FCCU_0_Handler
                0x004426d0                DMATCD1_Handler
                0x004426d0                CMU1_Handler
                0x004426d0                DMATCD9_Handler
                0x004426d0                LPSPI3_Handler
                0x004426d0                HSE_B_2_Handler
                0x004426d0                LPUART8_Handler
                0x004426d0                DMATCD30_Handler
                0x004426d0                DMATCD8_Handler
                0x004426d0                DMATCD5_Handler
                0x004426d0                LPUART6_Handler
                0x004426d0                EMIOS0_2_Handler
                0x004426d0                DMATCD10_Handler
                0x004426d0                EMIOS1_7_Handler
                0x004426d0                EMIOS1_3_Handler
                0x004426d0                STM1_Handler
                0x004426d0                LPUART3_Handler
                0x004426d0                DMATCD0_Handler
                0x004426d0                FLEXIO_Handler
                0x004426d0                PIT0_Handler
                0x004426d0                DMATCD2_Handler
                0x004426d0                LPUART10_Handler
                0x004426d0                EMIOS0_3_Handler
                0x004426d0                Default_Handler
                0x004426d0                LPUART1_Handler
                0x004426d0                CMU2_Handler
                0x004426d0                INT2_Handler
                0x004426d0                EMIOS0_6_Handler
                0x004426d0                FlexCAN5_1_Handler
                0x004426d0                PMC_Handler
                0x004426d0                SWT1_Handler
                0x004426d0                FlexCAN4_0_Handler
                0x004426d0                ENET_2_Handler
                0x004426d0                LPUART15_Handler
                0x004426d0                DMATCD28_Handler
                0x004426d0                FCCU_1_Handler
                0x004426d0                EMIOS1_4_Handler
                0x004426d0                DMATCD4_Handler
                0x004426d0                DMATCD22_Handler
                0x004426d0                STM0_Handler
                0x004426d0                ADC0_Handler
                0x004426d0                MemManage_Handler
                0x004426d0                DMATCD13_Handler
                0x004426d0                DMATCD12_Handler
                0x004426d0                HSE_B_0_Handler
                0x004426d0                EMIOS1_5_Handler
                0x004426d0                LCU1_Handler
                0x004426d0                FlexCAN4_1_Handler
                0x004426d0                INT1_Handler
                0x004426d0                FLASH_0_Handler
                0x004426d0                MCM_Handler
                0x004426d0                MU_A_2_Handler
                0x004426d0                SWT0_Handler
                0x004426d0                EMIOS0_4_Handler
                0x004426d0                LPCMP1_Handler
                0x004426d0                EMIOS2_6_Handler
                0x004426d0                LPUART0_Handler
                0x004426d0                LPUART12_Handler
                0x004426d0                FlexCAN0_1_Handler
                0x004426d0                DMATCD18_Handler
                0x004426d0                MU_A_0_Handler
                0x004426d0                MU_A_1_Handler
                0x004426d0                DMATCD31_Handler
                0x004426d0                SAI0_Handler
                0x004426d0                MU_B_2_Handler
                0x004426d0                SIUL_0_Handler
                0x004426d0                MU_B_0_Handler
                0x004426d0                JDC_Handler
                0x004426d0                DMATCD27_Handler
                0x004426d0                LPUART11_Handler
                0x004426d0                FlexCAN0_2_Handler
                0x004426d0                DMATCD14_Handler
                0x004426d0                HSE_B_5_Handler
                0x004426d0                EMIOS2_7_Handler
                0x004426d0                DMATCD6_Handler
                0x004426d0                DMATCD17_Handler
                0x004426d0                LPI2C0_Handler
                0x004426d0                LPUART2_Handler
                0x004426d0                ERM_1_Handler
                0x004426d0                LPUART7_Handler
                0x004426d0                FlexCAN2_0_Handler
                0x004426d0                DMATCD29_Handler
                0x004426d0                LPSPI5_Handler
                0x004426d0                EMIOS2_3_Handler
                0x004426d0                DMATCD25_Handler
                0x004426d0                LPSPI4_Handler
                0x004426d0                LPSPI0_Handler
                0x004426d0                FlexCAN1_0_Handler
                0x004426d0                BusFault_Handler
                0x004426d0                MU_B_1_Handler
                0x004426d0                EMIOS2_2_Handler
                0x004426d0                INT3_Handler
                0x004426d0                RGM_Handler
                0x004426d0                FlexCAN2_2_Handler
                0x004426d0                FLASH_2_Handler
                0x004426d0                LPSPI1_Handler
                0x004426d0                FlexCAN5_0_Handler
                0x004426d0                ADC2_Handler
                0x004426d0                EMIOS0_7_Handler
                0x004426d0                ENET_0_Handler
                0x004426d0                FlexCAN1_2_Handler
                0x004426d0                LPCMP2_Handler
                0x004426d0                DMATCD3_Handler
                0x004426d0                SIUL_1_Handler
 *fill*         0x004426d6        0x2 
 .text.SystemInit
                0x004426d8       0x28 ./Project_Settings/Startup_Code/system_ARMCM7.o
                0x004426d8                SystemInit
 .text.main     0x00442700       0x64 ./src/main.o
                0x00442700                main
 .text.SVC_Handler
                0x00442764       0x2c ./src/main.o
                0x00442764                SVC_Handler
 .text.exit     0x00442790       0x20 c:/nxp/s32ds.3.5/s32ds/build_tools/gcc_v10.2/gcc-10.2-arm32-eabi/bin/../lib/gcc/arm-none-eabi/10.2.0/../../../../arm-none-eabi/lib/thumb/v7e-m/nofp\libc.a(lib_a-exit.o)
                0x00442790                exit
 .text.__libc_init_array
                0x004427b0       0x48 c:/nxp/s32ds.3.5/s32ds/build_tools/gcc_v10.2/gcc-10.2-arm32-eabi/bin/../lib/gcc/arm-none-eabi/10.2.0/../../../../arm-none-eabi/lib/thumb/v7e-m/nofp\libc.a(lib_a-init.o)
                0x004427b0                __libc_init_array
 .text.memset   0x004427f8       0x10 c:/nxp/s32ds.3.5/s32ds/build_tools/gcc_v10.2/gcc-10.2-arm32-eabi/bin/../lib/gcc/arm-none-eabi/10.2.0/../../../../arm-none-eabi/lib/thumb/v7e-m/nofp\libc.a(lib_a-memset.o)
                0x004427f8                memset
 .text.startup.register_fini
                0x00442808       0x14 c:/nxp/s32ds.3.5/s32ds/build_tools/gcc_v10.2/gcc-10.2-arm32-eabi/bin/../lib/gcc/arm-none-eabi/10.2.0/../../../../arm-none-eabi/lib/thumb/v7e-m/nofp\libc.a(lib_a-__call_atexit.o)
 .text.__call_exitprocs
                0x0044281c       0xa4 c:/nxp/s32ds.3.5/s32ds/build_tools/gcc_v10.2/gcc-10.2-arm32-eabi/bin/../lib/gcc/arm-none-eabi/10.2.0/../../../../arm-none-eabi/lib/thumb/v7e-m/nofp\libc.a(lib_a-__call_atexit.o)
                0x0044281c                __call_exitprocs
 .text.__libc_fini_array
                0x004428c0       0x28 c:/nxp/s32ds.3.5/s32ds/build_tools/gcc_v10.2/gcc-10.2-arm32-eabi/bin/../lib/gcc/arm-none-eabi/10.2.0/../../../../arm-none-eabi/lib/thumb/v7e-m/nofp\libc.a(lib_a-fini.o)
                0x004428c0                __libc_fini_array
 .text.atexit   0x004428e8        0xc c:/nxp/s32ds.3.5/s32ds/build_tools/gcc_v10.2/gcc-10.2-arm32-eabi/bin/../lib/gcc/arm-none-eabi/10.2.0/../../../../arm-none-eabi/lib/thumb/v7e-m/nofp\libc.a(lib_a-atexit.o)
                0x004428e8                atexit
 .text.__register_exitproc
                0x004428f4       0x64 c:/nxp/s32ds.3.5/s32ds/build_tools/gcc_v10.2/gcc-10.2-arm32-eabi/bin/../lib/gcc/arm-none-eabi/10.2.0/../../../../arm-none-eabi/lib/thumb/v7e-m/nofp\libc.a(lib_a-__atexit.o)
                0x004428f4                __register_exitproc
 .text._exit    0x00442958        0x2 c:/nxp/s32ds.3.5/s32ds/build_tools/gcc_v10.2/gcc-10.2-arm32-eabi/bin/../lib/gcc/arm-none-eabi/10.2.0/../../../../arm-none-eabi/lib/thumb/v7e-m/nofp\libnosys.a(_exit.o)
                0x00442958                _exit
 *(.init)
 *fill*         0x0044295a        0x2 
 .init          0x0044295c        0x4 c:/nxp/s32ds.3.5/s32ds/build_tools/gcc_v10.2/gcc-10.2-arm32-eabi/bin/../lib/gcc/arm-none-eabi/10.2.0/thumb/v7e-m/nofp/crti.o
                0x0044295c                _init
 .init          0x00442960        0x8 c:/nxp/s32ds.3.5/s32ds/build_tools/gcc_v10.2/gcc-10.2-arm32-eabi/bin/../lib/gcc/arm-none-eabi/10.2.0/thumb/v7e-m/nofp/crtn.o
 *(.fini)
 .fini          0x00442968        0x4 c:/nxp/s32ds.3.5/s32ds/build_tools/gcc_v10.2/gcc-10.2-arm32-eabi/bin/../lib/gcc/arm-none-eabi/10.2.0/thumb/v7e-m/nofp/crti.o
                0x00442968                _fini
 .fini          0x0044296c        0x8 c:/nxp/s32ds.3.5/s32ds/build_tools/gcc_v10.2/gcc-10.2-arm32-eabi/bin/../lib/gcc/arm-none-eabi/10.2.0/thumb/v7e-m/nofp/crtn.o
 *crtbegin.o(.ctors)
 *crtbegin?.o(.ctors)
 *(EXCLUDE_FILE(*crtend.o *crtend?.o) .ctors)
 *(SORT_BY_NAME(.ctors.*))
 *(.ctors)
 *crtbegin.o(.dtors)
 *crtbegin?.o(.dtors)
 *(EXCLUDE_FILE(*crtend.o *crtend?.o) .dtors)
 *(SORT_BY_NAME(.dtors.*))
 *(.dtors)
 *(.rodata*)
 .rodata._global_impure_ptr
                0x00442974        0x4 c:/nxp/s32ds.3.5/s32ds/build_tools/gcc_v10.2/gcc-10.2-arm32-eabi/bin/../lib/gcc/arm-none-eabi/10.2.0/../../../../arm-none-eabi/lib/thumb/v7e-m/nofp\libc.a(lib_a-impure.o)
                0x00442974                _global_impure_ptr
 *(.eh_frame*)
 .eh_frame      0x00442978        0x0 c:/nxp/s32ds.3.5/s32ds/build_tools/gcc_v10.2/gcc-10.2-arm32-eabi/bin/../lib/gcc/arm-none-eabi/10.2.0/thumb/v7e-m/nofp/crtbegin.o
 .eh_frame      0x00442978        0x4 c:/nxp/s32ds.3.5/s32ds/build_tools/gcc_v10.2/gcc-10.2-arm32-eabi/bin/../lib/gcc/arm-none-eabi/10.2.0/thumb/v7e-m/nofp/crtend.o
                0x0044297c                __text_end = .
                0x0000087c                __text_size = (__text_end - __text_start)

.glue_7         0x0044297c        0x0
 .glue_7        0x0044297c        0x0 linker stubs

.glue_7t        0x0044297c        0x0
 .glue_7t       0x0044297c        0x0 linker stubs

.vfp11_veneer   0x0044297c        0x0
 .vfp11_veneer  0x0044297c        0x0 linker stubs

.v4_bx          0x0044297c        0x0
 .v4_bx         0x0044297c        0x0 linker stubs

.iplt           0x0044297c        0x0
 .iplt          0x0044297c        0x0 c:/nxp/s32ds.3.5/s32ds/build_tools/gcc_v10.2/gcc-10.2-arm32-eabi/bin/../lib/gcc/arm-none-eabi/10.2.0/thumb/v7e-m/nofp/crtbegin.o

.ARM.extab
 *(.ARM.extab* .gnu.linkonce.armextab.*)
                0x0044297c                __exidx_start = .

.ARM.exidx      0x0044297c        0x8
 *(.ARM.exidx* .gnu.linkonce.armexidx.*)
 .ARM.exidx     0x0044297c        0x8 c:/nxp/s32ds.3.5/s32ds/build_tools/gcc_v10.2/gcc-10.2-arm32-eabi/bin/../lib/gcc/arm-none-eabi/10.2.0/../../../../arm-none-eabi/lib/thumb/v7e-m/nofp/crt0.o
                                 0x10 (size before relaxing)
                0x00442984                __exidx_end = .

.rel.dyn        0x00442984        0x0
 .rel.iplt      0x00442984        0x0 c:/nxp/s32ds.3.5/s32ds/build_tools/gcc_v10.2/gcc-10.2-arm32-eabi/bin/../lib/gcc/arm-none-eabi/10.2.0/thumb/v7e-m/nofp/crtbegin.o

.ecc.table      0x00442984       0x60
                0x00442984                . = ALIGN (0x4)
                0x00442984                __ecc_table_start__ = .
                0x00442984        0x8 QUAD 0x20408000 __data_start__
                0x0044298c        0x8 QUAD 0x86 ((__data_end__ - __data_start__) / 0x8)
                0x00442994        0x8 QUAD 0x20408430 __bss_start__
                0x0044299c        0x8 QUAD 0x5 ((__bss_end__ - __bss_start__) / 0x8)
                0x004429a4        0x8 QUAD 0x20408458 __HeapTop
                0x004429ac        0x8 QUAD 0x200 ((__HeapLimit - __HeapTop) / 0x8)
                0x004429b4        0x8 QUAD 0x2044f000 __StackLimit
                0x004429bc        0x8 QUAD 0x200 ((__StackTop - __StackLimit) / 0x8)
                0x004429c4        0x8 QUAD 0x0 ORIGIN (ITCM)
                0x004429cc        0x8 QUAD 0x2000 (LENGTH (ITCM) / 0x8)
                0x004429d4        0x8 QUAD 0x20000000 ORIGIN (DTCM)
                0x004429dc        0x8 QUAD 0x4000 (LENGTH (DTCM) / 0x8)
                0x004429e4                __ecc_table_end__ = .

.copy.table     0x004429e4        0xc
                0x004429e4                . = ALIGN (0x4)
                0x004429e4                __copy_table_start__ = .
                0x004429e4        0x4 LONG 0x4429f0 __etext
                0x004429e8        0x4 LONG 0x20408000 __data_start__
                0x004429ec        0x4 LONG 0x10c ((__data_end__ - __data_start__) / 0x4)
                0x004429f0                __copy_table_end__ = .

.zero.table     0x004429f0        0x0
                0x004429f0                . = ALIGN (0x4)
                0x004429f0                __zero_table_start__ = .
                0x004429f0                __zero_table_end__ = .
                0x004429f0                __etext = ALIGN (0x8)

.standby_ram
 *(.standby_ram)

.data           0x20408000      0x430 load address 0x004429f0
                0x20408000                . = ALIGN (0x8)
                0x20408000                __data_start__ = .
 *(vtable)
 *(.data)
 *(.data.*)
 .data.SystemCoreClock
                0x20408000        0x4 ./Project_Settings/Startup_Code/system_ARMCM7.o
                0x20408000                SystemCoreClock
 .data.limit_value
                0x20408004        0x4 ./src/main.o
                0x20408004                limit_value
 .data.impure_data
                0x20408008      0x418 c:/nxp/s32ds.3.5/s32ds/build_tools/gcc_v10.2/gcc-10.2-arm32-eabi/bin/../lib/gcc/arm-none-eabi/10.2.0/../../../../arm-none-eabi/lib/thumb/v7e-m/nofp\libc.a(lib_a-impure.o)
                0x20408420                . = ALIGN (0x4)
                0x20408420                PROVIDE (__preinit_array_start = .)
 *(.preinit_array)
                0x20408420                PROVIDE (__preinit_array_end = .)
                0x20408420                . = ALIGN (0x4)
                0x20408420                PROVIDE (__init_array_start = .)
 *(SORT_BY_NAME(.init_array.*))
 .init_array.00000
                0x20408420        0x4 c:/nxp/s32ds.3.5/s32ds/build_tools/gcc_v10.2/gcc-10.2-arm32-eabi/bin/../lib/gcc/arm-none-eabi/10.2.0/../../../../arm-none-eabi/lib/thumb/v7e-m/nofp\libc.a(lib_a-__call_atexit.o)
 *(.init_array)
 .init_array    0x20408424        0x4 c:/nxp/s32ds.3.5/s32ds/build_tools/gcc_v10.2/gcc-10.2-arm32-eabi/bin/../lib/gcc/arm-none-eabi/10.2.0/thumb/v7e-m/nofp/crtbegin.o
                0x20408428                PROVIDE (__init_array_end = .)
                0x20408428                . = ALIGN (0x4)
                0x20408428                PROVIDE (__fini_array_start = .)
 *(SORT_BY_NAME(.fini_array.*))
 *(.fini_array)
 .fini_array    0x20408428        0x4 c:/nxp/s32ds.3.5/s32ds/build_tools/gcc_v10.2/gcc-10.2-arm32-eabi/bin/../lib/gcc/arm-none-eabi/10.2.0/thumb/v7e-m/nofp/crtbegin.o
                0x2040842c                PROVIDE (__fini_array_end = .)
 *(.jcr*)
                0x20408430                . = ALIGN (0x8)
 *fill*         0x2040842c        0x4 
                0x20408430                __data_end__ = .

.tm_clone_table
                0x20408430        0x0 load address 0x00442e20
 .tm_clone_table
                0x20408430        0x0 c:/nxp/s32ds.3.5/s32ds/build_tools/gcc_v10.2/gcc-10.2-arm32-eabi/bin/../lib/gcc/arm-none-eabi/10.2.0/thumb/v7e-m/nofp/crtbegin.o
 .tm_clone_table
                0x20408430        0x0 c:/nxp/s32ds.3.5/s32ds/build_tools/gcc_v10.2/gcc-10.2-arm32-eabi/bin/../lib/gcc/arm-none-eabi/10.2.0/thumb/v7e-m/nofp/crtend.o

.igot.plt       0x20408430        0x0 load address 0x00442e20
 .igot.plt      0x20408430        0x0 c:/nxp/s32ds.3.5/s32ds/build_tools/gcc_v10.2/gcc-10.2-arm32-eabi/bin/../lib/gcc/arm-none-eabi/10.2.0/thumb/v7e-m/nofp/crtbegin.o

.bss            0x20408430       0x28 load address 0x00442e20
                0x20408430                . = ALIGN (0x8)
                0x20408430                __bss_start__ = .
 *(.bss)
 .bss           0x20408430       0x1c c:/nxp/s32ds.3.5/s32ds/build_tools/gcc_v10.2/gcc-10.2-arm32-eabi/bin/../lib/gcc/arm-none-eabi/10.2.0/thumb/v7e-m/nofp/crtbegin.o
 *(.bss.*)
 .bss.counter   0x2040844c        0x4 ./src/main.o
                0x2040844c                counter
 .bss.accumulator
                0x20408450        0x4 ./src/main.o
                0x20408450                accumulator
 *(COMMON)
                0x20408458                . = ALIGN (0x8)
 *fill*         0x20408454        0x4 
                0x20408458                __bss_end__ = .

.heap           0x20408458     0x1000
                0x20408458                . = ALIGN (0x8)
                0x20408458                __HeapTop = .
                0x20408458                __end__ = .
                0x20408458                _end = .
                [!provide]                PROVIDE (end = .)
                0x20409458                . = (. + __HEAP_SIZE)
 *fill*         0x20408458     0x1000 
                0x20409458                . = ALIGN (0x8)
                0x20409458                __HeapLimit = .

.stack          0x2044f000     0x1000
                0x2044f000                . = ALIGN (0x8)
                0x2044f000                __StackLimit = .
                0x20450000                . = (. + __STACK_SIZE)
 *fill*         0x2044f000     0x1000 
                0x20450000                . = ALIGN (0x8)
                0x20450000                __StackTop = .
                0x20450000                PROVIDE (__stack = __StackTop)
                0x00000001                ASSERT ((__StackLimit >= __HeapLimit), region RAM overflowed with stack)
                0x004420c0                CM7_START_ADDRESS = ORIGIN (PFLASH)
                0x20400000                __STDBYRAM_START = ORIGIN (SRAM0_STDBY)
                0x00008000                __STDBYRAM_SIZE = LENGTH (SRAM0_STDBY)
OUTPUT(S32K344_SecureBoot_AppBL.elf elf32-littlearm)
LOAD linker stubs

.ARM.attributes
                0x00000000       0x2a
 .ARM.attributes
                0x00000000       0x1e c:/nxp/s32ds.3.5/s32ds/build_tools/gcc_v10.2/gcc-10.2-arm32-eabi/bin/../lib/gcc/arm-none-eabi/10.2.0/thumb/v7e-m/nofp/crti.o
 .ARM.attributes
                0x0000001e       0x2e c:/nxp/s32ds.3.5/s32ds/build_tools/gcc_v10.2/gcc-10.2-arm32-eabi/bin/../lib/gcc/arm-none-eabi/10.2.0/thumb/v7e-m/nofp/crtbegin.o
 .ARM.attributes
                0x0000004c       0x1c c:/nxp/s32ds.3.5/s32ds/build_tools/gcc_v10.2/gcc-10.2-arm32-eabi/bin/../lib/gcc/arm-none-eabi/10.2.0/../../../../arm-none-eabi/lib/thumb/v7e-m/nofp/crt0.o
 .ARM.attributes
                0x00000068       0x2e ./Project_Settings/Startup_Code/startup_ARMCM7.o
 .ARM.attributes
                0x00000096       0x2e ./Project_Settings/Startup_Code/system_ARMCM7.o
 .ARM.attributes
                0x000000c4       0x2e ./src/main.o
 .ARM.attributes
                0x000000f2       0x2e c:/nxp/s32ds.3.5/s32ds/build_tools/gcc_v10.2/gcc-10.2-arm32-eabi/bin/../lib/gcc/arm-none-eabi/10.2.0/../../../../arm-none-eabi/lib/thumb/v7e-m/nofp\libc.a(lib_a-exit.o)
 .ARM.attributes
                0x00000120       0x2e c:/nxp/s32ds.3.5/s32ds/build_tools/gcc_v10.2/gcc-10.2-arm32-eabi/bin/../lib/gcc/arm-none-eabi/10.2.0/../../../../arm-none-eabi/lib/thumb/v7e-m/nofp\libc.a(lib_a-impure.o)
 .ARM.attributes
                0x0000014e       0x2e c:/nxp/s32ds.3.5/s32ds/build_tools/gcc_v10.2/gcc-10.2-arm32-eabi/bin/../lib/gcc/arm-none-eabi/10.2.0/../../../../arm-none-eabi/lib/thumb/v7e-m/nofp\libc.a(lib_a-init.o)
 .ARM.attributes
                0x0000017c       0x2e c:/nxp/s32ds.3.5/s32ds/build_tools/gcc_v10.2/gcc-10.2-arm32-eabi/bin/../lib/gcc/arm-none-eabi/10.2.0/../../../../arm-none-eabi/lib/thumb/v7e-m/nofp\libc.a(lib_a-memset.o)
 .ARM.attributes
                0x000001aa       0x2e c:/nxp/s32ds.3.5/s32ds/build_tools/gcc_v10.2/gcc-10.2-arm32-eabi/bin/../lib/gcc/arm-none-eabi/10.2.0/../../../../arm-none-eabi/lib/thumb/v7e-m/nofp\libc.a(lib_a-__call_atexit.o)
 .ARM.attributes
                0x000001d8       0x2e c:/nxp/s32ds.3.5/s32ds/build_tools/gcc_v10.2/gcc-10.2-arm32-eabi/bin/../lib/gcc/arm-none-eabi/10.2.0/../../../../arm-none-eabi/lib/thumb/v7e-m/nofp\libc.a(lib_a-fini.o)
 .ARM.attributes
                0x00000206       0x2e c:/nxp/s32ds.3.5/s32ds/build_tools/gcc_v10.2/gcc-10.2-arm32-eabi/bin/../lib/gcc/arm-none-eabi/10.2.0/../../../../arm-none-eabi/lib/thumb/v7e-m/nofp\libc.a(lib_a-atexit.o)
 .ARM.attributes
                0x00000234       0x2e c:/nxp/s32ds.3.5/s32ds/build_tools/gcc_v10.2/gcc-10.2-arm32-eabi/bin/../lib/gcc/arm-none-eabi/10.2.0/../../../../arm-none-eabi/lib/thumb/v7e-m/nofp\libc.a(lib_a-__atexit.o)
 .ARM.attributes
                0x00000262       0x2e c:/nxp/s32ds.3.5/s32ds/build_tools/gcc_v10.2/gcc-10.2-arm32-eabi/bin/../lib/gcc/arm-none-eabi/10.2.0/../../../../arm-none-eabi/lib/thumb/v7e-m/nofp\libnosys.a(_exit.o)
 .ARM.attributes
                0x00000290       0x2e c:/nxp/s32ds.3.5/s32ds/build_tools/gcc_v10.2/gcc-10.2-arm32-eabi/bin/../lib/gcc/arm-none-eabi/10.2.0/thumb/v7e-m/nofp/crtend.o
 .ARM.attributes
                0x000002be       0x1e c:/nxp/s32ds.3.5/s32ds/build_tools/gcc_v10.2/gcc-10.2-arm32-eabi/bin/../lib/gcc/arm-none-eabi/10.2.0/thumb/v7e-m/nofp/crtn.o

.comment        0x00000000       0x88
 .comment       0x00000000       0x88 c:/nxp/s32ds.3.5/s32ds/build_tools/gcc_v10.2/gcc-10.2-arm32-eabi/bin/../lib/gcc/arm-none-eabi/10.2.0/thumb/v7e-m/nofp/crtbegin.o
                                 0x89 (size before relaxing)
 .comment       0x00000088       0x89 ./Project_Settings/Startup_Code/startup_ARMCM7.o
 .comment       0x00000088       0x89 ./Project_Settings/Startup_Code/system_ARMCM7.o
 .comment       0x00000088       0x89 ./src/main.o
 .comment       0x00000088       0x89 c:/nxp/s32ds.3.5/s32ds/build_tools/gcc_v10.2/gcc-10.2-arm32-eabi/bin/../lib/gcc/arm-none-eabi/10.2.0/../../../../arm-none-eabi/lib/thumb/v7e-m/nofp\libc.a(lib_a-exit.o)
 .comment       0x00000088       0x89 c:/nxp/s32ds.3.5/s32ds/build_tools/gcc_v10.2/gcc-10.2-arm32-eabi/bin/../lib/gcc/arm-none-eabi/10.2.0/../../../../arm-none-eabi/lib/thumb/v7e-m/nofp\libc.a(lib_a-impure.o)
 .comment       0x00000088       0x89 c:/nxp/s32ds.3.5/s32ds/build_tools/gcc_v10.2/gcc-10.2-arm32-eabi/bin/../lib/gcc/arm-none-eabi/10.2.0/../../../../arm-none-eabi/lib/thumb/v7e-m/nofp\libc.a(lib_a-init.o)
 .comment       0x00000088       0x89 c:/nxp/s32ds.3.5/s32ds/build_tools/gcc_v10.2/gcc-10.2-arm32-eabi/bin/../lib/gcc/arm-none-eabi/10.2.0/../../../../arm-none-eabi/lib/thumb/v7e-m/nofp\libc.a(lib_a-memset.o)
 .comment       0x00000088       0x89 c:/nxp/s32ds.3.5/s32ds/build_tools/gcc_v10.2/gcc-10.2-arm32-eabi/bin/../lib/gcc/arm-none-eabi/10.2.0/../../../../arm-none-eabi/lib/thumb/v7e-m/nofp\libc.a(lib_a-__call_atexit.o)
 .comment       0x00000088       0x89 c:/nxp/s32ds.3.5/s32ds/build_tools/gcc_v10.2/gcc-10.2-arm32-eabi/bin/../lib/gcc/arm-none-eabi/10.2.0/../../../../arm-none-eabi/lib/thumb/v7e-m/nofp\libc.a(lib_a-fini.o)
 .comment       0x00000088       0x89 c:/nxp/s32ds.3.5/s32ds/build_tools/gcc_v10.2/gcc-10.2-arm32-eabi/bin/../lib/gcc/arm-none-eabi/10.2.0/../../../../arm-none-eabi/lib/thumb/v7e-m/nofp\libc.a(lib_a-atexit.o)
 .comment       0x00000088       0x89 c:/nxp/s32ds.3.5/s32ds/build_tools/gcc_v10.2/gcc-10.2-arm32-eabi/bin/../lib/gcc/arm-none-eabi/10.2.0/../../../../arm-none-eabi/lib/thumb/v7e-m/nofp\libc.a(lib_a-__atexit.o)
 .comment       0x00000088       0x89 c:/nxp/s32ds.3.5/s32ds/build_tools/gcc_v10.2/gcc-10.2-arm32-eabi/bin/../lib/gcc/arm-none-eabi/10.2.0/../../../../arm-none-eabi/lib/thumb/v7e-m/nofp\libnosys.a(_exit.o)
 .comment       0x00000088       0x89 c:/nxp/s32ds.3.5/s32ds/build_tools/gcc_v10.2/gcc-10.2-arm32-eabi/bin/../lib/gcc/arm-none-eabi/10.2.0/thumb/v7e-m/nofp/crtend.o

.debug_line     0x00000000     0x1484
 .debug_line    0x00000000       0x93 c:/nxp/s32ds.3.5/s32ds/build_tools/gcc_v10.2/gcc-10.2-arm32-eabi/bin/../lib/gcc/arm-none-eabi/10.2.0/../../../../arm-none-eabi/lib/thumb/v7e-m/nofp/crt0.o
 .debug_line    0x00000093      0x8d7 ./Project_Settings/Startup_Code/startup_ARMCM7.o
 .debug_line    0x0000096a      0x37f ./Project_Settings/Startup_Code/system_ARMCM7.o
 .debug_line    0x00000ce9      0x79b ./src/main.o

.debug_info     0x00000000     0x28c0
 .debug_info    0x00000000       0x26 c:/nxp/s32ds.3.5/s32ds/build_tools/gcc_v10.2/gcc-10.2-arm32-eabi/bin/../lib/gcc/arm-none-eabi/10.2.0/../../../../arm-none-eabi/lib/thumb/v7e-m/nofp/crt0.o
 .debug_info    0x00000026      0x4cb ./Project_Settings/Startup_Code/startup_ARMCM7.o
 .debug_info    0x000004f1      0x489 ./Project_Settings/Startup_Code/system_ARMCM7.o
 .debug_info    0x0000097a     0x1f46 ./src/main.o

.debug_abbrev   0x00000000      0x415
 .debug_abbrev  0x00000000       0x14 c:/nxp/s32ds.3.5/s32ds/build_tools/gcc_v10.2/gcc-10.2-arm32-eabi/bin/../lib/gcc/arm-none-eabi/10.2.0/../../../../arm-none-eabi/lib/thumb/v7e-m/nofp/crt0.o
 .debug_abbrev  0x00000014      0x1f9 ./Project_Settings/Startup_Code/startup_ARMCM7.o
 .debug_abbrev  0x0000020d       0xe9 ./Project_Settings/Startup_Code/system_ARMCM7.o
 .debug_abbrev  0x000002f6      0x11f ./src/main.o

.debug_str      0x00000000   0x1ebd80
 .debug_str     0x00000000       0xb9 c:/nxp/s32ds.3.5/s32ds/build_tools/gcc_v10.2/gcc-10.2-arm32-eabi/bin/../lib/gcc/arm-none-eabi/10.2.0/../../../../arm-none-eabi/lib/thumb/v7e-m/nofp/crt0.o
 .debug_str     0x000000b9   0x1eabd2 ./Project_Settings/Startup_Code/startup_ARMCM7.o
                             0x1ead9c (size before relaxing)
 .debug_str     0x001eac8b      0x1dc ./Project_Settings/Startup_Code/system_ARMCM7.o
                               0xc0fc (size before relaxing)
 .debug_str     0x001eae67      0xf19 ./src/main.o
                             0x1e3c27 (size before relaxing)

.debug_aranges  0x00000000       0x78
 .debug_aranges
                0x00000000       0x28 ./Project_Settings/Startup_Code/startup_ARMCM7.o
 .debug_aranges
                0x00000028       0x28 ./Project_Settings/Startup_Code/system_ARMCM7.o
 .debug_aranges
                0x00000050       0x28 ./src/main.o

.debug_ranges   0x00000000       0x48
 .debug_ranges  0x00000000       0x18 ./Project_Settings/Startup_Code/startup_ARMCM7.o
 .debug_ranges  0x00000018       0x18 ./Project_Settings/Startup_Code/system_ARMCM7.o
 .debug_ranges  0x00000030       0x18 ./src/main.o

.debug_macro    0x00000000    0x41f91
 .debug_macro   0x00000000      0x33d ./Project_Settings/Startup_Code/startup_ARMCM7.o
 .debug_macro   0x0000033d       0x16 ./Project_Settings/Startup_Code/startup_ARMCM7.o
 .debug_macro   0x00000353       0x7c ./Project_Settings/Startup_Code/startup_ARMCM7.o
 .debug_macro   0x000003cf       0x1c ./Project_Settings/Startup_Code/startup_ARMCM7.o
 .debug_macro   0x000003eb       0x1c ./Project_Settings/Startup_Code/startup_ARMCM7.o
 .debug_macro   0x00000407       0x22 ./Project_Settings/Startup_Code/startup_ARMCM7.o
 .debug_macro   0x00000429      0x116 ./Project_Settings/Startup_Code/startup_ARMCM7.o
 .debug_macro   0x0000053f     0x1305 ./Project_Settings/Startup_Code/startup_ARMCM7.o
 .debug_macro   0x00001844      0x11f ./Project_Settings/Startup_Code/startup_ARMCM7.o
 .debug_macro   0x00001963       0x27 ./Project_Settings/Startup_Code/startup_ARMCM7.o
 .debug_macro   0x0000198a     0x51ef ./Project_Settings/Startup_Code/startup_ARMCM7.o
 .debug_macro   0x00006b79      0xa20 ./Project_Settings/Startup_Code/startup_ARMCM7.o
 .debug_macro   0x00007599     0x10a6 ./Project_Settings/Startup_Code/startup_ARMCM7.o
 .debug_macro   0x0000863f      0x180 ./Project_Settings/Startup_Code/startup_ARMCM7.o
 .debug_macro   0x000087bf       0xf8 ./Project_Settings/Startup_Code/startup_ARMCM7.o
 .debug_macro   0x000088b7      0x370 ./Project_Settings/Startup_Code/startup_ARMCM7.o
 .debug_macro   0x00008c27      0x158 ./Project_Settings/Startup_Code/startup_ARMCM7.o
 .debug_macro   0x00008d7f      0xd4e ./Project_Settings/Startup_Code/startup_ARMCM7.o
 .debug_macro   0x00009acd     0x2311 ./Project_Settings/Startup_Code/startup_ARMCM7.o
 .debug_macro   0x0000bdde       0x8e ./Project_Settings/Startup_Code/startup_ARMCM7.o
 .debug_macro   0x0000be6c     0xd22d ./Project_Settings/Startup_Code/startup_ARMCM7.o
 .debug_macro   0x00019099      0x2ea ./Project_Settings/Startup_Code/startup_ARMCM7.o
 .debug_macro   0x00019383      0xe49 ./Project_Settings/Startup_Code/startup_ARMCM7.o
 .debug_macro   0x0001a1cc     0x71b5 ./Project_Settings/Startup_Code/startup_ARMCM7.o
 .debug_macro   0x00021381      0xbaa ./Project_Settings/Startup_Code/startup_ARMCM7.o
 .debug_macro   0x00021f2b      0xd69 ./Project_Settings/Startup_Code/startup_ARMCM7.o
 .debug_macro   0x00022c94      0xb4d ./Project_Settings/Startup_Code/startup_ARMCM7.o
 .debug_macro   0x000237e1       0x5c ./Project_Settings/Startup_Code/startup_ARMCM7.o
 .debug_macro   0x0002383d      0xad5 ./Project_Settings/Startup_Code/startup_ARMCM7.o
 .debug_macro   0x00024312     0x1531 ./Project_Settings/Startup_Code/startup_ARMCM7.o
 .debug_macro   0x00025843      0x867 ./Project_Settings/Startup_Code/startup_ARMCM7.o
 .debug_macro   0x000260aa       0xcc ./Project_Settings/Startup_Code/startup_ARMCM7.o
 .debug_macro   0x00026176       0xd6 ./Project_Settings/Startup_Code/startup_ARMCM7.o
 .debug_macro   0x0002624c      0x105 ./Project_Settings/Startup_Code/startup_ARMCM7.o
 .debug_macro   0x00026351      0x507 ./Project_Settings/Startup_Code/startup_ARMCM7.o
 .debug_macro   0x00026858      0x779 ./Project_Settings/Startup_Code/startup_ARMCM7.o
 .debug_macro   0x00026fd1      0xe1f ./Project_Settings/Startup_Code/startup_ARMCM7.o
 .debug_macro   0x00027df0      0x93f ./Project_Settings/Startup_Code/startup_ARMCM7.o
 .debug_macro   0x0002872f      0xd53 ./Project_Settings/Startup_Code/startup_ARMCM7.o
 .debug_macro   0x00029482      0x2ce ./Project_Settings/Startup_Code/startup_ARMCM7.o
 .debug_macro   0x00029750     0x1095 ./Project_Settings/Startup_Code/startup_ARMCM7.o
 .debug_macro   0x0002a7e5     0x1fad ./Project_Settings/Startup_Code/startup_ARMCM7.o
 .debug_macro   0x0002c792      0x4f8 ./Project_Settings/Startup_Code/startup_ARMCM7.o
 .debug_macro   0x0002cc8a      0x274 ./Project_Settings/Startup_Code/startup_ARMCM7.o
 .debug_macro   0x0002cefe      0x9d3 ./Project_Settings/Startup_Code/startup_ARMCM7.o
 .debug_macro   0x0002d8d1     0x15b6 ./Project_Settings/Startup_Code/startup_ARMCM7.o
 .debug_macro   0x0002ee87      0x4b9 ./Project_Settings/Startup_Code/startup_ARMCM7.o
 .debug_macro   0x0002f340      0x242 ./Project_Settings/Startup_Code/startup_ARMCM7.o
 .debug_macro   0x0002f582      0x20a ./Project_Settings/Startup_Code/startup_ARMCM7.o
 .debug_macro   0x0002f78c      0x3f9 ./Project_Settings/Startup_Code/startup_ARMCM7.o
 .debug_macro   0x0002fb85       0x6a ./Project_Settings/Startup_Code/startup_ARMCM7.o
 .debug_macro   0x0002fbef      0xbb5 ./Project_Settings/Startup_Code/startup_ARMCM7.o
 .debug_macro   0x000307a4       0x47 ./Project_Settings/Startup_Code/startup_ARMCM7.o
 .debug_macro   0x000307eb      0x23b ./Project_Settings/Startup_Code/startup_ARMCM7.o
 .debug_macro   0x00030a26      0xb27 ./Project_Settings/Startup_Code/startup_ARMCM7.o
 .debug_macro   0x0003154d      0x2d8 ./Project_Settings/Startup_Code/startup_ARMCM7.o
 .debug_macro   0x00031825       0x94 ./Project_Settings/Startup_Code/startup_ARMCM7.o
 .debug_macro   0x000318b9       0xf2 ./Project_Settings/Startup_Code/startup_ARMCM7.o
 .debug_macro   0x000319ab       0x5d ./Project_Settings/Startup_Code/startup_ARMCM7.o
 .debug_macro   0x00031a08     0x7bf9 ./Project_Settings/Startup_Code/startup_ARMCM7.o
 .debug_macro   0x00039601      0xf35 ./Project_Settings/Startup_Code/startup_ARMCM7.o
 .debug_macro   0x0003a536       0xfe ./Project_Settings/Startup_Code/startup_ARMCM7.o
 .debug_macro   0x0003a634      0x2c8 ./Project_Settings/Startup_Code/startup_ARMCM7.o
 .debug_macro   0x0003a8fc       0x78 ./Project_Settings/Startup_Code/startup_ARMCM7.o
 .debug_macro   0x0003a974       0xb2 ./Project_Settings/Startup_Code/startup_ARMCM7.o
 .debug_macro   0x0003aa26      0x1cf ./Project_Settings/Startup_Code/startup_ARMCM7.o
 .debug_macro   0x0003abf5      0x56e ./Project_Settings/Startup_Code/startup_ARMCM7.o
 .debug_macro   0x0003b163      0x3f8 ./Project_Settings/Startup_Code/startup_ARMCM7.o
 .debug_macro   0x0003b55b      0x338 ./Project_Settings/Startup_Code/startup_ARMCM7.o
 .debug_macro   0x0003b893      0x4c8 ./Project_Settings/Startup_Code/startup_ARMCM7.o
 .debug_macro   0x0003bd5b      0xc87 ./Project_Settings/Startup_Code/startup_ARMCM7.o
 .debug_macro   0x0003c9e2       0xd6 ./Project_Settings/Startup_Code/system_ARMCM7.o
 .debug_macro   0x0003cab8      0x2f0 ./src/main.o
 .debug_macro   0x0003cda8     0x51e9 ./src/main.o

.debug_frame    0x00000000       0xd8
 .debug_frame   0x00000000       0x38 ./Project_Settings/Startup_Code/startup_ARMCM7.o
 .debug_frame   0x00000038       0x50 ./Project_Settings/Startup_Code/system_ARMCM7.o
 .debug_frame   0x00000088       0x50 ./src/main.o
