Archive member included to satisfy reference by file (symbol)

c:/nxp/s32ds.3.5/s32ds/build_tools/gcc_v10.2/gcc-10.2-arm32-eabi/bin/../lib/gcc/arm-none-eabi/10.2.0/../../../../arm-none-eabi/lib/thumb/v7e-m+fp/hard\libc_nano.a(lib_a-memmove.o)
                              ./RTD/src/Siul2_Port_Ip.o (memmove)
c:/nxp/s32ds.3.5/s32ds/build_tools/gcc_v10.2/gcc-10.2-arm32-eabi/bin/../lib/gcc/arm-none-eabi/10.2.0/../../../../arm-none-eabi/lib/thumb/v7e-m+fp/hard\libc_nano.a(lib_a-memset.o)
                              ./Project_Settings/Startup_Code/startup.o (memset)

Discarded input sections

 .group         0x00000000        0xc ./Hse_Files/dcm_register/hse_dcm_register.o
 .group         0x00000000        0xc ./Hse_Files/dcm_register/hse_dcm_register.o
 .group         0x00000000        0xc ./Hse_Files/dcm_register/hse_dcm_register.o
 .group         0x00000000        0xc ./Hse_Files/dcm_register/hse_dcm_register.o
 .group         0x00000000        0xc ./Hse_Files/dcm_register/hse_dcm_register.o
 .group         0x00000000        0xc ./Hse_Files/dcm_register/hse_dcm_register.o
 .group         0x00000000        0xc ./Hse_Files/dcm_register/hse_dcm_register.o
 .group         0x00000000        0xc ./Hse_Files/dcm_register/hse_dcm_register.o
 .group         0x00000000        0xc ./Hse_Files/dcm_register/hse_dcm_register.o
 .group         0x00000000        0xc ./Hse_Files/dcm_register/hse_dcm_register.o
 .group         0x00000000        0xc ./Hse_Files/hse_api.o
 .group         0x00000000        0xc ./Hse_Files/hse_api.o
 .group         0x00000000        0xc ./Hse_Files/hse_api.o
 .group         0x00000000        0xc ./Hse_Files/hse_api.o
 .group         0x00000000        0xc ./Hse_Files/hse_api.o
 .group         0x00000000        0xc ./Hse_Files/hse_api.o
 .group         0x00000000        0xc ./Hse_Files/hse_api.o
 .group         0x00000000        0xc ./Hse_Files/hse_api.o
 .debug_macro   0x00000000      0xa9c ./Hse_Files/hse_api.o
 .debug_macro   0x00000000       0x22 ./Hse_Files/hse_api.o
 .debug_macro   0x00000000       0x56 ./Hse_Files/hse_api.o
 .debug_macro   0x00000000       0x51 ./Hse_Files/hse_api.o
 .debug_macro   0x00000000      0x103 ./Hse_Files/hse_api.o
 .debug_macro   0x00000000       0x6a ./Hse_Files/hse_api.o
 .debug_macro   0x00000000      0x1df ./Hse_Files/hse_api.o
 .group         0x00000000        0xc ./Project_Settings/Startup_Code/exceptions.o
 .group         0x00000000        0xc ./Project_Settings/Startup_Code/exceptions.o
 .group         0x00000000        0xc ./Project_Settings/Startup_Code/exceptions.o
 .group         0x00000000        0xc ./Project_Settings/Startup_Code/exceptions.o
 .group         0x00000000        0xc ./Project_Settings/Startup_Code/exceptions.o
 .group         0x00000000        0xc ./Project_Settings/Startup_Code/exceptions.o
 .group         0x00000000        0xc ./Project_Settings/Startup_Code/exceptions.o
 .group         0x00000000        0xc ./Project_Settings/Startup_Code/exceptions.o
 .group         0x00000000        0xc ./Project_Settings/Startup_Code/exceptions.o
 .group         0x00000000        0xc ./Project_Settings/Startup_Code/exceptions.o
 .group         0x00000000        0xc ./Project_Settings/Startup_Code/exceptions.o
 .group         0x00000000        0xc ./Project_Settings/Startup_Code/exceptions.o
 .group         0x00000000        0xc ./Project_Settings/Startup_Code/exceptions.o
 .group         0x00000000        0xc ./Project_Settings/Startup_Code/exceptions.o
 .group         0x00000000        0xc ./Project_Settings/Startup_Code/exceptions.o
 .group         0x00000000        0xc ./Project_Settings/Startup_Code/exceptions.o
 .group         0x00000000        0xc ./Project_Settings/Startup_Code/exceptions.o
 .group         0x00000000        0xc ./Project_Settings/Startup_Code/exceptions.o
 .group         0x00000000        0xc ./Project_Settings/Startup_Code/exceptions.o
 .group         0x00000000        0xc ./Project_Settings/Startup_Code/exceptions.o
 .group         0x00000000        0xc ./Project_Settings/Startup_Code/exceptions.o
 .group         0x00000000        0xc ./Project_Settings/Startup_Code/exceptions.o
 .group         0x00000000        0xc ./Project_Settings/Startup_Code/exceptions.o
 .group         0x00000000        0xc ./Project_Settings/Startup_Code/exceptions.o
 .group         0x00000000        0xc ./Project_Settings/Startup_Code/exceptions.o
 .group         0x00000000        0xc ./Project_Settings/Startup_Code/exceptions.o
 .debug_macro   0x00000000      0xa9c ./Project_Settings/Startup_Code/exceptions.o
 .debug_macro   0x00000000       0x22 ./Project_Settings/Startup_Code/exceptions.o
 .debug_macro   0x00000000       0x56 ./Project_Settings/Startup_Code/exceptions.o
 .debug_macro   0x00000000       0x51 ./Project_Settings/Startup_Code/exceptions.o
 .debug_macro   0x00000000      0x103 ./Project_Settings/Startup_Code/exceptions.o
 .debug_macro   0x00000000       0x6a ./Project_Settings/Startup_Code/exceptions.o
[...]
Memory Configuration

Name             Origin             Length             Attributes
int_pflash       0x00400000         0x00300000
int_dflash       0x10000000         0x00020000
int_itcm         0x00000000         0x00010000
int_dtcm         0x20000000         0x0001f000
int_stack_dtcm   0x2001f000         0x00001000
int_sram         0x20400000         0x00020000
int_sram_fls_rsv 0x20420000         0x00000100
int_sram_no_cacheable 0x20430000         0x0000ff00
int_sram_results 0x2043ff00         0x00000100
int_sram_shareable 0x20440000         0x00004000
hse_firmware_area 0x00700000         0x0002c000
*default*        0x00000000         0xffffffff

Linker script and memory map

LOAD ./Hse_Files/dcm_register/hse_dcm_register.o
LOAD ./Hse_Files/hse_api.o
LOAD ./Project_Settings/Startup_Code/Vector_Table.o
LOAD ./Project_Settings/Startup_Code/exceptions.o
LOAD ./Project_Settings/Startup_Code/nvic.o
LOAD ./Project_Settings/Startup_Code/startup.o
LOAD ./Project_Settings/Startup_Code/startup_cm7.o
LOAD ./Project_Settings/Startup_Code/system.o
LOAD ./RTD/src/Clock_Ip.o
LOAD ./RTD/src/Clock_Ip_Data.o
LOAD ./RTD/src/Clock_Ip_Divider.o
LOAD ./RTD/src/Clock_Ip_DividerTrigger.o
LOAD ./RTD/src/Clock_Ip_ExtOsc.o
LOAD ./RTD/src/Clock_Ip_FracDiv.o
LOAD ./RTD/src/Clock_Ip_Frequency.o
LOAD ./RTD/src/Clock_Ip_Gate.o
LOAD ./RTD/src/Clock_Ip_IntOsc.o
LOAD ./RTD/src/Clock_Ip_Irq.o
LOAD ./RTD/src/Clock_Ip_Monitor.o
LOAD ./RTD/src/Clock_Ip_Pll.o
LOAD ./RTD/src/Clock_Ip_ProgFreqSwitch.o
LOAD ./RTD/src/Clock_Ip_Selector.o
LOAD ./RTD/src/Clock_Ip_Specific.o
LOAD ./RTD/src/Det.o
LOAD ./RTD/src/Det_stub.o
LOAD ./RTD/src/Igf_Port_Ip.o
LOAD ./RTD/src/OsIf_Interrupts.o
LOAD ./RTD/src/OsIf_Timer.o
LOAD ./RTD/src/OsIf_Timer_System.o
LOAD ./RTD/src/OsIf_Timer_System_Internal_Systick.o
LOAD ./RTD/src/SchM_Dio.o
LOAD ./RTD/src/SchM_Mcu.o
LOAD ./RTD/src/SchM_Port.o
LOAD ./RTD/src/Siul2_Dio_Ip.o
LOAD ./RTD/src/Siul2_Port_Ip.o
LOAD ./RTD/src/Tspc_Port_Ip.o
LOAD ./board/Siul2_Port_Ip_Cfg.o
LOAD ./board/Tspc_Port_Ip_Cfg.o
LOAD ./generate/src/Clock_Ip_Cfg.o
LOAD ./generate/src/Igf_Port_Ip_Cfg.o
LOAD ./generate/src/OsIf_Cfg.o
LOAD ./hse_config/hse_config.o
LOAD ./src/main.o
LOAD c:/nxp/s32ds.3.5/s32ds/build_tools/gcc_v10.2/gcc-10.2-arm32-eabi/bin/../lib/gcc/arm-none-eabi/10.2.0/../../../../arm-none-eabi/lib/thumb/v7e-m+fp/hard\libc_nano.a
LOAD c:/nxp/s32ds.3.5/s32ds/build_tools/gcc_v10.2/gcc-10.2-arm32-eabi/bin/../lib/gcc/arm-none-eabi/10.2.0/../../../../arm-none-eabi/lib/thumb/v7e-m+fp/hard\libm.a
LOAD c:/nxp/s32ds.3.5/s32ds/build_tools/gcc_v10.2/gcc-10.2-arm32-eabi/bin/../lib/gcc/arm-none-eabi/10.2.0/thumb/v7e-m+fp/hard\libgcc.a
START GROUP
LOAD c:/nxp/s32ds.3.5/s32ds/build_tools/gcc_v10.2/gcc-10.2-arm32-eabi/bin/../lib/gcc/arm-none-eabi/10.2.0/thumb/v7e-m+fp/hard\libgcc.a
LOAD c:/nxp/s32ds.3.5/s32ds/build_tools/gcc_v10.2/gcc-10.2-arm32-eabi/bin/../lib/gcc/arm-none-eabi/10.2.0/../../../../arm-none-eabi/lib/thumb/v7e-m+fp/hard\libg_nano.a
LOAD c:/nxp/s32ds.3.5/s32ds/build_tools/gcc_v10.2/gcc-10.2-arm32-eabi/bin/../lib/gcc/arm-none-eabi/10.2.0/../../../../arm-none-eabi/lib/thumb/v7e-m+fp/hard\libc_nano.a
END GROUP
START GROUP
LOAD c:/nxp/s32ds.3.5/s32ds/build_tools/gcc_v10.2/gcc-10.2-arm32-eabi/bin/../lib/gcc/arm-none-eabi/10.2.0/thumb/v7e-m+fp/hard\libgcc.a
LOAD c:/nxp/s32ds.3.5/s32ds/build_tools/gcc_v10.2/gcc-10.2-arm32-eabi/bin/../lib/gcc/arm-none-eabi/10.2.0/../../../../arm-none-eabi/lib/thumb/v7e-m+fp/hard\libc_nano.a
LOAD c:/nxp/s32ds.3.5/s32ds/build_tools/gcc_v10.2/gcc-10.2-arm32-eabi/bin/../lib/gcc/arm-none-eabi/10.2.0/../../../../arm-none-eabi/lib/thumb/v7e-m+fp/hard\libnosys.a
END GROUP
START GROUP
LOAD c:/nxp/s32ds.3.5/s32ds/build_tools/gcc_v10.2/gcc-10.2-arm32-eabi/bin/../lib/gcc/arm-none-eabi/10.2.0/thumb/v7e-m+fp/hard\libgcc.a
LOAD c:/nxp/s32ds.3.5/s32ds/build_tools/gcc_v10.2/gcc-10.2-arm32-eabi/bin/../lib/gcc/arm-none-eabi/10.2.0/../../../../arm-none-eabi/lib/thumb/v7e-m+fp/hard\libc_nano.a
LOAD c:/nxp/s32ds.3.5/s32ds/build_tools/gcc_v10.2/gcc-10.2-arm32-eabi/bin/../lib/gcc/arm-none-eabi/10.2.0/../../../../arm-none-eabi/lib/thumb/v7e-m+fp/hard\libnosys.a
END GROUP
                0x00002000                HEAP_SIZE = DEFINED (__heap_size__)?__heap_size__:0x2000
                0x20407fff                __STANDBY_RAM_LIMIT_END = 0x20407fff

.pflash         0x00400000     0x60f0
                0x00400000                . = ALIGN (0x4)
                0x00400000                __boot_header_start = .
 *(.boot_header)
 .boot_header   0x00400000       0x30 ./Project_Settings/Startup_Code/startup_cm7.o
                0x00400030                . = ALIGN (0x4)
                0x00400030                __boot_header_end = .
                0x00400030                . = ALIGN (0x4)
                0x00400030                __flash_config_start = .
 *(.FlashConfig)
                0x00400030                . = ALIGN (0x4)
                0x00400030                __flash_config_end = .
                0x00400800                . = ALIGN (0x800)
 *fill*         0x00400030      0x7d0 
                0x00400800                __text_start = .
                0x00400800                __interrupts_init_start = .
 *(.intc_vector)
 .intc_vector   0x00400800      0x408 ./Project_Settings/Startup_Code/Vector_Table.o
                0x00400800                VTABLE
                0x00400c08                . = ALIGN (0x4)
                0x00400c08                __interrupts_init_end = .
 *(.core_loop)
 .core_loop     0x00400c08        0xc ./Project_Settings/Startup_Code/startup_cm7.o
                0x00400c08                _core_loop
                0x00400c14                . = ALIGN (0x4)
 *(.startup)
 *fill*         0x00400c14        0xc 
 .startup       0x00400c20      0x1dc ./Project_Settings/Startup_Code/startup_cm7.o
                0x00400c20                Reset_Handler
                0x00400c20                _start
                0x00400d8c                MCAL_LTB_TRACE_OFF
                0x00400d8e                _end_of_eunit_test
                0x00400dfc                . = ALIGN (0x4)
 *(.systeminit)
                0x00400dfc                . = ALIGN (0x4)
 *(.text.startup)
 .text.startup  0x00400dfc       0x60 ./src/main.o
                0x00400dfc                main
                0x00400e5c                . = ALIGN (0x4)
 *(.text)
 .text          0x00400e5c       0x8c ./Hse_Files/dcm_register/hse_dcm_register.o
                0x00400e5c                Dcm_GetCurrentLifecycle
                0x00400e6c                Dcm_GetBitStatusDcmrwp6
                0x00400ea4                Dcm_StatusScanning
                0x00400eb4                Dcm_StatusIsOTAEnabled
                0x00400ec4                Dcm_ActiveAddressOTARegion
                0x00400edc                HSE_DMC_GetStatus
 .text          0x00400ee8       0x1c ./Hse_Files/hse_api.o
                0x00400ee8                HSE_SignatureVerify
 .text          0x00400f04        0x0 ./Project_Settings/Startup_Code/Vector_Table.o
 .text          0x00400f04        0x0 ./Project_Settings/Startup_Code/exceptions.o
 .text          0x00400f04        0x0 ./Project_Settings/Startup_Code/nvic.o
 .text          0x00400f04        0x0 ./Project_Settings/Startup_Code/startup.o
 .text          0x00400f04        0x0 ./Project_Settings/Startup_Code/startup_cm7.o
 .text          0x00400f04       0x10 ./Project_Settings/Startup_Code/system.o
                0x00400f04                Sys_GetCoreID
 .text          0x00400f14        0x0 ./RTD/src/Clock_Ip.o
 .text          0x00400f14        0x0 ./RTD/src/Clock_Ip_Data.o
 .text          0x00400f14        0x0 ./RTD/src/Clock_Ip_Divider.o
 .text          0x00400f14        0x0 ./RTD/src/Clock_Ip_DividerTrigger.o
 .text          0x00400f14        0x0 ./RTD/src/Clock_Ip_ExtOsc.o
 .text          0x00400f14        0x0 ./RTD/src/Clock_Ip_FracDiv.o
 .text          0x00400f14        0x0 ./RTD/src/Clock_Ip_Frequency.o
 .text          0x00400f14        0x0 ./RTD/src/Clock_Ip_Gate.o
 .text          0x00400f14        0x0 ./RTD/src/Clock_Ip_IntOsc.o
 .text          0x00400f14        0x0 ./RTD/src/Clock_Ip_Irq.o
 .text          0x00400f14        0x0 ./RTD/src/Clock_Ip_Monitor.o
 .text          0x00400f14        0x0 ./RTD/src/Clock_Ip_Pll.o
 .text          0x00400f14        0x0 ./RTD/src/Clock_Ip_ProgFreqSwitch.o
 .text          0x00400f14        0x0 ./RTD/src/Clock_Ip_Selector.o
 .text          0x00400f14        0x0 ./RTD/src/Clock_Ip_Specific.o
 .text          0x00400f14        0x0 ./RTD/src/Det.o
 .text          0x00400f14        0x0 ./RTD/src/Det_stub.o
 .text          0x00400f14        0x0 ./RTD/src/Igf_Port_Ip.o
 .text          0x00400f14        0x0 ./RTD/src/OsIf_Interrupts.o
 .text          0x00400f14        0x0 ./RTD/src/OsIf_Timer.o
 .text          0x00400f14        0x0 ./RTD/src/OsIf_Timer_System.o
 .text          0x00400f14        0x0 ./RTD/src/OsIf_Timer_System_Internal_Systick.o
 .text          0x00400f14        0x6 ./RTD/src/SchM_Dio.o
                0x00400f14                Dio_schm_read_msr
 .text          0x00400f1a        0x6 ./RTD/src/SchM_Mcu.o
                0x00400f1a                Mcu_schm_read_msr
 .text          0x00400f20        0x6 ./RTD/src/SchM_Port.o
                0x00400f20                Port_schm_read_msr
 .text          0x00400f26       0x14 ./RTD/src/Siul2_Dio_Ip.o
 .text          0x00400f3a       0x14 ./RTD/src/Siul2_Port_Ip.o
 .text          0x00400f4e        0x0 ./RTD/src/Tspc_Port_Ip.o
 .text          0x00400f4e        0x0 ./board/Siul2_Port_Ip_Cfg.o
 .text          0x00400f4e        0x0 ./board/Tspc_Port_Ip_Cfg.o
 .text          0x00400f4e        0x0 ./generate/src/Clock_Ip_Cfg.o
 .text          0x00400f4e        0x0 ./generate/src/Igf_Port_Ip_Cfg.o
 .text          0x00400f4e        0x0 ./generate/src/OsIf_Cfg.o
 *fill*         0x00400f4e        0x2 
 .text          0x00400f50       0x60 ./hse_config/hse_config.o
                0x00400f50                HSE_CheckFirmwareStatus
                0x00400f62                HSE_VerifyAppSignature
                0x00400f94                HSE_SecureBoot_Init
                0x00400fac                HSE_PrepareSecureBoot
 .text          0x00400fb0        0x0 ./src/main.o
 .text          0x00400fb0        0x0 c:/nxp/s32ds.3.5/s32ds/build_tools/gcc_v10.2/gcc-10.2-arm32-eabi/bin/../lib/gcc/arm-none-eabi/10.2.0/../../../../arm-none-eabi/lib/thumb/v7e-m+fp/hard\libc_nano.a(lib_a-memmove.o)
 .text          0x00400fb0        0x0 c:/nxp/s32ds.3.5/s32ds/build_tools/gcc_v10.2/gcc-10.2-arm32-eabi/bin/../lib/gcc/arm-none-eabi/10.2.0/../../../../arm-none-eabi/lib/thumb/v7e-m+fp/hard\libc_nano.a(lib_a-memset.o)
 *(.text*)
 .text.memmove  0x00400fb0       0x34 c:/nxp/s32ds.3.5/s32ds/build_tools/gcc_v10.2/gcc-10.2-arm32-eabi/bin/../lib/gcc/arm-none-eabi/10.2.0/../../../../arm-none-eabi/lib/thumb/v7e-m+fp/hard\libc_nano.a(lib_a-memmove.o)
                0x00400fb0                memmove
 .text.memset   0x00400fe4       0x10 c:/nxp/s32ds.3.5/s32ds/build_tools/gcc_v10.2/gcc-10.2-arm32-eabi/bin/../lib/gcc/arm-none-eabi/10.2.0/../../../../arm-none-eabi/lib/thumb/v7e-m+fp/hard\libc_nano.a(lib_a-memset.o)
                0x00400fe4                memset
                0x00400ff4                . = ALIGN (0x4)
 *(.mcal_text)
 .mcal_text     0x00400ff4       0x14 ./Project_Settings/Startup_Code/exceptions.o
                0x00400ff4                NMI_Handler
                0x00400ff6                HardFault_Handler
                0x00400ff8                MemManage_Handler
                0x00400ffa                BusFault_Handler
                0x00400ffc                UsageFault_Handler
                0x00400ffe                SVC_Handler
                0x00401000                DebugMon_Handler
                0x00401002                PendSV_Handler
                0x00401004                SysTick_Handler
                0x00401006                undefined_handler
 .mcal_text     0x00401008       0x52 ./Project_Settings/Startup_Code/nvic.o
                0x00401008                NVIC_SetPriorityGrouping
                0x0040101c                NVIC_EnableIRQ
                0x00401034                NVIC_DisableIRQ
                0x0040104c                NVIC_SetPriority
 *fill*         0x0040105a        0x2 
 .mcal_text     0x0040105c       0xe8 ./Project_Settings/Startup_Code/startup.o
                0x0040105c                init_data_bss
                0x004010e8                init_data_bss_core2
 .mcal_text     0x00401144      0x2ec ./Project_Settings/Startup_Code/system.o
                0x00401144                startup_go_to_user_mode
                0x00401146                default_interrupt_routine
                0x00401148                SystemInit
 .mcal_text     0x00401430      0x88c ./RTD/src/Clock_Ip.o
                0x00401432                Clock_Ip_InitClock
                0x004019e0                Clock_Ip_GetPllStatus
                0x00401a84                Clock_Ip_DistributePll
                0x00401b70                Clock_Ip_Init
                0x00401b94                Clock_Ip_DisableClockMonitor
                0x00401bb8                Clock_Ip_InstallNotificationsCallback
                0x00401bc4                Clock_Ip_DisableModuleClock
                0x00401bec                Clock_Ip_EnableModuleClock
                0x00401c14                Clock_Ip_DisableFircInStandby
                0x00401c2c                Clock_Ip_EnableFircInStandby
                0x00401c44                Clock_Ip_DisableSircInStandby
                0x00401c5c                Clock_Ip_EnableSircInStandby
                0x00401c74                Clock_Ip_ReportClockErrors
                0x00401c80                Clock_Ip_StartTimeout
                0x00401ca0                Clock_Ip_TimeoutExpired
 .mcal_text     0x00401cbc      0x120 ./RTD/src/Clock_Ip_Divider.o
 .mcal_text     0x00401ddc       0x9c ./RTD/src/Clock_Ip_DividerTrigger.o
 .mcal_text     0x00401e78      0x1c4 ./RTD/src/Clock_Ip_ExtOsc.o
 .mcal_text     0x0040203c        0x6 ./RTD/src/Clock_Ip_FracDiv.o
 .mcal_text     0x00402042        0x2 ./RTD/src/Clock_Ip_Frequency.o
                0x00402042                Clock_Ip_SetExternalSignalFrequency
 .mcal_text     0x00402044      0x128 ./RTD/src/Clock_Ip_Gate.o
 .mcal_text     0x0040216c      0x104 ./RTD/src/Clock_Ip_IntOsc.o
 .mcal_text     0x00402270        0x4 ./RTD/src/Clock_Ip_Irq.o
                0x00402270                Mcu_Cmu_ClockFail_IRQHandler
 .mcal_text     0x00402274      0x204 ./RTD/src/Clock_Ip_Monitor.o
                0x00402420                Clock_Ip_CMU_GetInterruptStatus
                0x00402434                Clock_Ip_CMU_ClockFailInt
 .mcal_text     0x00402478      0x17c ./RTD/src/Clock_Ip_Pll.o
 .mcal_text     0x004025f4      0x154 ./RTD/src/Clock_Ip_ProgFreqSwitch.o
 .mcal_text     0x00402748      0x3dc ./RTD/src/Clock_Ip_Selector.o
                0x00402af8                Clock_Ip_SetRtcRtccClksel_TrustedCall
 .mcal_text     0x00402b24      0x2c8 ./RTD/src/Clock_Ip_Specific.o
                0x00402b24                Clock_Ip_McMeEnterKey
                0x00402b38                Clock_Ip_PowerClockIpModules
                0x00402d38                DisableFircInStandbyMode
                0x00402d48                EnableFircInStandbyMode
                0x00402d64                DisableSircInStandbyMode
                0x00402d74                EnableSircInStandbyMode
                0x00402d90                Clock_Ip_Command
                0x00402de0                Clock_Ip_FLASH_SetFlashIWS
                0x00402de4                Clock_Ip_SetFlashWaitStates
                0x00402de8                Clock_Ip_SetRamWaitStates
 .mcal_text     0x00402dec       0xa4 ./RTD/src/Det.o
                0x00402dec                Det_Init
                0x00402dee                Det_ReportError
                0x00402e24                Det_ReportRuntimeError
                0x00402e58                Det_ReportTransientFault
                0x00402e8c                Det_Start
 .mcal_text     0x00402e90      0x21c ./RTD/src/Det_stub.o
                0x00402e90                Det_TestLastReportError
                0x00402ef8                Det_TestLastReportRuntimeError
                0x00402f60                Det_TestLastReportTransientFault
                0x00402fc8                Det_TestNoError
                0x00403014                Det_TestNoRuntimeError
                0x00403060                Det_TestNoTransientFault
 .mcal_text     0x004030ac       0x1e ./RTD/src/OsIf_Timer.o
                0x004030ac                OsIf_Init
                0x004030b4                OsIf_GetCounter
                0x004030b8                OsIf_GetElapsed
                0x004030c0                OsIf_SetTimerFrequency
                0x004030c2                OsIf_MicrosToTicks
 .mcal_text     0x004030ca       0x42 ./RTD/src/OsIf_Timer_System_Internal_Systick.o
                0x004030ca                OsIf_Timer_System_Internal_Init
                0x004030e0                OsIf_Timer_System_Internal_GetCounter
                0x004030ec                OsIf_Timer_System_Internal_GetElapsed
 .mcal_text     0x0040310c       0xc8 ./RTD/src/SchM_Dio.o
                0x0040310c                SchM_Enter_Dio_DIO_EXCLUSIVE_AREA_00
                0x00403140                SchM_Exit_Dio_DIO_EXCLUSIVE_AREA_00
                0x00403170                SchM_Enter_Dio_DIO_EXCLUSIVE_AREA_01
                0x004031a4                SchM_Exit_Dio_DIO_EXCLUSIVE_AREA_01
 .mcal_text     0x004031d4      0x12c ./RTD/src/SchM_Mcu.o
                0x004031d4                SchM_Enter_Mcu_MCU_EXCLUSIVE_AREA_00
                0x00403208                SchM_Exit_Mcu_MCU_EXCLUSIVE_AREA_00
                0x00403238                SchM_Enter_Mcu_MCU_EXCLUSIVE_AREA_01
                0x0040326c                SchM_Exit_Mcu_MCU_EXCLUSIVE_AREA_01
                0x0040329c                SchM_Enter_Mcu_MCU_EXCLUSIVE_AREA_02
                0x004032d0                SchM_Exit_Mcu_MCU_EXCLUSIVE_AREA_02
 .mcal_text     0x00403300      0xaf0 ./RTD/src/SchM_Port.o
                0x00403300                SchM_Enter_Port_PORT_EXCLUSIVE_AREA_00
                0x00403334                SchM_Exit_Port_PORT_EXCLUSIVE_AREA_00
                0x00403364                SchM_Enter_Port_PORT_EXCLUSIVE_AREA_01
                0x00403398                SchM_Exit_Port_PORT_EXCLUSIVE_AREA_01
                0x004033c8                SchM_Enter_Port_PORT_EXCLUSIVE_AREA_02
                0x004033fc                SchM_Exit_Port_PORT_EXCLUSIVE_AREA_02
                0x0040342c                SchM_Enter_Port_PORT_EXCLUSIVE_AREA_03
                0x00403460                SchM_Exit_Port_PORT_EXCLUSIVE_AREA_03
                0x00403490                SchM_Enter_Port_PORT_EXCLUSIVE_AREA_04
                0x004034c4                SchM_Exit_Port_PORT_EXCLUSIVE_AREA_04
                0x004034f4                SchM_Enter_Port_PORT_EXCLUSIVE_AREA_05
                0x00403528                SchM_Exit_Port_PORT_EXCLUSIVE_AREA_05
                0x00403558                SchM_Enter_Port_PORT_EXCLUSIVE_AREA_06
                0x0040358c                SchM_Exit_Port_PORT_EXCLUSIVE_AREA_06
                0x004035bc                SchM_Enter_Port_PORT_EXCLUSIVE_AREA_07
                0x004035f0                SchM_Exit_Port_PORT_EXCLUSIVE_AREA_07
                0x00403620                SchM_Enter_Port_PORT_EXCLUSIVE_AREA_08
                0x00403654                SchM_Exit_Port_PORT_EXCLUSIVE_AREA_08
                0x00403684                SchM_Enter_Port_PORT_EXCLUSIVE_AREA_09
                0x004036b8                SchM_Exit_Port_PORT_EXCLUSIVE_AREA_09
                0x004036e8                SchM_Enter_Port_PORT_EXCLUSIVE_AREA_10
                0x0040371c                SchM_Exit_Port_PORT_EXCLUSIVE_AREA_10
                0x0040374c                SchM_Enter_Port_PORT_EXCLUSIVE_AREA_11
                0x00403780                SchM_Exit_Port_PORT_EXCLUSIVE_AREA_11
                0x004037b0                SchM_Enter_Port_PORT_EXCLUSIVE_AREA_12
                0x004037e4                SchM_Exit_Port_PORT_EXCLUSIVE_AREA_12
                0x00403814                SchM_Enter_Port_PORT_EXCLUSIVE_AREA_13
                0x00403848                SchM_Exit_Port_PORT_EXCLUSIVE_AREA_13
                0x00403878                SchM_Enter_Port_PORT_EXCLUSIVE_AREA_14
                0x004038ac                SchM_Exit_Port_PORT_EXCLUSIVE_AREA_14
                0x004038dc                SchM_Enter_Port_PORT_EXCLUSIVE_AREA_15
                0x00403910                SchM_Exit_Port_PORT_EXCLUSIVE_AREA_15
                0x00403940                SchM_Enter_Port_PORT_EXCLUSIVE_AREA_16
                0x00403974                SchM_Exit_Port_PORT_EXCLUSIVE_AREA_16
                0x004039a4                SchM_Enter_Port_PORT_EXCLUSIVE_AREA_17
                0x004039d8                SchM_Exit_Port_PORT_EXCLUSIVE_AREA_17
                0x00403a08                SchM_Enter_Port_PORT_EXCLUSIVE_AREA_18
                0x00403a3c                SchM_Exit_Port_PORT_EXCLUSIVE_AREA_18
                0x00403a6c                SchM_Enter_Port_PORT_EXCLUSIVE_AREA_19
                0x00403aa0                SchM_Exit_Port_PORT_EXCLUSIVE_AREA_19
                0x00403ad0                SchM_Enter_Port_PORT_EXCLUSIVE_AREA_20
                0x00403b04                SchM_Exit_Port_PORT_EXCLUSIVE_AREA_20
                0x00403b34                SchM_Enter_Port_PORT_EXCLUSIVE_AREA_21
                0x00403b68                SchM_Exit_Port_PORT_EXCLUSIVE_AREA_21
                0x00403b98                SchM_Enter_Port_PORT_EXCLUSIVE_AREA_22
                0x00403bcc                SchM_Exit_Port_PORT_EXCLUSIVE_AREA_22
                0x00403bfc                SchM_Enter_Port_PORT_EXCLUSIVE_AREA_23
                0x00403c30                SchM_Exit_Port_PORT_EXCLUSIVE_AREA_23
                0x00403c60                SchM_Enter_Port_PORT_EXCLUSIVE_AREA_24
                0x00403c94                SchM_Exit_Port_PORT_EXCLUSIVE_AREA_24
                0x00403cc4                SchM_Enter_Port_PORT_EXCLUSIVE_AREA_25
                0x00403cf8                SchM_Exit_Port_PORT_EXCLUSIVE_AREA_25
                0x00403d28                SchM_Enter_Port_PORT_EXCLUSIVE_AREA_26
                0x00403d5c                SchM_Exit_Port_PORT_EXCLUSIVE_AREA_26
                0x00403d8c                SchM_Enter_Port_PORT_EXCLUSIVE_AREA_27
                0x00403dc0                SchM_Exit_Port_PORT_EXCLUSIVE_AREA_27
 .mcal_text     0x00403df0      0x190 ./RTD/src/Siul2_Dio_Ip.o
                0x00403e26                Siul2_Dio_Ip_WritePin
                0x00403e7a                Siul2_Dio_Ip_WritePins
                0x00403e92                Siul2_Dio_Ip_GetPinsOutput
                0x00403eaa                Siul2_Dio_Ip_SetPins
                0x00403ec8                Siul2_Dio_Ip_ClearPins
                0x00403ee8                Siul2_Dio_Ip_TogglePins
                0x00403f06                Siul2_Dio_Ip_ReadPins
                0x00403f20                Siul2_Dio_Ip_ReadPin
                0x00403f52                Siul2_Dio_Ip_MaskedWritePins
 .mcal_text     0x00403f80      0x458 ./RTD/src/Siul2_Port_Ip.o
                0x004040d4                Siul2_Port_Ip_Init
                0x00404104                Siul2_Port_Ip_SetPullSel
                0x00404160                Siul2_Port_Ip_SetOutputBuffer
                0x004041c6                Siul2_Port_Ip_SetInputBuffer
                0x00404236                Siul2_Port_Ip_SetPinDirection
                0x004042ae                Siul2_Port_Ip_RevertPinConfiguration
                0x00404310                Siul2_Port_Ip_GetPinConfiguration
 .mcal_text     0x004043d8       0xd0 ./RTD/src/Tspc_Port_Ip.o
                0x004043d8                Tspc_Port_Ip_EnableObeGroup
                0x00404408                Tspc_Port_Ip_ConfigureObeGroup
                0x004044a8                . = ALIGN (0x4)
 *(.acmcu_code_rom)
                0x004044a8                . = ALIGN (0x4)
                0x004044a8                __acfls_code_rom_start = .
 *(.acfls_code_rom)
 .acfls_code_rom
                0x004044a8       0x58 ./RTD/src/Clock_Ip_Specific.o
                0x004044a8                Clock_Ip_PRAMCSetRamIWS
 .acfls_code_rom.__stub
                0x00404500        0x8 linker stubs
                0x00404508                . = ALIGN (0x4)
                0x00404508                __acfls_code_rom_end = .
 *(.init)
                0x00404508                . = ALIGN (0x4)
 *(.fini)
                0x00404508                . = ALIGN (0x4)
 *(.rodata)
 .rodata        0x00404508        0x3 ./RTD/src/Clock_Ip_IntOsc.o
 *fill*         0x0040450b        0x1 
 .rodata        0x0040450c        0x4 ./RTD/src/Siul2_Port_Ip.o
                0x0040450c                Port_au32Siul2BaseAddr
 .rodata        0x00404510       0xab ./hse_config/hse_config.o
                0x00404510                g_appSignature
                0x00404558                g_appSignatureSize
                0x0040455c                g_eccPublicKeySize
                0x00404560                g_eccPublicKey
 *(.rodata*)
                0x004045bc                . = ALIGN (0x4)
 *fill*         0x004045bb        0x1 
 *(.mcal_const_cfg)
 .mcal_const_cfg
                0x004045bc      0x2f0 ./board/Siul2_Port_Ip_Cfg.o
                0x004045bc                g_pin_mux_InitConfigArr0
 .mcal_const_cfg
                0x004048ac      0x5d8 ./generate/src/Clock_Ip_Cfg.o
                0x004048ac                Clock_Ip_aClockConfig
                0x00404e84                . = ALIGN (0x4)
 *(.mcal_const)
 .mcal_const    0x00404e84     0x10da ./RTD/src/Clock_Ip_Data.o
                0x00404e84                Clock_Ip_axGateInfo
                0x0040555c                Clock_Ip_axFeatureExtensions
                0x0040577c                Clock_Ip_aeHwDfsName
                0x00405780                Clock_Ip_aeHwPllName
                0x00405784                Clock_Ip_aeSourceTypeClockName
                0x004057dc                Clock_Ip_apxMcMeTriggerPartitions
                0x004057ec                Clock_Ip_apxMcMeGetPartitions
                0x004057fc                Clock_Ip_apxMcMeSetPartitions
                0x0040580c                Clock_Ip_axCmuInfo
                0x0040587c                Clock_Ip_aeCmuNames
                0x00405898                Clock_Ip_apxCmu
                0x004058b4                Clock_Ip_apxPll
                0x004058c4                Clock_Ip_apxXosc
                0x004058cc                Clock_Ip_apxCgmPcfs
                0x004058d0                Clock_Ip_apxCgm
                0x00405920                Clock_Ip_au16SelectorEntryRtcHardwareValue
                0x0040594c                Clock_Ip_au16SelectorEntryHardwareValue
                0x00405978                Clock_Ip_au8SoftwareMuxResetValue
                0x00405a06                Clock_Ip_au8ClockFeatures
                0x00405f04                Clock_Ip_au8CmuCallbackIndex
                0x00405f0d                Clock_Ip_au8PcfsCallbackIndex
                0x00405f16                Clock_Ip_au8SelectorCallbackIndex
                0x00405f1f                Clock_Ip_au8PllCallbackIndex
                0x00405f28                Clock_Ip_au8FractionalDividerCallbackIndex
                0x00405f31                Clock_Ip_au8GateCallbackIndex
                0x00405f3a                Clock_Ip_au8IrcoscCallbackIndex
                0x00405f43                Clock_Ip_au8XoscCallbackIndex
                0x00405f4c                Clock_Ip_au8DividerTriggerCallbackIndex
                0x00405f55                Clock_Ip_au8DividerCallbackIndex
 *fill*         0x00405f5e        0x2 
 .mcal_const    0x00405f60       0x10 ./RTD/src/Clock_Ip_Divider.o
                0x00405f60                Clock_Ip_axDividerCallbacks
 .mcal_const    0x00405f70       0x10 ./RTD/src/Clock_Ip_DividerTrigger.o
                0x00405f70                Clock_Ip_axDividerTriggerCallbacks
 .mcal_const    0x00405f80       0x3c ./RTD/src/Clock_Ip_ExtOsc.o
                0x00405f80                Clock_Ip_axExtOscCallbacks
 .mcal_const    0x00405fbc        0xc ./RTD/src/Clock_Ip_FracDiv.o
                0x00405fbc                Clock_Ip_axFracDivCallbacks
 .mcal_const    0x00405fc8       0x10 ./RTD/src/Clock_Ip_Gate.o
                0x00405fc8                Clock_Ip_axGateCallbacks
 .mcal_const    0x00405fd8       0x30 ./RTD/src/Clock_Ip_IntOsc.o
                0x00405fd8                Clock_Ip_axIntOscCallbacks
 .mcal_const    0x00406008       0x20 ./RTD/src/Clock_Ip_Monitor.o
                0x00406008                Clock_Ip_axCmuCallbacks
 .mcal_const    0x00406028       0x28 ./RTD/src/Clock_Ip_Pll.o
                0x00406028                Clock_Ip_axPllCallbacks
 .mcal_const    0x00406050        0x8 ./RTD/src/Clock_Ip_ProgFreqSwitch.o
                0x00406050                Clock_Ip_axPcfsCallbacks
 .mcal_const    0x00406058       0x28 ./RTD/src/Clock_Ip_Selector.o
                0x00406058                Clock_Ip_axSelectorCallbacks
                0x00406080                . = ALIGN (0x4)
                0x00406080                __init_table = .
 *(.init_table)
 .init_table    0x00406080       0x4c ./Project_Settings/Startup_Code/startup_cm7.o
                0x004060cc                . = ALIGN (0x4)
                0x004060cc                __zero_table = .
 *(.zero_table)
 .zero_table    0x004060cc       0x1c ./Project_Settings/Startup_Code/startup_cm7.o
                0x004060f0                . = ALIGN (0x10)
 *fill*         0x004060e8        0x8 
                0x004060f0                __signature_area_start = .
 *(.signature)
                0x004060f0                . = ALIGN (0x10)
                0x004060f0                __signature_area_end = .

.glue_7         0x004060f0        0x0
 .glue_7        0x004060f0        0x0 linker stubs

.glue_7t        0x004060f0        0x0
 .glue_7t       0x004060f0        0x0 linker stubs

.vfp11_veneer   0x004060f0        0x0
 .vfp11_veneer  0x004060f0        0x0 linker stubs

.v4_bx          0x004060f0        0x0
 .v4_bx         0x004060f0        0x0 linker stubs

.iplt           0x004060f0        0x0
 .iplt          0x004060f0        0x0 ./Project_Settings/Startup_Code/Vector_Table.o

.rel.dyn        0x004060f0        0x0
 .rel.iplt      0x004060f0        0x0 ./Project_Settings/Startup_Code/Vector_Table.o
                0x004060f0                . = ALIGN (0x4)
                0x004060f0                __text_end = .
                0x004060f0                __sram_data_rom = __text_end

.sram_bss       0x20400000      0x148
                0x20400000                . = ALIGN (0x8)
                0x20400000                __standby_ram_begin__ = .
 *(.standby_data)
                0x20400000                . = ALIGN (0x8)
                0x20400000                __standby_ram_end__ = .
                0x20400000                . = ALIGN (0x10)
                0x20400000                __sram_bss_start = .
 *(.bss)
 .bss           0x20400000        0x0 ./Hse_Files/dcm_register/hse_dcm_register.o
 .bss           0x20400000        0x0 ./Hse_Files/hse_api.o
 .bss           0x20400000        0x0 ./Project_Settings/Startup_Code/Vector_Table.o
 .bss           0x20400000        0x0 ./Project_Settings/Startup_Code/exceptions.o
 .bss           0x20400000        0x0 ./Project_Settings/Startup_Code/nvic.o
 .bss           0x20400000        0x0 ./Project_Settings/Startup_Code/startup.o
 .bss           0x20400000        0x0 ./Project_Settings/Startup_Code/startup_cm7.o
 .bss           0x20400000       0x78 ./Project_Settings/Startup_Code/system.o
                0x20400000                rbar
                0x2040003c                rasr
 .bss           0x20400078        0x0 ./RTD/src/Clock_Ip.o
 .bss           0x20400078        0x0 ./RTD/src/Clock_Ip_Data.o
 .bss           0x20400078        0x0 ./RTD/src/Clock_Ip_Divider.o
 .bss           0x20400078        0x0 ./RTD/src/Clock_Ip_DividerTrigger.o
 .bss           0x20400078        0x0 ./RTD/src/Clock_Ip_ExtOsc.o
 .bss           0x20400078        0x0 ./RTD/src/Clock_Ip_FracDiv.o
 .bss           0x20400078        0x0 ./RTD/src/Clock_Ip_Frequency.o
 .bss           0x20400078        0x0 ./RTD/src/Clock_Ip_Gate.o
 .bss           0x20400078        0x0 ./RTD/src/Clock_Ip_IntOsc.o
 .bss           0x20400078        0x0 ./RTD/src/Clock_Ip_Irq.o
 .bss           0x20400078        0x0 ./RTD/src/Clock_Ip_Monitor.o
 .bss           0x20400078        0x0 ./RTD/src/Clock_Ip_Pll.o
 .bss           0x20400078        0x0 ./RTD/src/Clock_Ip_ProgFreqSwitch.o
 .bss           0x20400078        0x0 ./RTD/src/Clock_Ip_Selector.o
 .bss           0x20400078        0x0 ./RTD/src/Clock_Ip_Specific.o
 .bss           0x20400078        0x0 ./RTD/src/Det.o
 .bss           0x20400078        0x0 ./RTD/src/Det_stub.o
 .bss           0x20400078        0x0 ./RTD/src/Igf_Port_Ip.o
 .bss           0x20400078        0x0 ./RTD/src/OsIf_Interrupts.o
 .bss           0x20400078        0x0 ./RTD/src/OsIf_Timer.o
 .bss           0x20400078        0x0 ./RTD/src/OsIf_Timer_System.o
 .bss           0x20400078        0x0 ./RTD/src/OsIf_Timer_System_Internal_Systick.o
 .bss           0x20400078        0x0 ./RTD/src/SchM_Dio.o
 .bss           0x20400078        0x0 ./RTD/src/SchM_Mcu.o
 .bss           0x20400078        0x0 ./RTD/src/SchM_Port.o
 .bss           0x20400078        0x0 ./RTD/src/Siul2_Dio_Ip.o
 .bss           0x20400078        0x0 ./RTD/src/Siul2_Port_Ip.o
 .bss           0x20400078        0x0 ./RTD/src/Tspc_Port_Ip.o
 .bss           0x20400078        0x0 ./board/Siul2_Port_Ip_Cfg.o
 .bss           0x20400078        0x0 ./board/Tspc_Port_Ip_Cfg.o
 .bss           0x20400078        0x0 ./generate/src/Clock_Ip_Cfg.o
 .bss           0x20400078        0x0 ./generate/src/Igf_Port_Ip_Cfg.o
 .bss           0x20400078        0x0 ./generate/src/OsIf_Cfg.o
 .bss           0x20400078        0x0 ./hse_config/hse_config.o
 .bss           0x20400078        0x8 ./src/main.o
                0x20400078                delay
                0x2040007c                exit_code
 .bss           0x20400080        0x0 c:/nxp/s32ds.3.5/s32ds/build_tools/gcc_v10.2/gcc-10.2-arm32-eabi/bin/../lib/gcc/arm-none-eabi/10.2.0/../../../../arm-none-eabi/lib/thumb/v7e-m+fp/hard\libc_nano.a(lib_a-memmove.o)
 .bss           0x20400080        0x0 c:/nxp/s32ds.3.5/s32ds/build_tools/gcc_v10.2/gcc-10.2-arm32-eabi/bin/../lib/gcc/arm-none-eabi/10.2.0/../../../../arm-none-eabi/lib/thumb/v7e-m+fp/hard\libc_nano.a(lib_a-memset.o)
 *(.bss*)
                0x20400080                . = ALIGN (0x10)
 *(.mcal_bss)
 .mcal_bss      0x20400080        0x4 ./Project_Settings/Startup_Code/system.o
                0x20400080                RESET_CATCH_CORE
 .mcal_bss      0x20400084       0x99 ./RTD/src/Clock_Ip.o
                0x20400088                Clock_Ip_FreqIds
                0x20400118                Clock_Ip_pxConfig
 *fill*         0x2040011d        0x3 
 .mcal_bss      0x20400120       0x10 ./RTD/src/Clock_Ip_Monitor.o
 .mcal_bss      0x20400130        0x4 ./RTD/src/Clock_Ip_ProgFreqSwitch.o
 .mcal_bss      0x20400134        0xc ./RTD/src/Clock_Ip_Specific.o
 .mcal_bss      0x20400140        0x8 ./RTD/src/Siul2_Port_Ip.o
                0x20400148                . = ALIGN (0x4)
                0x20400148                __sram_bss_end = .

.sram_data      0x20400148       0x98 load address 0x004060f0
                0x20400148                . = ALIGN (0x4)
                0x20400148                __sram_data_begin__ = .
                0x20400148                . = ALIGN (0x4)
 *(.ramcode)
 .ramcode       0x20400148       0x90 ./RTD/src/Clock_Ip_Specific.o
                0x204001d8                . = ALIGN (0x4)
 *(.data)
 .data          0x204001d8        0x0 ./Hse_Files/dcm_register/hse_dcm_register.o
 .data          0x204001d8        0x0 ./Hse_Files/hse_api.o
 .data          0x204001d8        0x0 ./Project_Settings/Startup_Code/Vector_Table.o
 .data          0x204001d8        0x0 ./Project_Settings/Startup_Code/exceptions.o
 .data          0x204001d8        0x0 ./Project_Settings/Startup_Code/nvic.o
 .data          0x204001d8        0x0 ./Project_Settings/Startup_Code/startup.o
 .data          0x204001d8        0x0 ./Project_Settings/Startup_Code/startup_cm7.o
 .data          0x204001d8        0x0 ./Project_Settings/Startup_Code/system.o
 .data          0x204001d8        0x4 ./RTD/src/Clock_Ip.o
 .data          0x204001dc        0x0 ./RTD/src/Clock_Ip_Data.o
 .data          0x204001dc        0x0 ./RTD/src/Clock_Ip_Divider.o
 .data          0x204001dc        0x0 ./RTD/src/Clock_Ip_DividerTrigger.o
 .data          0x204001dc        0x0 ./RTD/src/Clock_Ip_ExtOsc.o
 .data          0x204001dc        0x0 ./RTD/src/Clock_Ip_FracDiv.o
 .data          0x204001dc        0x0 ./RTD/src/Clock_Ip_Frequency.o
 .data          0x204001dc        0x0 ./RTD/src/Clock_Ip_Gate.o
 .data          0x204001dc        0x0 ./RTD/src/Clock_Ip_IntOsc.o
 .data          0x204001dc        0x0 ./RTD/src/Clock_Ip_Irq.o
 .data          0x204001dc        0x0 ./RTD/src/Clock_Ip_Monitor.o
 .data          0x204001dc        0x0 ./RTD/src/Clock_Ip_Pll.o
 .data          0x204001dc        0x0 ./RTD/src/Clock_Ip_ProgFreqSwitch.o
 .data          0x204001dc        0x0 ./RTD/src/Clock_Ip_Selector.o
 .data          0x204001dc        0x0 ./RTD/src/Clock_Ip_Specific.o
 .data          0x204001dc        0x0 ./RTD/src/Det.o
 .data          0x204001dc        0x0 ./RTD/src/Det_stub.o
 .data          0x204001dc        0x0 ./RTD/src/Igf_Port_Ip.o
 .data          0x204001dc        0x0 ./RTD/src/OsIf_Interrupts.o
 .data          0x204001dc        0x0 ./RTD/src/OsIf_Timer.o
 .data          0x204001dc        0x0 ./RTD/src/OsIf_Timer_System.o
 .data          0x204001dc        0x0 ./RTD/src/OsIf_Timer_System_Internal_Systick.o
 .data          0x204001dc        0x0 ./RTD/src/SchM_Dio.o
 .data          0x204001dc        0x0 ./RTD/src/SchM_Mcu.o
 .data          0x204001dc        0x0 ./RTD/src/SchM_Port.o
 .data          0x204001dc        0x0 ./RTD/src/Siul2_Dio_Ip.o
 .data          0x204001dc        0x0 ./RTD/src/Siul2_Port_Ip.o
 .data          0x204001dc        0x0 ./RTD/src/Tspc_Port_Ip.o
 .data          0x204001dc        0x0 ./board/Siul2_Port_Ip_Cfg.o
 .data          0x204001dc        0x0 ./board/Tspc_Port_Ip_Cfg.o
 .data          0x204001dc        0x0 ./generate/src/Clock_Ip_Cfg.o
 .data          0x204001dc        0x0 ./generate/src/Igf_Port_Ip_Cfg.o
 .data          0x204001dc        0x0 ./generate/src/OsIf_Cfg.o
 .data          0x204001dc        0x0 ./hse_config/hse_config.o
 .data          0x204001dc        0x0 ./src/main.o
 .data          0x204001dc        0x0 c:/nxp/s32ds.3.5/s32ds/build_tools/gcc_v10.2/gcc-10.2-arm32-eabi/bin/../lib/gcc/arm-none-eabi/10.2.0/../../../../arm-none-eabi/lib/thumb/v7e-m+fp/hard\libc_nano.a(lib_a-memmove.o)
 .data          0x204001dc        0x0 c:/nxp/s32ds.3.5/s32ds/build_tools/gcc_v10.2/gcc-10.2-arm32-eabi/bin/../lib/gcc/arm-none-eabi/10.2.0/../../../../arm-none-eabi/lib/thumb/v7e-m+fp/hard\libc_nano.a(lib_a-memset.o)
 *(.data*)
                0x204001dc                . = ALIGN (0x4)
 *(.mcal_data)
 .mcal_data     0x204001dc        0x4 ./RTD/src/Siul2_Dio_Ip.o
                0x204001dc                Siul2_Dio_Ip_au32BaseAdresses
                0x204001e0                . = ALIGN (0x4)
                0x204001e0                __sram_data_end__ = .
                0x00406188                __sram_data_rom_end = (__sram_data_rom + (__sram_data_end__ - __sram_data_begin__))

.heap           0x204001e0     0x2000 load address 0x00406188
                0x00000000                . = (. + ALIGN (0x4))
                0x204001e0                _end = .
                0x204001e0                end = .
                0x204001e0                _heap_start = .
                0x00002000                . = (. + HEAP_SIZE)
 *fill*         0x204001e0     0x2000 
                0x204021e0                _heap_end = .

.acfls_code_ram
                0x20420000        0x0
                0x20420000                acfls_code_ram_start = .
 *(.acfls_code_ram)
                0x20420000                acfls_code_ram_stop = .
                0x00406188                __non_cacheable_data_rom = __sram_data_rom_end

.hse_shared_data
                0x20430000        0x0
                0x20430000                . = ALIGN (0x4)
                0x20430000                __hse_shared_start = .
 *(.hse_shared)
                0x20430000                . = ALIGN (0x4)
                0x20430000                __hse_shared_end = .

.non_cacheable_data
                0x20430000        0x4 load address 0x00406188
                0x20430000                . = ALIGN (0x4)
                0x20430000                __non_cacheable_data_start__ = .
 *(.mcal_data_no_cacheable)
                0x20430000                . = ALIGN (0x4)
 *(.mcal_const_no_cacheable)
                0x20430000                . = ALIGN (0x4)
                0x20430000                HSE_LOOP_ADDR = .
                0x20430000        0x4 LONG 0x0
                0x20430004                __non_cacheable_data_end__ = .
                0x0040618c                __non_cacheable_data_rom_end = (__non_cacheable_data_rom + (__non_cacheable_data_end__ - __non_cacheable_data_start__))

.igot.plt       0x20430004        0x0 load address 0x0040618c
 .igot.plt      0x20430004        0x0 ./Project_Settings/Startup_Code/Vector_Table.o

.non_cacheable_bss
                0x20430004      0x468 load address 0x0040618c
                0x20430010                . = ALIGN (0x10)
 *fill*         0x20430004        0xc 
                0x20430010                __non_cacheable_bss_start = .
 *(.mcal_bss_no_cacheable)
 .mcal_bss_no_cacheable
                0x20430010       0x3c ./RTD/src/Det.o
                0x20430010                Det_TransientModuleId
                0x20430018                Det_ApiId
                0x2043001c                Det_TransientInstanceId
                0x20430020                Det_ErrorId
                0x20430024                Det_TransientApiId
                0x20430028                Det_RuntimeModuleId
                0x20430030                Det_TransientFaultId
                0x20430034                Det_RuntimeInstanceId
                0x20430038                Det_RuntimeApiId
                0x2043003c                Det_ModuleId
                0x20430044                Det_RuntimeErrorId
                0x20430048                Det_InstanceId
 .mcal_bss_no_cacheable
                0x2043004c       0x40 ./RTD/src/SchM_Dio.o
 .mcal_bss_no_cacheable
                0x2043008c       0x60 ./RTD/src/SchM_Mcu.o
 .mcal_bss_no_cacheable
                0x204300ec      0x380 ./RTD/src/SchM_Port.o
                0x2043046c                . = ALIGN (0x4)
                0x2043046c                __non_cacheable_bss_end = .

.int_results    0x2043ff00      0x100
                0x2043ff00                . = ALIGN (0x4)
 *(.int_results)
                0x20440000                . = (. + 0x100)
 *fill*         0x2043ff00      0x100 
                0x0040618c                __shareable_data_rom = __non_cacheable_data_rom_end

.shareable_data
                0x20440000        0x0 load address 0x0040618c
                0x20440000                . = ALIGN (0x4)
                0x20440000                __shareable_data_start__ = .
 *(.mcal_shared_data)
                0x20440000                . = ALIGN (0x4)
                0x20440000                __shareable_data_end__ = .
                0x0040618c                __shareable_data_rom_end = (__shareable_data_rom + (__shareable_data_end__ - __shareable_data_start__))

.int_vector     0x20000000      0x408
                0x20000000                . = ALIGN (0x800)
                0x20000000                __interrupts_ram_start = .
                0x20000408                . = (. + (__interrupts_init_end - __interrupts_init_start))
 *fill*         0x20000000      0x408 
                0x20000408                . = ALIGN (0x4)
                0x20000408                __interrupts_ram_end = .
                0x0040618c                __tcm_data_rom = __shareable_data_rom_end

.data_tcm_data  0x20000408        0x0 load address 0x0040618c
                0x20000408                . = ALIGN (0x4)
                0x20000408                __dtcm_data_start__ = .
 *(.dtcm_data*)
                0x20000408                . = ALIGN (0x4)
                0x20000408                __dtcm_data_end__ = .
                0x0040618c                __tcm_data_rom_end = (__tcm_data_rom + (__dtcm_data_end__ - __dtcm_data_start__))

.bss_tcm_data   0x20000408        0x0
                0x20000408                . = ALIGN (0x4)
                0x20000408                __dtcm_bss_start__ = .
 *(.dtcm_bss*)
                0x20000408                . = ALIGN (0x4)
                0x20000408                __dtcm_bss_end__ = .
                0x0040618c                __tcm_code_rom_start = __tcm_data_rom_end

.itcm_text      0x00000000        0x0 load address 0x0040618c
                0x00000000                . = ALIGN (0x4)
                0x00000000                __itcm_start__ = .
 *(.itcm_text*)
                0x00000000                . = ALIGN (0x4)
                0x00000000                __itcm_end__ = .
                0x0040618c                __tcm_code_rom_end = (__tcm_code_rom_start + (__itcm_end__ - __itcm_start__))

.shareable_bss  0x20440000        0x0
                0x20440000                . = ALIGN (0x10)
                0x20440000                __shareable_bss_start = .
 *(.mcal_shared_bss)
                0x20440000                . = ALIGN (0x4)
                0x20440000                __shareable_bss_end = .
                0x2001f000                __Stack_dtcm_end = ORIGIN (int_stack_dtcm)
                0x20020000                __Stack_dtcm_start = (ORIGIN (int_stack_dtcm) + LENGTH (int_stack_dtcm))
                0x20400000                __INT_SRAM_START = ORIGIN (int_sram)
                0x20420000                __INT_SRAM_END = (ORIGIN (int_sram) + LENGTH (int_sram))
                0x00000000                __INT_ITCM_START = ORIGIN (int_itcm)
                0x00010000                __INT_ITCM_END = (ORIGIN (int_itcm) + LENGTH (int_itcm))
                0x20000000                __INT_DTCM_START = ORIGIN (int_dtcm)
                0x20020000                __INT_DTCM_END = ((ORIGIN (int_dtcm) + LENGTH (int_dtcm)) + LENGTH (int_stack_dtcm))
                0x20440000                __RAM_SHAREABLE_START = ORIGIN (int_sram_shareable)
                0x20444000                __RAM_SHAREABLE_END = (ORIGIN (int_sram_shareable) + LENGTH (int_sram_shareable))
                0x0000000e                __RAM_SHAREABLE_SIZE = 0xe
                0x0040618c                __ROM_SHAREABLE_START = __shareable_data_rom
                0x0040618c                __ROM_SHAREABLE_END = __shareable_data_rom_end
                0x20430000                __RAM_NO_CACHEABLE_START = ORIGIN (int_sram_no_cacheable)
                0x2043feff                __RAM_NO_CACHEABLE_END = ((ORIGIN (int_sram_no_cacheable) + LENGTH (int_sram_no_cacheable)) - 0x1)
                0x00000010                __RAM_NO_CACHEABLE_SIZE = 0x10
                0x00406188                __ROM_NO_CACHEABLE_START = __non_cacheable_data_rom
                0x0040618c                __ROM_NO_CACHEABLE_END = __non_cacheable_data_rom_end
                0x20400148                __RAM_CACHEABLE_START = __sram_data_begin__
                0x20420147                __RAM_CACHEABLE_END = ((__sram_data_begin__ + LENGTH (int_sram)) - 0x1)
                0x00000012                __RAM_CACHEABLE_SIZE = 0x12
                0x004060f0                __ROM_CACHEABLE_START = __sram_data_rom
                0x00406188                __ROM_CACHEABLE_END = __sram_data_rom_end
                0x00400000                __ROM_CODE_START = ORIGIN (int_pflash)
                0x10000000                __ROM_DATA_START = ORIGIN (int_dflash)
                0x00700000                __HSE_FIRMWARE_START = ORIGIN (hse_firmware_area)
                0x0072c000                __HSE_FIRMWARE_END = (ORIGIN (hse_firmware_area) + LENGTH (hse_firmware_area))
                0x004060f0                __SIGNATURE_START = __signature_area_start
                0x004060f0                __SIGNATURE_END = __signature_area_end
                0x20400000                __BSS_SRAM_START = __sram_bss_start
                0x20400148                __BSS_SRAM_END = __sram_bss_end
                0x00000148                __BSS_SRAM_SIZE = (__sram_bss_end - __sram_bss_start)
                0x20430010                __BSS_SRAM_NC_START = __non_cacheable_bss_start
                0x0000045c                __BSS_SRAM_NC_SIZE = (__non_cacheable_bss_end - __non_cacheable_bss_start)
                0x2043046c                __BSS_SRAM_NC_END = __non_cacheable_bss_end
                0x20440000                __BSS_SRAM_SH_START = __shareable_bss_start
                0x00000000                __BSS_SRAM_SH_SIZE = (__shareable_bss_end - __shareable_bss_start)
                0x20440000                __BSS_SRAM_SH_END = __shareable_bss_end
                0x20000000                __RAM_INTERRUPT_START = __interrupts_ram_start
                0x00400800                __INIT_INTERRUPT_START = __interrupts_init_start
                0x00400c08                __INIT_INTERRUPT_END = __interrupts_init_end
                0x00000000                __RAM_ITCM_START = __itcm_start__
                0x0040618c                __ROM_ITCM_START = __tcm_code_rom_start
                0x0040618c                __ROM_ITCM_END = __tcm_code_rom_end
                0x20000408                __RAM_DTCM_DATA_START = __dtcm_data_start__
                0x0040618c                __ROM_DTCM_DATA_START = __tcm_data_rom
                0x0040618c                __ROM_DTCM_END = __tcm_data_rom_end
                0x00406080                __INIT_TABLE = __init_table
                0x004060cc                __ZERO_TABLE = __zero_table
                0x00000001                __RAM_INIT = 0x1
                0x00000001                __ITCM_INIT = 0x1
                0x00000001                __DTCM_INIT = 0x1
                0x004044a8                Fls_ACEraseRomStart = __acfls_code_rom_start
                0x00404508                Fls_ACEraseRomEnd = __acfls_code_rom_end
                0x00000018                Fls_ACEraseSize = ((__acfls_code_rom_end - __acfls_code_rom_start) / 0x4)
                0x004044a8                Fls_ACWriteRomStart = __acfls_code_rom_start
                0x00404508                Fls_ACWriteRomEnd = __acfls_code_rom_end
                0x00000018                Fls_ACWriteSize = ((__acfls_code_rom_end - __acfls_code_rom_start) / 0x4)
                0x20420000                _ERASE_FUNC_ADDRESS_ = ADDR (.acfls_code_ram)
                0x20420000                _WRITE_FUNC_ADDRESS_ = ADDR (.acfls_code_ram)
                0x00400800                __ENTRY_VTABLE = __INIT_INTERRUPT_START
                0x00400800                __CORE0_VTOR = __INIT_INTERRUPT_START
                0x00400800                __CORE1_VTOR = __INIT_INTERRUPT_START
                0x00400800                __CORE2_VTOR = __INIT_INTERRUPT_START
                0x00000003                __INDEX_COPY_CORE2 = 0x3
                0x00000001                ASSERT ((__standby_ram_end__ <= __STANDBY_RAM_LIMIT_END), Memory for standby ram overflow)
OUTPUT(HSE_FW_Installation.elf elf32-littlearm)
LOAD linker stubs

.debug_info     0x00000000    0x1c7d4
 .debug_info    0x00000000      0x485 ./Hse_Files/dcm_register/hse_dcm_register.o
 .debug_info    0x00000485      0x140 ./Hse_Files/hse_api.o
 .debug_info    0x000005c5      0x139 ./Project_Settings/Startup_Code/exceptions.o
 .debug_info    0x000006fe      0x76a ./Project_Settings/Startup_Code/nvic.o
 .debug_info    0x00000e68      0x36f ./Project_Settings/Startup_Code/startup.o
 .debug_info    0x000011d7       0x22 ./Project_Settings/Startup_Code/startup_cm7.o
 .debug_info    0x000011f9      0xbb0 ./Project_Settings/Startup_Code/system.o
 .debug_info    0x00001da9     0x1fc6 ./RTD/src/Clock_Ip.o
 .debug_info    0x00003d6f     0x1676 ./RTD/src/Clock_Ip_Data.o
 .debug_info    0x000053e5      0xa42 ./RTD/src/Clock_Ip_Divider.o
 .debug_info    0x00005e27      0x820 ./RTD/src/Clock_Ip_DividerTrigger.o
 .debug_info    0x00006647      0xacf ./RTD/src/Clock_Ip_ExtOsc.o
 .debug_info    0x00007116      0x5e3 ./RTD/src/Clock_Ip_FracDiv.o
 .debug_info    0x000076f9      0x451 ./RTD/src/Clock_Ip_Frequency.o
 .debug_info    0x00007b4a      0xa04 ./RTD/src/Clock_Ip_Gate.o
 .debug_info    0x0000854e      0xd4f ./RTD/src/Clock_Ip_IntOsc.o
 .debug_info    0x0000929d       0xb2 ./RTD/src/Clock_Ip_Irq.o
 .debug_info    0x0000934f     0x13ab ./RTD/src/Clock_Ip_Monitor.o
 .debug_info    0x0000a6fa      0xaef ./RTD/src/Clock_Ip_Pll.o
 .debug_info    0x0000b1e9      0xfc0 ./RTD/src/Clock_Ip_ProgFreqSwitch.o
 .debug_info    0x0000c1a9     0x1067 ./RTD/src/Clock_Ip_Selector.o
 .debug_info    0x0000d210     0x18d5 ./RTD/src/Clock_Ip_Specific.o
 .debug_info    0x0000eae5      0x420 ./RTD/src/Det.o
 .debug_info    0x0000ef05      0x471 ./RTD/src/Det_stub.o
 .debug_info    0x0000f376       0x7d ./RTD/src/Igf_Port_Ip.o
 .debug_info    0x0000f3f3       0x7d ./RTD/src/OsIf_Interrupts.o
 .debug_info    0x0000f470      0x2c7 ./RTD/src/OsIf_Timer.o
 .debug_info    0x0000f737       0x7d ./RTD/src/OsIf_Timer_System.o
 .debug_info    0x0000f7b4      0x196 ./RTD/src/OsIf_Timer_System_Internal_Systick.o
 .debug_info    0x0000f94a      0x2ce ./RTD/src/SchM_Dio.o
 .debug_info    0x0000fc18      0x39b ./RTD/src/SchM_Mcu.o
 .debug_info    0x0000ffb3     0x17a0 ./RTD/src/SchM_Port.o
 .debug_info    0x00011753     0x240e ./RTD/src/Siul2_Dio_Ip.o
 .debug_info    0x00013b61     0x3000 ./RTD/src/Siul2_Port_Ip.o
 .debug_info    0x00016b61      0x347 ./RTD/src/Tspc_Port_Ip.o
 .debug_info    0x00016ea8     0x22f4 ./board/Siul2_Port_Ip_Cfg.o
 .debug_info    0x0001919c       0x7d ./board/Tspc_Port_Ip_Cfg.o
 .debug_info    0x00019219      0xe14 ./generate/src/Clock_Ip_Cfg.o
 .debug_info    0x0001a02d       0x7d ./generate/src/Igf_Port_Ip_Cfg.o
 .debug_info    0x0001a0aa       0x7d ./generate/src/OsIf_Cfg.o
 .debug_info    0x0001a127      0x2a4 ./hse_config/hse_config.o
 .debug_info    0x0001a3cb     0x2409 ./src/main.o

.debug_abbrev   0x00000000     0x3af5
 .debug_abbrev  0x00000000      0x14e ./Hse_Files/dcm_register/hse_dcm_register.o
 .debug_abbrev  0x0000014e       0xaf ./Hse_Files/hse_api.o
 .debug_abbrev  0x000001fd       0x47 ./Project_Settings/Startup_Code/exceptions.o
 .debug_abbrev  0x00000244      0x102 ./Project_Settings/Startup_Code/nvic.o
 .debug_abbrev  0x00000346      0x119 ./Project_Settings/Startup_Code/startup.o
 .debug_abbrev  0x0000045f       0x12 ./Project_Settings/Startup_Code/startup_cm7.o
 .debug_abbrev  0x00000471      0x229 ./Project_Settings/Startup_Code/system.o
 .debug_abbrev  0x0000069a      0x39d ./RTD/src/Clock_Ip.o
 .debug_abbrev  0x00000a37      0x14c ./RTD/src/Clock_Ip_Data.o
 .debug_abbrev  0x00000b83      0x21e ./RTD/src/Clock_Ip_Divider.o
 .debug_abbrev  0x00000da1      0x1b0 ./RTD/src/Clock_Ip_DividerTrigger.o
 .debug_abbrev  0x00000f51      0x283 ./RTD/src/Clock_Ip_ExtOsc.o
 .debug_abbrev  0x000011d4      0x163 ./RTD/src/Clock_Ip_FracDiv.o
 .debug_abbrev  0x00001337       0x92 ./RTD/src/Clock_Ip_Frequency.o
 .debug_abbrev  0x000013c9      0x1ac ./RTD/src/Clock_Ip_Gate.o
 .debug_abbrev  0x00001575      0x25d ./RTD/src/Clock_Ip_IntOsc.o
 .debug_abbrev  0x000017d2       0x6a ./RTD/src/Clock_Ip_Irq.o
 .debug_abbrev  0x0000183c      0x27d ./RTD/src/Clock_Ip_Monitor.o
 .debug_abbrev  0x00001ab9      0x231 ./RTD/src/Clock_Ip_Pll.o
 .debug_abbrev  0x00001cea      0x1aa ./RTD/src/Clock_Ip_ProgFreqSwitch.o
 .debug_abbrev  0x00001e94      0x2f8 ./RTD/src/Clock_Ip_Selector.o
 .debug_abbrev  0x0000218c      0x31b ./RTD/src/Clock_Ip_Specific.o
 .debug_abbrev  0x000024a7      0x14e ./RTD/src/Det.o
 .debug_abbrev  0x000025f5       0xc5 ./RTD/src/Det_stub.o
 .debug_abbrev  0x000026ba       0x29 ./RTD/src/Igf_Port_Ip.o
 .debug_abbrev  0x000026e3       0x29 ./RTD/src/OsIf_Interrupts.o
 .debug_abbrev  0x0000270c      0x1a7 ./RTD/src/OsIf_Timer.o
 .debug_abbrev  0x000028b3       0x29 ./RTD/src/OsIf_Timer_System.o
 .debug_abbrev  0x000028dc      0x125 ./RTD/src/OsIf_Timer_System_Internal_Systick.o
 .debug_abbrev  0x00002a01      0x124 ./RTD/src/SchM_Dio.o
 .debug_abbrev  0x00002b25      0x124 ./RTD/src/SchM_Mcu.o
 .debug_abbrev  0x00002c49      0x124 ./RTD/src/SchM_Port.o
 .debug_abbrev  0x00002d6d      0x298 ./RTD/src/Siul2_Dio_Ip.o
 .debug_abbrev  0x00003005      0x385 ./RTD/src/Siul2_Port_Ip.o
 .debug_abbrev  0x0000338a      0x185 ./RTD/src/Tspc_Port_Ip.o
 .debug_abbrev  0x0000350f      0x146 ./board/Siul2_Port_Ip_Cfg.o
 .debug_abbrev  0x00003655       0x29 ./board/Tspc_Port_Ip_Cfg.o
 .debug_abbrev  0x0000367e      0x103 ./generate/src/Clock_Ip_Cfg.o
 .debug_abbrev  0x00003781       0x29 ./generate/src/Igf_Port_Ip_Cfg.o
 .debug_abbrev  0x000037aa       0x29 ./generate/src/OsIf_Cfg.o
 .debug_abbrev  0x000037d3      0x152 ./hse_config/hse_config.o
 .debug_abbrev  0x00003925      0x1d0 ./src/main.o

.debug_loc      0x00000000     0x4c31
 .debug_loc     0x00000000      0x21b ./Hse_Files/dcm_register/hse_dcm_register.o
 .debug_loc     0x0000021b       0x42 ./Hse_Files/hse_api.o
 .debug_loc     0x0000025d       0xb9 ./Project_Settings/Startup_Code/nvic.o
 .debug_loc     0x00000316      0x3b7 ./Project_Settings/Startup_Code/startup.o
 .debug_loc     0x000006cd      0x262 ./Project_Settings/Startup_Code/system.o
 .debug_loc     0x0000092f      0x7e3 ./RTD/src/Clock_Ip.o
 .debug_loc     0x00001112      0x185 ./RTD/src/Clock_Ip_Divider.o
 .debug_loc     0x00001297       0x7b ./RTD/src/Clock_Ip_DividerTrigger.o
 .debug_loc     0x00001312      0x16b ./RTD/src/Clock_Ip_ExtOsc.o
 .debug_loc     0x0000147d       0x25 ./RTD/src/Clock_Ip_FracDiv.o
 .debug_loc     0x000014a2      0x143 ./RTD/src/Clock_Ip_Gate.o
 .debug_loc     0x000015e5      0x108 ./RTD/src/Clock_Ip_IntOsc.o
 .debug_loc     0x000016ed      0x4bd ./RTD/src/Clock_Ip_Monitor.o
 .debug_loc     0x00001baa      0x236 ./RTD/src/Clock_Ip_Pll.o
 .debug_loc     0x00001de0      0x447 ./RTD/src/Clock_Ip_ProgFreqSwitch.o
 .debug_loc     0x00002227      0x513 ./RTD/src/Clock_Ip_Selector.o
 .debug_loc     0x0000273a      0x2ce ./RTD/src/Clock_Ip_Specific.o
 .debug_loc     0x00002a08      0x1fb ./RTD/src/Det.o
 .debug_loc     0x00002c03      0x3fc ./RTD/src/Det_stub.o
 .debug_loc     0x00002fff       0x99 ./RTD/src/OsIf_Timer.o
 .debug_loc     0x00003098       0x85 ./RTD/src/OsIf_Timer_System_Internal_Systick.o
 .debug_loc     0x0000311d       0xbd ./RTD/src/SchM_Dio.o
 .debug_loc     0x000031da      0x111 ./RTD/src/SchM_Mcu.o
 .debug_loc     0x000032eb      0x945 ./RTD/src/SchM_Port.o
 .debug_loc     0x00003c30      0x405 ./RTD/src/Siul2_Dio_Ip.o
 .debug_loc     0x00004035      0x9f7 ./RTD/src/Siul2_Port_Ip.o
 .debug_loc     0x00004a2c      0x17a ./RTD/src/Tspc_Port_Ip.o
 .debug_loc     0x00004ba6       0x8b ./hse_config/hse_config.o

.debug_aranges  0x00000000      0xae0
 .debug_aranges
                0x00000000       0x20 ./Hse_Files/dcm_register/hse_dcm_register.o
 .debug_aranges
                0x00000020       0x20 ./Hse_Files/hse_api.o
 .debug_aranges
                0x00000040       0x68 ./Project_Settings/Startup_Code/exceptions.o
 .debug_aranges
                0x000000a8       0x38 ./Project_Settings/Startup_Code/nvic.o
 .debug_aranges
                0x000000e0       0x28 ./Project_Settings/Startup_Code/startup.o
 .debug_aranges
                0x00000108       0x28 ./Project_Settings/Startup_Code/startup_cm7.o
 .debug_aranges
                0x00000130       0x38 ./Project_Settings/Startup_Code/system.o
 .debug_aranges
                0x00000168       0x98 ./RTD/src/Clock_Ip.o
 .debug_aranges
                0x00000200       0x18 ./RTD/src/Clock_Ip_Data.o
 .debug_aranges
                0x00000218       0x38 ./RTD/src/Clock_Ip_Divider.o
 .debug_aranges
                0x00000250       0x30 ./RTD/src/Clock_Ip_DividerTrigger.o
 .debug_aranges
                0x00000280       0x60 ./RTD/src/Clock_Ip_ExtOsc.o
 .debug_aranges
                0x000002e0       0x28 ./RTD/src/Clock_Ip_FracDiv.o
 .debug_aranges
                0x00000308       0x20 ./RTD/src/Clock_Ip_Frequency.o
 .debug_aranges
                0x00000328       0x38 ./RTD/src/Clock_Ip_Gate.o
 .debug_aranges
                0x00000360       0x60 ./RTD/src/Clock_Ip_IntOsc.o
 .debug_aranges
                0x000003c0       0x20 ./RTD/src/Clock_Ip_Irq.o
 .debug_aranges
                0x000003e0       0x60 ./RTD/src/Clock_Ip_Monitor.o
 .debug_aranges
                0x00000440       0x50 ./RTD/src/Clock_Ip_Pll.o
 .debug_aranges
                0x00000490       0x28 ./RTD/src/Clock_Ip_ProgFreqSwitch.o
 .debug_aranges
                0x000004b8       0x58 ./RTD/src/Clock_Ip_Selector.o
 .debug_aranges
                0x00000510       0x78 ./RTD/src/Clock_Ip_Specific.o
 .debug_aranges
                0x00000588       0x38 ./RTD/src/Det.o
 .debug_aranges
                0x000005c0       0x48 ./RTD/src/Det_stub.o
 .debug_aranges
                0x00000608       0x18 ./RTD/src/Igf_Port_Ip.o
 .debug_aranges
                0x00000620       0x18 ./RTD/src/OsIf_Interrupts.o
 .debug_aranges
                0x00000638       0x40 ./RTD/src/OsIf_Timer.o
 .debug_aranges
                0x00000678       0x18 ./RTD/src/OsIf_Timer_System.o
 .debug_aranges
                0x00000690       0x30 ./RTD/src/OsIf_Timer_System_Internal_Systick.o
 .debug_aranges
                0x000006c0       0x40 ./RTD/src/SchM_Dio.o
 .debug_aranges
                0x00000700       0x50 ./RTD/src/SchM_Mcu.o
 .debug_aranges
                0x00000750      0x1e0 ./RTD/src/SchM_Port.o
 .debug_aranges
                0x00000930       0x70 ./RTD/src/Siul2_Dio_Ip.o
 .debug_aranges
                0x000009a0       0x60 ./RTD/src/Siul2_Port_Ip.o
 .debug_aranges
                0x00000a00       0x28 ./RTD/src/Tspc_Port_Ip.o
 .debug_aranges
                0x00000a28       0x18 ./board/Siul2_Port_Ip_Cfg.o
 .debug_aranges
                0x00000a40       0x18 ./board/Tspc_Port_Ip_Cfg.o
 .debug_aranges
                0x00000a58       0x18 ./generate/src/Clock_Ip_Cfg.o
 .debug_aranges
                0x00000a70       0x18 ./generate/src/Igf_Port_Ip_Cfg.o
 .debug_aranges
                0x00000a88       0x18 ./generate/src/OsIf_Cfg.o
 .debug_aranges
                0x00000aa0       0x20 ./hse_config/hse_config.o
 .debug_aranges
                0x00000ac0       0x20 ./src/main.o

.debug_ranges   0x00000000      0x970
 .debug_ranges  0x00000000       0x10 ./Hse_Files/dcm_register/hse_dcm_register.o
 .debug_ranges  0x00000010       0x58 ./Project_Settings/Startup_Code/exceptions.o
 .debug_ranges  0x00000068       0x28 ./Project_Settings/Startup_Code/nvic.o
 .debug_ranges  0x00000090       0x18 ./Project_Settings/Startup_Code/startup.o
 .debug_ranges  0x000000a8       0x20 ./Project_Settings/Startup_Code/startup_cm7.o
 .debug_ranges  0x000000c8       0x78 ./Project_Settings/Startup_Code/system.o
 .debug_ranges  0x00000140      0x110 ./RTD/src/Clock_Ip.o
 .debug_ranges  0x00000250       0x28 ./RTD/src/Clock_Ip_Divider.o
 .debug_ranges  0x00000278       0x20 ./RTD/src/Clock_Ip_DividerTrigger.o
 .debug_ranges  0x00000298       0x50 ./RTD/src/Clock_Ip_ExtOsc.o
 .debug_ranges  0x000002e8       0x18 ./RTD/src/Clock_Ip_FracDiv.o
 .debug_ranges  0x00000300       0x10 ./RTD/src/Clock_Ip_Frequency.o
 .debug_ranges  0x00000310       0x28 ./RTD/src/Clock_Ip_Gate.o
 .debug_ranges  0x00000338       0x50 ./RTD/src/Clock_Ip_IntOsc.o
 .debug_ranges  0x00000388       0x10 ./RTD/src/Clock_Ip_Irq.o
 .debug_ranges  0x00000398       0x50 ./RTD/src/Clock_Ip_Monitor.o
 .debug_ranges  0x000003e8       0x40 ./RTD/src/Clock_Ip_Pll.o
 .debug_ranges  0x00000428       0x18 ./RTD/src/Clock_Ip_ProgFreqSwitch.o
 .debug_ranges  0x00000440       0x78 ./RTD/src/Clock_Ip_Selector.o
 .debug_ranges  0x000004b8       0x80 ./RTD/src/Clock_Ip_Specific.o
 .debug_ranges  0x00000538       0x28 ./RTD/src/Det.o
 .debug_ranges  0x00000560       0x38 ./RTD/src/Det_stub.o
 .debug_ranges  0x00000598       0x30 ./RTD/src/OsIf_Timer.o
 .debug_ranges  0x000005c8       0x20 ./RTD/src/OsIf_Timer_System_Internal_Systick.o
 .debug_ranges  0x000005e8       0x30 ./RTD/src/SchM_Dio.o
 .debug_ranges  0x00000618       0x40 ./RTD/src/SchM_Mcu.o
 .debug_ranges  0x00000658      0x1d0 ./RTD/src/SchM_Port.o
 .debug_ranges  0x00000828       0x60 ./RTD/src/Siul2_Dio_Ip.o
 .debug_ranges  0x00000888       0x80 ./RTD/src/Siul2_Port_Ip.o
 .debug_ranges  0x00000908       0x48 ./RTD/src/Tspc_Port_Ip.o
 .debug_ranges  0x00000950       0x10 ./hse_config/hse_config.o
 .debug_ranges  0x00000960       0x10 ./src/main.o

.debug_macro    0x00000000    0x532e7
 .debug_macro   0x00000000       0x8a ./Hse_Files/dcm_register/hse_dcm_register.o
 .debug_macro   0x0000008a      0xa9c ./Hse_Files/dcm_register/hse_dcm_register.o
 .debug_macro   0x00000b26       0x22 ./Hse_Files/dcm_register/hse_dcm_register.o
 .debug_macro   0x00000b48       0x56 ./Hse_Files/dcm_register/hse_dcm_register.o
 .debug_macro   0x00000b9e       0x51 ./Hse_Files/dcm_register/hse_dcm_register.o
 .debug_macro   0x00000bef      0x103 ./Hse_Files/dcm_register/hse_dcm_register.o
 .debug_macro   0x00000cf2       0x6a ./Hse_Files/dcm_register/hse_dcm_register.o
 .debug_macro   0x00000d5c      0x1df ./Hse_Files/dcm_register/hse_dcm_register.o
 .debug_macro   0x00000f3b       0x22 ./Hse_Files/dcm_register/hse_dcm_register.o
 .debug_macro   0x00000f5d       0x16 ./Hse_Files/dcm_register/hse_dcm_register.o
 .debug_macro   0x00000f73       0x8e ./Hse_Files/dcm_register/hse_dcm_register.o
 .debug_macro   0x00001001       0x76 ./Hse_Files/hse_api.o
 .debug_macro   0x00001077      0x16d ./Hse_Files/hse_api.o
 .debug_macro   0x000011e4      0x164 ./Project_Settings/Startup_Code/exceptions.o
 .debug_macro   0x00001348       0x82 ./Project_Settings/Startup_Code/exceptions.o
 .debug_macro   0x000013ca      0x97b ./Project_Settings/Startup_Code/exceptions.o
 .debug_macro   0x00001d45       0x3a ./Project_Settings/Startup_Code/exceptions.o
 .debug_macro   0x00001d7f       0xcc ./Project_Settings/Startup_Code/exceptions.o
 .debug_macro   0x00001e4b       0x67 ./Project_Settings/Startup_Code/exceptions.o
 .debug_macro   0x00001eb2       0x94 ./Project_Settings/Startup_Code/exceptions.o
 .debug_macro   0x00001f46       0xc8 ./Project_Settings/Startup_Code/exceptions.o
 .debug_macro   0x0000200e      0x11e ./Project_Settings/Startup_Code/exceptions.o
 .debug_macro   0x0000212c       0x52 ./Project_Settings/Startup_Code/exceptions.o
 .debug_macro   0x0000217e       0x16 ./Project_Settings/Startup_Code/exceptions.o
 .debug_macro   0x00002194       0x7c ./Project_Settings/Startup_Code/exceptions.o
 .debug_macro   0x00002210      0x130 ./Project_Settings/Startup_Code/exceptions.o
 .debug_macro   0x00002340       0x6a ./Project_Settings/Startup_Code/exceptions.o
 .debug_macro   0x000023aa       0x58 ./Project_Settings/Startup_Code/exceptions.o
 .debug_macro   0x00002402       0x57 ./Project_Settings/Startup_Code/exceptions.o
 .debug_macro   0x00002459       0x50 ./Project_Settings/Startup_Code/exceptions.o
 .debug_macro   0x000024a9       0x50 ./Project_Settings/Startup_Code/exceptions.o
 .debug_macro   0x000024f9      0x3c8 ./Project_Settings/Startup_Code/nvic.o
 .debug_macro   0x000028c1     0x51e9 ./Project_Settings/Startup_Code/nvic.o
 .debug_macro   0x00007aaa      0xa20 ./Project_Settings/Startup_Code/nvic.o
 .debug_macro   0x000084ca     0x10a6 ./Project_Settings/Startup_Code/nvic.o
 .debug_macro   0x00009570      0x180 ./Project_Settings/Startup_Code/nvic.o
 .debug_macro   0x000096f0       0xf8 ./Project_Settings/Startup_Code/nvic.o
 .debug_macro   0x000097e8      0x370 ./Project_Settings/Startup_Code/nvic.o
 .debug_macro   0x00009b58      0x158 ./Project_Settings/Startup_Code/nvic.o
 .debug_macro   0x00009cb0      0xd4e ./Project_Settings/Startup_Code/nvic.o
 .debug_macro   0x0000a9fe     0x2311 ./Project_Settings/Startup_Code/nvic.o
 .debug_macro   0x0000cd0f      0x2ea ./Project_Settings/Startup_Code/nvic.o
 .debug_macro   0x0000cff9       0x8e ./Project_Settings/Startup_Code/nvic.o
 .debug_macro   0x0000d087     0xd22d ./Project_Settings/Startup_Code/nvic.o
 .debug_macro   0x0001a2b4      0xe49 ./Project_Settings/Startup_Code/nvic.o
 .debug_macro   0x0001b0fd     0x7375 ./Project_Settings/Startup_Code/nvic.o
 .debug_macro   0x00022472      0xbaa ./Project_Settings/Startup_Code/nvic.o
 .debug_macro   0x0002301c      0xd69 ./Project_Settings/Startup_Code/nvic.o
 .debug_macro   0x00023d85      0xb4d ./Project_Settings/Startup_Code/nvic.o
 .debug_macro   0x000248d2       0x5c ./Project_Settings/Startup_Code/nvic.o
 .debug_macro   0x0002492e      0xad5 ./Project_Settings/Startup_Code/nvic.o
 .debug_macro   0x00025403     0x1531 ./Project_Settings/Startup_Code/nvic.o
 .debug_macro   0x00026934      0x867 ./Project_Settings/Startup_Code/nvic.o
 .debug_macro   0x0002719b       0xcc ./Project_Settings/Startup_Code/nvic.o
 .debug_macro   0x00027267       0xd6 ./Project_Settings/Startup_Code/nvic.o
 .debug_macro   0x0002733d      0x105 ./Project_Settings/Startup_Code/nvic.o
 .debug_macro   0x00027442      0x507 ./Project_Settings/Startup_Code/nvic.o
 .debug_macro   0x00027949      0x779 ./Project_Settings/Startup_Code/nvic.o
 .debug_macro   0x000280c2      0xe1f ./Project_Settings/Startup_Code/nvic.o
 .debug_macro   0x00028ee1      0x93f ./Project_Settings/Startup_Code/nvic.o
 .debug_macro   0x00029820      0xd53 ./Project_Settings/Startup_Code/nvic.o
 .debug_macro   0x0002a573      0x2ce ./Project_Settings/Startup_Code/nvic.o
 .debug_macro   0x0002a841     0x1095 ./Project_Settings/Startup_Code/nvic.o
 .debug_macro   0x0002b8d6     0x1fad ./Project_Settings/Startup_Code/nvic.o
 .debug_macro   0x0002d883      0x4f8 ./Project_Settings/Startup_Code/nvic.o
 .debug_macro   0x0002dd7b      0x274 ./Project_Settings/Startup_Code/nvic.o
 .debug_macro   0x0002dfef      0x9d3 ./Project_Settings/Startup_Code/nvic.o
 .debug_macro   0x0002e9c2     0x15b6 ./Project_Settings/Startup_Code/nvic.o
 .debug_macro   0x0002ff78      0x4b9 ./Project_Settings/Startup_Code/nvic.o
 .debug_macro   0x00030431      0x242 ./Project_Settings/Startup_Code/nvic.o
 .debug_macro   0x00030673      0x20a ./Project_Settings/Startup_Code/nvic.o
 .debug_macro   0x0003087d      0x3f9 ./Project_Settings/Startup_Code/nvic.o
 .debug_macro   0x00030c76       0x6a ./Project_Settings/Startup_Code/nvic.o
 .debug_macro   0x00030ce0      0xc5d ./Project_Settings/Startup_Code/nvic.o
 .debug_macro   0x0003193d       0x47 ./Project_Settings/Startup_Code/nvic.o
 .debug_macro   0x00031984      0x23b ./Project_Settings/Startup_Code/nvic.o
 .debug_macro   0x00031bbf      0xb27 ./Project_Settings/Startup_Code/nvic.o
 .debug_macro   0x000326e6      0x2d8 ./Project_Settings/Startup_Code/nvic.o
 .debug_macro   0x000329be       0x94 ./Project_Settings/Startup_Code/nvic.o
 .debug_macro   0x00032a52       0xf2 ./Project_Settings/Startup_Code/nvic.o
 .debug_macro   0x00032b44       0x5d ./Project_Settings/Startup_Code/nvic.o
 .debug_macro   0x00032ba1     0x7bf9 ./Project_Settings/Startup_Code/nvic.o
 .debug_macro   0x0003a79a      0xf35 ./Project_Settings/Startup_Code/nvic.o
 .debug_macro   0x0003b6cf       0xfe ./Project_Settings/Startup_Code/nvic.o
 .debug_macro   0x0003b7cd      0x2c8 ./Project_Settings/Startup_Code/nvic.o
 .debug_macro   0x0003ba95       0x78 ./Project_Settings/Startup_Code/nvic.o
 .debug_macro   0x0003bb0d       0xb2 ./Project_Settings/Startup_Code/nvic.o
 .debug_macro   0x0003bbbf      0x1cf ./Project_Settings/Startup_Code/nvic.o
 .debug_macro   0x0003bd8e      0x56e ./Project_Settings/Startup_Code/nvic.o
 .debug_macro   0x0003c2fc      0x3f8 ./Project_Settings/Startup_Code/nvic.o
 .debug_macro   0x0003c6f4      0x338 ./Project_Settings/Startup_Code/nvic.o
 .debug_macro   0x0003ca2c      0x4c8 ./Project_Settings/Startup_Code/nvic.o
 .debug_macro   0x0003cef4      0xc87 ./Project_Settings/Startup_Code/nvic.o
 .debug_macro   0x0003db7b     0x1b52 ./Project_Settings/Startup_Code/nvic.o
 .debug_macro   0x0003f6cd      0xcd9 ./Project_Settings/Startup_Code/nvic.o
 .debug_macro   0x000403a6      0x136 ./Project_Settings/Startup_Code/nvic.o
 .debug_macro   0x000404dc      0x392 ./Project_Settings/Startup_Code/nvic.o
 .debug_macro   0x0004086e       0x2e ./Project_Settings/Startup_Code/nvic.o
 .debug_macro   0x0004089c       0xe8 ./Project_Settings/Startup_Code/startup.o
 .debug_macro   0x00040984      0x226 ./Project_Settings/Startup_Code/system.o
 .debug_macro   0x00040baa       0x52 ./Project_Settings/Startup_Code/system.o
 .debug_macro   0x00040bfc       0x50 ./Project_Settings/Startup_Code/system.o
 .debug_macro   0x00040c4c       0x50 ./Project_Settings/Startup_Code/system.o
 .debug_macro   0x00040c9c      0x525 ./RTD/src/Clock_Ip.o
 .debug_macro   0x000411c1     0x108f ./RTD/src/Clock_Ip.o
 .debug_macro   0x00042250      0x517 ./RTD/src/Clock_Ip.o
 .debug_macro   0x00042767       0x2e ./RTD/src/Clock_Ip.o
 .debug_macro   0x00042795       0x4d ./RTD/src/Clock_Ip.o
 .debug_macro   0x000427e2       0x50 ./RTD/src/Clock_Ip.o
 .debug_macro   0x00042832       0x50 ./RTD/src/Clock_Ip.o
 .debug_macro   0x00042882       0x50 ./RTD/src/Clock_Ip.o
 .debug_macro   0x000428d2       0x50 ./RTD/src/Clock_Ip.o
 .debug_macro   0x00042922       0x34 ./RTD/src/Clock_Ip.o
 .debug_macro   0x00042956       0xdc ./RTD/src/Clock_Ip.o
 .debug_macro   0x00042a32      0x170 ./RTD/src/Clock_Ip.o
 .debug_macro   0x00042ba2       0x50 ./RTD/src/Clock_Ip.o
 .debug_macro   0x00042bf2       0x50 ./RTD/src/Clock_Ip.o
 .debug_macro   0x00042c42       0x50 ./RTD/src/Clock_Ip.o
 .debug_macro   0x00042c92       0x50 ./RTD/src/Clock_Ip.o
 .debug_macro   0x00042ce2       0x50 ./RTD/src/Clock_Ip.o
 .debug_macro   0x00042d32       0x50 ./RTD/src/Clock_Ip.o
 .debug_macro   0x00042d82       0xa5 ./RTD/src/Clock_Ip.o
 .debug_macro   0x00042e27       0x50 ./RTD/src/Clock_Ip.o
 .debug_macro   0x00042e77       0x50 ./RTD/src/Clock_Ip.o
 .debug_macro   0x00042ec7       0x50 ./RTD/src/Clock_Ip.o
 .debug_macro   0x00042f17       0x50 ./RTD/src/Clock_Ip.o
 .debug_macro   0x00042f67       0x50 ./RTD/src/Clock_Ip.o
 .debug_macro   0x00042fb7       0x50 ./RTD/src/Clock_Ip.o
 .debug_macro   0x00043007       0x35 ./RTD/src/Clock_Ip.o
 .debug_macro   0x0004303c       0x50 ./RTD/src/Clock_Ip.o
 .debug_macro   0x0004308c       0x50 ./RTD/src/Clock_Ip.o
 .debug_macro   0x000430dc       0x50 ./RTD/src/Clock_Ip.o
 .debug_macro   0x0004312c       0x50 ./RTD/src/Clock_Ip.o
 .debug_macro   0x0004317c       0x50 ./RTD/src/Clock_Ip.o
 .debug_macro   0x000431cc       0x50 ./RTD/src/Clock_Ip.o
 .debug_macro   0x0004321c      0x948 ./RTD/src/Clock_Ip_Data.o
 .debug_macro   0x00043b64      0x448 ./RTD/src/Clock_Ip_Divider.o
 .debug_macro   0x00043fac      0x446 ./RTD/src/Clock_Ip_DividerTrigger.o
 .debug_macro   0x000443f2      0x448 ./RTD/src/Clock_Ip_ExtOsc.o
 .debug_macro   0x0004483a      0x446 ./RTD/src/Clock_Ip_FracDiv.o
 .debug_macro   0x00044c80      0x3dc ./RTD/src/Clock_Ip_Frequency.o
 .debug_macro   0x0004505c      0x448 ./RTD/src/Clock_Ip_Gate.o
 .debug_macro   0x000454a4      0x456 ./RTD/src/Clock_Ip_IntOsc.o
 .debug_macro   0x000458fa      0x404 ./RTD/src/Clock_Ip_Irq.o
 .debug_macro   0x00045cfe      0x4c3 ./RTD/src/Clock_Ip_Monitor.o
 .debug_macro   0x000461c1       0x3a ./RTD/src/Clock_Ip_Monitor.o
 .debug_macro   0x000461fb       0x50 ./RTD/src/Clock_Ip_Monitor.o
 .debug_macro   0x0004624b       0x50 ./RTD/src/Clock_Ip_Monitor.o
 .debug_macro   0x0004629b       0x50 ./RTD/src/Clock_Ip_Monitor.o
 .debug_macro   0x000462eb       0x50 ./RTD/src/Clock_Ip_Monitor.o
 .debug_macro   0x0004633b      0x456 ./RTD/src/Clock_Ip_Pll.o
 .debug_macro   0x00046791      0x4a6 ./RTD/src/Clock_Ip_ProgFreqSwitch.o
 .debug_macro   0x00046c37      0x448 ./RTD/src/Clock_Ip_Selector.o
 .debug_macro   0x0004707f      0x564 ./RTD/src/Clock_Ip_Specific.o
 .debug_macro   0x000475e3       0x50 ./RTD/src/Clock_Ip_Specific.o
 .debug_macro   0x00047633       0x50 ./RTD/src/Clock_Ip_Specific.o
 .debug_macro   0x00047683       0x50 ./RTD/src/Clock_Ip_Specific.o
 .debug_macro   0x000476d3       0x50 ./RTD/src/Clock_Ip_Specific.o
 .debug_macro   0x00047723       0x50 ./RTD/src/Clock_Ip_Specific.o
 .debug_macro   0x00047773       0x50 ./RTD/src/Clock_Ip_Specific.o
 .debug_macro   0x000477c3      0x271 ./RTD/src/Det.o
 .debug_macro   0x00047a34       0x40 ./RTD/src/Det.o
 .debug_macro   0x00047a74       0x50 ./RTD/src/Det.o
 .debug_macro   0x00047ac4       0x50 ./RTD/src/Det.o
 .debug_macro   0x00047b14       0x50 ./RTD/src/Det.o
 .debug_macro   0x00047b64       0x50 ./RTD/src/Det.o
 .debug_macro   0x00047bb4       0x50 ./RTD/src/Det.o
 .debug_macro   0x00047c04       0x50 ./RTD/src/Det.o
 .debug_macro   0x00047c54      0x22a ./RTD/src/Det_stub.o
 .debug_macro   0x00047e7e      0x229 ./RTD/src/Igf_Port_Ip.o
 .debug_macro   0x000480a7       0x34 ./RTD/src/Igf_Port_Ip.o
 .debug_macro   0x000480db       0x34 ./RTD/src/Igf_Port_Ip.o
 .debug_macro   0x0004810f     0x7bf3 ./RTD/src/Igf_Port_Ip.o
 .debug_macro   0x0004fd02       0xf0 ./RTD/src/Igf_Port_Ip.o
 .debug_macro   0x0004fdf2       0x3a ./RTD/src/Igf_Port_Ip.o
 .debug_macro   0x0004fe2c       0x6a ./RTD/src/Igf_Port_Ip.o
 .debug_macro   0x0004fe96       0x50 ./RTD/src/Igf_Port_Ip.o
 .debug_macro   0x0004fee6       0x50 ./RTD/src/Igf_Port_Ip.o
 .debug_macro   0x0004ff36       0x28 ./RTD/src/Igf_Port_Ip.o
 .debug_macro   0x0004ff5e       0x34 ./RTD/src/Igf_Port_Ip.o
 .debug_macro   0x0004ff92       0x2e ./RTD/src/Igf_Port_Ip.o
 .debug_macro   0x0004ffc0       0x3a ./RTD/src/Igf_Port_Ip.o
 .debug_macro   0x0004fffa      0x158 ./RTD/src/OsIf_Interrupts.o
 .debug_macro   0x00050152      0x220 ./RTD/src/OsIf_Timer.o
 .debug_macro   0x00050372       0x70 ./RTD/src/OsIf_Timer.o
 .debug_macro   0x000503e2      0x1b1 ./RTD/src/OsIf_Timer_System.o
 .debug_macro   0x00050593       0x3a ./RTD/src/OsIf_Timer_System.o
 .debug_macro   0x000505cd      0x191 ./RTD/src/OsIf_Timer_System_Internal_Systick.o
 .debug_macro   0x0005075e       0x34 ./RTD/src/OsIf_Timer_System_Internal_Systick.o
 .debug_macro   0x00050792       0x3a ./RTD/src/OsIf_Timer_System_Internal_Systick.o
 .debug_macro   0x000507cc      0x22b ./RTD/src/SchM_Dio.o
 .debug_macro   0x000509f7       0x3a ./RTD/src/SchM_Dio.o
 .debug_macro   0x00050a31       0x50 ./RTD/src/SchM_Dio.o
 .debug_macro   0x00050a81       0x50 ./RTD/src/SchM_Dio.o
 .debug_macro   0x00050ad1      0x22b ./RTD/src/SchM_Mcu.o
 .debug_macro   0x00050cfc      0x22f ./RTD/src/SchM_Port.o
 .debug_macro   0x00050f2b      0x252 ./RTD/src/Siul2_Dio_Ip.o
 .debug_macro   0x0005117d       0x8e ./RTD/src/Siul2_Dio_Ip.o
 .debug_macro   0x0005120b       0x74 ./RTD/src/Siul2_Dio_Ip.o
 .debug_macro   0x0005127f       0x50 ./RTD/src/Siul2_Dio_Ip.o
 .debug_macro   0x000512cf       0x50 ./RTD/src/Siul2_Dio_Ip.o
 .debug_macro   0x0005131f       0x50 ./RTD/src/Siul2_Dio_Ip.o
 .debug_macro   0x0005136f       0x50 ./RTD/src/Siul2_Dio_Ip.o
 .debug_macro   0x000513bf      0x2d1 ./RTD/src/Siul2_Port_Ip.o
 .debug_macro   0x00051690       0x97 ./RTD/src/Siul2_Port_Ip.o
 .debug_macro   0x00051727       0x50 ./RTD/src/Siul2_Port_Ip.o
 .debug_macro   0x00051777       0x50 ./RTD/src/Siul2_Port_Ip.o
 .debug_macro   0x000517c7      0x1ff ./RTD/src/Siul2_Port_Ip.o
 .debug_macro   0x000519c6       0x50 ./RTD/src/Siul2_Port_Ip.o
 .debug_macro   0x00051a16       0x50 ./RTD/src/Siul2_Port_Ip.o
 .debug_macro   0x00051a66       0x50 ./RTD/src/Siul2_Port_Ip.o
 .debug_macro   0x00051ab6       0x50 ./RTD/src/Siul2_Port_Ip.o
 .debug_macro   0x00051b06       0x50 ./RTD/src/Siul2_Port_Ip.o
 .debug_macro   0x00051b56       0x50 ./RTD/src/Siul2_Port_Ip.o
 .debug_macro   0x00051ba6      0x277 ./RTD/src/Tspc_Port_Ip.o
 .debug_macro   0x00051e1d       0x34 ./RTD/src/Tspc_Port_Ip.o
 .debug_macro   0x00051e51      0x568 ./RTD/src/Tspc_Port_Ip.o
 .debug_macro   0x000523b9       0x34 ./RTD/src/Tspc_Port_Ip.o
 .debug_macro   0x000523ed       0x3c ./RTD/src/Tspc_Port_Ip.o
 .debug_macro   0x00052429      0x18c ./board/Siul2_Port_Ip_Cfg.o
 .debug_macro   0x000525b5      0x137 ./board/Tspc_Port_Ip_Cfg.o
 .debug_macro   0x000526ec      0x40a ./generate/src/Clock_Ip_Cfg.o
 .debug_macro   0x00052af6      0x206 ./generate/src/Igf_Port_Ip_Cfg.o
 .debug_macro   0x00052cfc      0x182 ./generate/src/OsIf_Cfg.o
 .debug_macro   0x00052e7e       0x5e ./generate/src/OsIf_Cfg.o
 .debug_macro   0x00052edc       0xc3 ./hse_config/hse_config.o
 .debug_macro   0x00052f9f       0x46 ./hse_config/hse_config.o
 .debug_macro   0x00052fe5      0x26e ./src/main.o
 .debug_macro   0x00053253       0x94 ./src/main.o

.debug_line     0x00000000    0x12af0
 .debug_line    0x00000000      0x30e ./Hse_Files/dcm_register/hse_dcm_register.o
 .debug_line    0x0000030e      0x275 ./Hse_Files/hse_api.o
 .debug_line    0x00000583      0x5a1 ./Project_Settings/Startup_Code/exceptions.o
 .debug_line    0x00000b24      0x978 ./Project_Settings/Startup_Code/nvic.o
 .debug_line    0x0000149c      0x5b6 ./Project_Settings/Startup_Code/startup.o
 .debug_line    0x00001a52      0x13e ./Project_Settings/Startup_Code/startup_cm7.o
 .debug_line    0x00001b90      0x939 ./Project_Settings/Startup_Code/system.o
 .debug_line    0x000024c9     0x1439 ./RTD/src/Clock_Ip.o
 .debug_line    0x00003902      0x5ef ./RTD/src/Clock_Ip_Data.o
 .debug_line    0x00003ef1      0x7c9 ./RTD/src/Clock_Ip_Divider.o
 .debug_line    0x000046ba      0x70a ./RTD/src/Clock_Ip_DividerTrigger.o
 .debug_line    0x00004dc4      0x87a ./RTD/src/Clock_Ip_ExtOsc.o
 .debug_line    0x0000563e      0x616 ./RTD/src/Clock_Ip_FracDiv.o
 .debug_line    0x00005c54      0x610 ./RTD/src/Clock_Ip_Frequency.o
 .debug_line    0x00006264      0x79e ./RTD/src/Clock_Ip_Gate.o
 .debug_line    0x00006a02      0x775 ./RTD/src/Clock_Ip_IntOsc.o
 .debug_line    0x00007177      0x603 ./RTD/src/Clock_Ip_Irq.o
 .debug_line    0x0000777a      0x930 ./RTD/src/Clock_Ip_Monitor.o
 .debug_line    0x000080aa      0x847 ./RTD/src/Clock_Ip_Pll.o
 .debug_line    0x000088f1      0x827 ./RTD/src/Clock_Ip_ProgFreqSwitch.o
 .debug_line    0x00009118      0xbc3 ./RTD/src/Clock_Ip_Selector.o
 .debug_line    0x00009cdb      0xa84 ./RTD/src/Clock_Ip_Specific.o
 .debug_line    0x0000a75f      0x551 ./RTD/src/Det.o
 .debug_line    0x0000acb0      0x7b5 ./RTD/src/Det_stub.o
 .debug_line    0x0000b465      0x579 ./RTD/src/Igf_Port_Ip.o
 .debug_line    0x0000b9de      0x465 ./RTD/src/OsIf_Interrupts.o
 .debug_line    0x0000be43      0x504 ./RTD/src/OsIf_Timer.o
 .debug_line    0x0000c347      0x4ba ./RTD/src/OsIf_Timer_System.o
 .debug_line    0x0000c801      0x4ed ./RTD/src/OsIf_Timer_System_Internal_Systick.o
 .debug_line    0x0000ccee      0x5e8 ./RTD/src/SchM_Dio.o
 .debug_line    0x0000d2d6      0x673 ./RTD/src/SchM_Mcu.o
 .debug_line    0x0000d949     0x1408 ./RTD/src/SchM_Port.o
 .debug_line    0x0000ed51      0x74d ./RTD/src/Siul2_Dio_Ip.o
 .debug_line    0x0000f49e      0xc33 ./RTD/src/Siul2_Port_Ip.o
 .debug_line    0x000100d1      0x74f ./RTD/src/Tspc_Port_Ip.o
 .debug_line    0x00010820      0x45b ./board/Siul2_Port_Ip_Cfg.o
 .debug_line    0x00010c7b      0x3d6 ./board/Tspc_Port_Ip_Cfg.o
 .debug_line    0x00011051      0x5f3 ./generate/src/Clock_Ip_Cfg.o
 .debug_line    0x00011644      0x563 ./generate/src/Igf_Port_Ip_Cfg.o
 .debug_line    0x00011ba7      0x46e ./generate/src/OsIf_Cfg.o
 .debug_line    0x00012015      0x3c5 ./hse_config/hse_config.o
 .debug_line    0x000123da      0x716 ./src/main.o

.debug_str      0x00000000   0x20f12d
 .debug_str     0x00000000     0x434c ./Hse_Files/dcm_register/hse_dcm_register.o
                               0x44ba (size before relaxing)
 .debug_str     0x0000434c      0x336 ./Hse_Files/hse_api.o
                               0x4056 (size before relaxing)
 .debug_str     0x00004682     0x427f ./Project_Settings/Startup_Code/exceptions.o
                               0x8298 (size before relaxing)
 .debug_str     0x00008901   0x1f3542 ./Project_Settings/Startup_Code/nvic.o
                             0x1fa217 (size before relaxing)
 .debug_str     0x001fbe43      0x11b ./Project_Settings/Startup_Code/startup.o
                               0x61eb (size before relaxing)
 .debug_str     0x001fbf5e       0x3b ./Project_Settings/Startup_Code/startup_cm7.o
                                 0x76 (size before relaxing)
 .debug_str     0x001fbf99      0x73c ./Project_Settings/Startup_Code/system.o
                              0x15441 (size before relaxing)
 .debug_str     0x001fc6d5     0x50ec ./RTD/src/Clock_Ip.o
                              0x38309 (size before relaxing)
 .debug_str     0x002017c1     0x20b8 ./RTD/src/Clock_Ip_Data.o
                              0x38d17 (size before relaxing)
 .debug_str     0x00203879      0x239 ./RTD/src/Clock_Ip_Divider.o
                              0x36f7e (size before relaxing)
 .debug_str     0x00203ab2      0x201 ./RTD/src/Clock_Ip_DividerTrigger.o
                              0x36f30 (size before relaxing)
 .debug_str     0x00203cb3      0x2f8 ./RTD/src/Clock_Ip_ExtOsc.o
                              0x36fe7 (size before relaxing)
 .debug_str     0x00203fab      0x181 ./RTD/src/Clock_Ip_FracDiv.o
                              0x36c24 (size before relaxing)
 .debug_str     0x0020412c       0x2b ./RTD/src/Clock_Ip_Frequency.o
                              0x369cc (size before relaxing)
 .debug_str     0x00204157      0x221 ./RTD/src/Clock_Ip_Gate.o
                              0x36fad (size before relaxing)
 .debug_str     0x00204378      0x38b ./RTD/src/Clock_Ip_IntOsc.o
                              0x3726f (size before relaxing)
 .debug_str     0x00204703      0x154 ./RTD/src/Clock_Ip_Irq.o
                              0x363ab (size before relaxing)
 .debug_str     0x00204857      0x787 ./RTD/src/Clock_Ip_Monitor.o
                              0x37a4b (size before relaxing)
 .debug_str     0x00204fde      0x2f8 ./RTD/src/Clock_Ip_Pll.o
                              0x37140 (size before relaxing)
 .debug_str     0x002052d6      0x2f7 ./RTD/src/Clock_Ip_ProgFreqSwitch.o
                              0x3737c (size before relaxing)
 .debug_str     0x002055cd      0x2ec ./RTD/src/Clock_Ip_Selector.o
                              0x37097 (size before relaxing)
 .debug_str     0x002058b9      0x4ef ./RTD/src/Clock_Ip_Specific.o
                              0x37c3e (size before relaxing)
 .debug_str     0x00205da8      0x5b1 ./RTD/src/Det.o
                               0x8993 (size before relaxing)
 .debug_str     0x00206359       0xba ./RTD/src/Det_stub.o
                               0x8925 (size before relaxing)
 .debug_str     0x00206413     0x1449 ./RTD/src/Igf_Port_Ip.o
                              0x580af (size before relaxing)
 .debug_str     0x0020785c       0x30 ./RTD/src/OsIf_Interrupts.o
                               0x7a2e (size before relaxing)
 .debug_str     0x0020788c      0x41c ./RTD/src/OsIf_Timer.o
                               0x881f (size before relaxing)
 .debug_str     0x00207ca8      0x14c ./RTD/src/OsIf_Timer_System.o
                               0x870b (size before relaxing)
 .debug_str     0x00207df4      0x66a ./RTD/src/OsIf_Timer_System_Internal_Systick.o
                               0x76b0 (size before relaxing)
 .debug_str     0x0020845e      0x408 ./RTD/src/SchM_Dio.o
                               0x88bb (size before relaxing)
 .debug_str     0x00208866      0x243 ./RTD/src/SchM_Mcu.o
                               0x8942 (size before relaxing)
 .debug_str     0x00208aa9     0x106b ./RTD/src/SchM_Port.o
                               0x9728 (size before relaxing)
 .debug_str     0x00209b14     0x1cda ./RTD/src/Siul2_Dio_Ip.o
                              0x42548 (size before relaxing)
 .debug_str     0x0020b7ee     0x2954 ./RTD/src/Siul2_Port_Ip.o
                              0x5b6b1 (size before relaxing)
 .debug_str     0x0020e142      0x5d9 ./RTD/src/Tspc_Port_Ip.o
                              0x5aad2 (size before relaxing)
 .debug_str     0x0020e71b      0x15c ./board/Siul2_Port_Ip_Cfg.o
                              0x57405 (size before relaxing)
 .debug_str     0x0020e877      0x13b ./board/Tspc_Port_Ip_Cfg.o
                               0x8d31 (size before relaxing)
 .debug_str     0x0020e9b2      0x287 ./generate/src/Clock_Ip_Cfg.o
                              0x37174 (size before relaxing)
 .debug_str     0x0020ec39      0x13a ./generate/src/Igf_Port_Ip_Cfg.o
                              0x57e78 (size before relaxing)
 .debug_str     0x0020ed73      0x102 ./generate/src/OsIf_Cfg.o
                               0x841c (size before relaxing)
 .debug_str     0x0020ee75      0x295 ./hse_config/hse_config.o
                               0x459a (size before relaxing)
 .debug_str     0x0020f10a       0x23 ./src/main.o
                              0x5aaec (size before relaxing)

.comment        0x00000000       0x88
 .comment       0x00000000       0x88 ./Hse_Files/dcm_register/hse_dcm_register.o
                                 0x89 (size before relaxing)
 .comment       0x00000088       0x89 ./Hse_Files/hse_api.o
 .comment       0x00000088       0x89 ./Project_Settings/Startup_Code/exceptions.o
 .comment       0x00000088       0x89 ./Project_Settings/Startup_Code/nvic.o
 .comment       0x00000088       0x89 ./Project_Settings/Startup_Code/startup.o
 .comment       0x00000088       0x89 ./Project_Settings/Startup_Code/system.o
 .comment       0x00000088       0x89 ./RTD/src/Clock_Ip.o
 .comment       0x00000088       0x89 ./RTD/src/Clock_Ip_Data.o
 .comment       0x00000088       0x89 ./RTD/src/Clock_Ip_Divider.o
 .comment       0x00000088       0x89 ./RTD/src/Clock_Ip_DividerTrigger.o
 .comment       0x00000088       0x89 ./RTD/src/Clock_Ip_ExtOsc.o
 .comment       0x00000088       0x89 ./RTD/src/Clock_Ip_FracDiv.o
 .comment       0x00000088       0x89 ./RTD/src/Clock_Ip_Frequency.o
 .comment       0x00000088       0x89 ./RTD/src/Clock_Ip_Gate.o
 .comment       0x00000088       0x89 ./RTD/src/Clock_Ip_IntOsc.o
 .comment       0x00000088       0x89 ./RTD/src/Clock_Ip_Irq.o
 .comment       0x00000088       0x89 ./RTD/src/Clock_Ip_Monitor.o
 .comment       0x00000088       0x89 ./RTD/src/Clock_Ip_Pll.o
 .comment       0x00000088       0x89 ./RTD/src/Clock_Ip_ProgFreqSwitch.o
 .comment       0x00000088       0x89 ./RTD/src/Clock_Ip_Selector.o
 .comment       0x00000088       0x89 ./RTD/src/Clock_Ip_Specific.o
 .comment       0x00000088       0x89 ./RTD/src/Det.o
 .comment       0x00000088       0x89 ./RTD/src/Det_stub.o
 .comment       0x00000088       0x89 ./RTD/src/Igf_Port_Ip.o
 .comment       0x00000088       0x89 ./RTD/src/OsIf_Interrupts.o
 .comment       0x00000088       0x89 ./RTD/src/OsIf_Timer.o
 .comment       0x00000088       0x89 ./RTD/src/OsIf_Timer_System.o
 .comment       0x00000088       0x89 ./RTD/src/OsIf_Timer_System_Internal_Systick.o
 .comment       0x00000088       0x89 ./RTD/src/SchM_Dio.o
 .comment       0x00000088       0x89 ./RTD/src/SchM_Mcu.o
 .comment       0x00000088       0x89 ./RTD/src/SchM_Port.o
 .comment       0x00000088       0x89 ./RTD/src/Siul2_Dio_Ip.o
 .comment       0x00000088       0x89 ./RTD/src/Siul2_Port_Ip.o
 .comment       0x00000088       0x89 ./RTD/src/Tspc_Port_Ip.o
 .comment       0x00000088       0x89 ./board/Siul2_Port_Ip_Cfg.o
 .comment       0x00000088       0x89 ./board/Tspc_Port_Ip_Cfg.o
 .comment       0x00000088       0x89 ./generate/src/Clock_Ip_Cfg.o
 .comment       0x00000088       0x89 ./generate/src/Igf_Port_Ip_Cfg.o
 .comment       0x00000088       0x89 ./generate/src/OsIf_Cfg.o
 .comment       0x00000088       0x89 ./hse_config/hse_config.o
 .comment       0x00000088       0x89 ./src/main.o
 .comment       0x00000088       0x89 c:/nxp/s32ds.3.5/s32ds/build_tools/gcc_v10.2/gcc-10.2-arm32-eabi/bin/../lib/gcc/arm-none-eabi/10.2.0/../../../../arm-none-eabi/lib/thumb/v7e-m+fp/hard\libc_nano.a(lib_a-memmove.o)
 .comment       0x00000088       0x89 c:/nxp/s32ds.3.5/s32ds/build_tools/gcc_v10.2/gcc-10.2-arm32-eabi/bin/../lib/gcc/arm-none-eabi/10.2.0/../../../../arm-none-eabi/lib/thumb/v7e-m+fp/hard\libc_nano.a(lib_a-memset.o)

.ARM.attributes
                0x00000000       0x32
 .ARM.attributes
                0x00000000       0x34 ./Hse_Files/dcm_register/hse_dcm_register.o
 .ARM.attributes
                0x00000034       0x34 ./Hse_Files/hse_api.o
 .ARM.attributes
                0x00000068       0x20 ./Project_Settings/Startup_Code/Vector_Table.o
 .ARM.attributes
                0x00000088       0x34 ./Project_Settings/Startup_Code/exceptions.o
 .ARM.attributes
                0x000000bc       0x34 ./Project_Settings/Startup_Code/nvic.o
 .ARM.attributes
                0x000000f0       0x34 ./Project_Settings/Startup_Code/startup.o
 .ARM.attributes
                0x00000124       0x1f ./Project_Settings/Startup_Code/startup_cm7.o
 .ARM.attributes
                0x00000143       0x34 ./Project_Settings/Startup_Code/system.o
 .ARM.attributes
                0x00000177       0x34 ./RTD/src/Clock_Ip.o
 .ARM.attributes
                0x000001ab       0x39 ./RTD/src/Clock_Ip_Data.o
 .ARM.attributes
                0x000001e4       0x34 ./RTD/src/Clock_Ip_Divider.o
 .ARM.attributes
                0x00000218       0x34 ./RTD/src/Clock_Ip_DividerTrigger.o
 .ARM.attributes
                0x0000024c       0x34 ./RTD/src/Clock_Ip_ExtOsc.o
 .ARM.attributes
                0x00000280       0x34 ./RTD/src/Clock_Ip_FracDiv.o
 .ARM.attributes
                0x000002b4       0x34 ./RTD/src/Clock_Ip_Frequency.o
 .ARM.attributes
                0x000002e8       0x34 ./RTD/src/Clock_Ip_Gate.o
 .ARM.attributes
                0x0000031c       0x34 ./RTD/src/Clock_Ip_IntOsc.o
 .ARM.attributes
                0x00000350       0x34 ./RTD/src/Clock_Ip_Irq.o
 .ARM.attributes
                0x00000384       0x34 ./RTD/src/Clock_Ip_Monitor.o
 .ARM.attributes
                0x000003b8       0x34 ./RTD/src/Clock_Ip_Pll.o
 .ARM.attributes
                0x000003ec       0x34 ./RTD/src/Clock_Ip_ProgFreqSwitch.o
 .ARM.attributes