Archive member included to satisfy reference by file (symbol)

c:/nxp/s32ds.3.5/s32ds/build_tools/gcc_v10.2/gcc-10.2-arm32-eabi/bin/../lib/gcc/arm-none-eabi/10.2.0/../../../../arm-none-eabi/lib/thumb/v7e-m+fp/hard\libc_nano.a(lib_a-memmove.o)
                              ./RTD/src/Siul2_Port_Ip.o (memmove)
c:/nxp/s32ds.3.5/s32ds/build_tools/gcc_v10.2/gcc-10.2-arm32-eabi/bin/../lib/gcc/arm-none-eabi/10.2.0/../../../../arm-none-eabi/lib/thumb/v7e-m+fp/hard\libc_nano.a(lib_a-memset.o)
                              ./Project_Settings/Startup_Code/startup.o (memset)

Discarded input sections

 .group         0x00000000        0xc ./Project_Settings/Startup_Code/exceptions.o
 .group         0x00000000        0xc ./Project_Settings/Startup_Code/exceptions.o
 .group         0x00000000        0xc ./Project_Settings/Startup_Code/exceptions.o
 .group         0x00000000        0xc ./Project_Settings/Startup_Code/exceptions.o
 .group         0x00000000        0xc ./Project_Settings/Startup_Code/exceptions.o
 .group         0x00000000        0xc ./Project_Settings/Startup_Code/exceptions.o
 .group         0x00000000        0xc ./Project_Settings/Startup_Code/exceptions.o
 .group         0x00000000        0xc ./Project_Settings/Startup_Code/exceptions.o
 .group         0x00000000        0xc ./Project_Settings/Startup_Code/exceptions.o
 .group         0x00000000        0xc ./Project_Settings/Startup_Code/exceptions.o
 .group         0x00000000        0xc ./Project_Settings/Startup_Code/exceptions.o
 .group         0x00000000        0xc ./Project_Settings/Startup_Code/exceptions.o
 .group         0x00000000        0xc ./Project_Settings/Startup_Code/exceptions.o
 .group         0x00000000        0xc ./Project_Settings/Startup_Code/exceptions.o
 .group         0x00000000        0xc ./Project_Settings/Startup_Code/exceptions.o
 .group         0x00000000        0xc ./Project_Settings/Startup_Code/exceptions.o
 .group         0x00000000        0xc ./Project_Settings/Startup_Code/exceptions.o
 .group         0x00000000        0xc ./Project_Settings/Startup_Code/exceptions.o
 .group         0x00000000        0xc ./Project_Settings/Startup_Code/exceptions.o
 .group         0x00000000        0xc ./Project_Settings/Startup_Code/exceptions.o
 .group         0x00000000        0xc ./Project_Settings/Startup_Code/exceptions.o
 .group         0x00000000        0xc ./Project_Settings/Startup_Code/exceptions.o
 .group         0x00000000        0xc ./Project_Settings/Startup_Code/exceptions.o
 .group         0x00000000        0xc ./Project_Settings/Startup_Code/exceptions.o
 .group         0x00000000        0xc ./Project_Settings/Startup_Code/exceptions.o
 .group         0x00000000        0xc ./Project_Settings/Startup_Code/exceptions.o
 .group         0x00000000        0xc ./Project_Settings/Startup_Code/nvic.o
 .group         0x00000000        0xc ./Project_Settings/Startup_Code/nvic.o
 .group         0x00000000        0xc ./Project_Settings/Startup_Code/nvic.o
 .group         0x00000000        0xc ./Project_Settings/Startup_Code/nvic.o
 .group         0x00000000        0xc ./Project_Settings/Startup_Code/nvic.o
 .group         0x00000000        0xc ./Project_Settings/Startup_Code/nvic.o
 .group         0x00000000        0xc ./Project_Settings/Startup_Code/nvic.o
 .group         0x00000000        0xc ./Project_Settings/Startup_Code/nvic.o
 .group         0x00000000        0xc ./Project_Settings/Startup_Code/nvic.o
 .group         0x00000000        0xc ./Project_Settings/Startup_Code/nvic.o
 .group         0x00000000        0xc ./Project_Settings/Startup_Code/nvic.o
 .group         0x00000000        0xc ./Project_Settings/Startup_Code/nvic.o
 .group         0x00000000        0xc ./Project_Settings/Startup_Code/nvic.o
 .group         0x00000000        0xc ./Project_Settings/Startup_Code/nvic.o
 .group         0x00000000        0xc ./Project_Settings/Startup_Code/nvic.o
 .group         0x00000000        0xc ./Project_Settings/Startup_Code/nvic.o
 .group         0x00000000        0xc ./Project_Settings/Startup_Code/nvic.o
 .group         0x00000000        0xc ./Project_Settings/Startup_Code/nvic.o
 .group         0x00000000        0xc ./Project_Settings/Startup_Code/nvic.o
 .group         0x00000000        0xc ./Project_Settings/Startup_Code/nvic.o
 .group         0x00000000        0xc ./Project_Settings/Startup_Code/nvic.o
 .group         0x00000000        0xc ./Project_Settings/Startup_Code/nvic.o
 .group         0x00000000        0xc ./Project_Settings/Startup_Code/nvic.o
 .group         0x00000000        0xc ./Project_Settings/Startup_Code/nvic.o
 .group         0x00000000        0xc ./Project_Settings/Startup_Code/nvic.o
 .group         0x00000000        0xc ./Project_Settings/Startup_Code/nvic.o
 .group         0x00000000        0xc ./Project_Settings/Startup_Code/nvic.o
 .group         0x00000000        0xc ./Project_Settings/Startup_Code/nvic.o
 .group         0x00000000        0xc ./Project_Settings/Startup_Code/nvic.o
[...]
Memory Configuration

Name             Origin             Length             Attributes
int_pflash       0x00400000         0x003d4000
int_dflash       0x10000000         0x00020000
int_itcm         0x00000000         0x00010000
int_dtcm         0x20000000         0x0001f000
int_stack_dtcm   0x2001f000         0x00001000
int_sram         0x20400000         0x0002ff00
int_sram_fls_rsv 0x2042ff00         0x00000100
int_sram_no_cacheable 0x20430000         0x0000ff00
int_sram_results 0x2043ff00         0x00000100
int_sram_shareable 0x20440000         0x00004000
ram_rsvd2        0x20444000         0x00000000
*default*        0x00000000         0xffffffff

Linker script and memory map

LOAD ./Project_Settings/Startup_Code/Vector_Table.o
LOAD ./Project_Settings/Startup_Code/exceptions.o
LOAD ./Project_Settings/Startup_Code/nvic.o
LOAD ./Project_Settings/Startup_Code/startup.o
LOAD ./Project_Settings/Startup_Code/startup_cm7.o
LOAD ./Project_Settings/Startup_Code/system.o
LOAD ./RTD/src/Clock_Ip.o
LOAD ./RTD/src/Clock_Ip_Data.o
LOAD ./RTD/src/Clock_Ip_Divider.o
LOAD ./RTD/src/Clock_Ip_DividerTrigger.o
LOAD ./RTD/src/Clock_Ip_ExtOsc.o
LOAD ./RTD/src/Clock_Ip_FracDiv.o
LOAD ./RTD/src/Clock_Ip_Frequency.o
LOAD ./RTD/src/Clock_Ip_Gate.o
LOAD ./RTD/src/Clock_Ip_IntOsc.o
LOAD ./RTD/src/Clock_Ip_Irq.o
LOAD ./RTD/src/Clock_Ip_Monitor.o
LOAD ./RTD/src/Clock_Ip_Pll.o
LOAD ./RTD/src/Clock_Ip_ProgFreqSwitch.o
LOAD ./RTD/src/Clock_Ip_Selector.o
LOAD ./RTD/src/Clock_Ip_Specific.o
LOAD ./RTD/src/Det.o
LOAD ./RTD/src/Det_stub.o
LOAD ./RTD/src/Igf_Port_Ip.o
LOAD ./RTD/src/OsIf_Interrupts.o
LOAD ./RTD/src/OsIf_Timer.o
LOAD ./RTD/src/OsIf_Timer_System.o
LOAD ./RTD/src/OsIf_Timer_System_Internal_Systick.o
LOAD ./RTD/src/SchM_Dio.o
LOAD ./RTD/src/SchM_Mcu.o
LOAD ./RTD/src/SchM_Port.o
LOAD ./RTD/src/Siul2_Dio_Ip.o
LOAD ./RTD/src/Siul2_Port_Ip.o
LOAD ./RTD/src/Tspc_Port_Ip.o
LOAD ./board/Siul2_Port_Ip_Cfg.o
LOAD ./board/Tspc_Port_Ip_Cfg.o
LOAD ./generate/src/Clock_Ip_Cfg.o
LOAD ./generate/src/Igf_Port_Ip_Cfg.o
LOAD ./generate/src/OsIf_Cfg.o
LOAD ./src/main.o
LOAD c:/nxp/s32ds.3.5/s32ds/build_tools/gcc_v10.2/gcc-10.2-arm32-eabi/bin/../lib/gcc/arm-none-eabi/10.2.0/../../../../arm-none-eabi/lib/thumb/v7e-m+fp/hard\libc_nano.a
LOAD c:/nxp/s32ds.3.5/s32ds/build_tools/gcc_v10.2/gcc-10.2-arm32-eabi/bin/../lib/gcc/arm-none-eabi/10.2.0/../../../../arm-none-eabi/lib/thumb/v7e-m+fp/hard\libm.a
LOAD c:/nxp/s32ds.3.5/s32ds/build_tools/gcc_v10.2/gcc-10.2-arm32-eabi/bin/../lib/gcc/arm-none-eabi/10.2.0/thumb/v7e-m+fp/hard\libgcc.a
START GROUP
LOAD c:/nxp/s32ds.3.5/s32ds/build_tools/gcc_v10.2/gcc-10.2-arm32-eabi/bin/../lib/gcc/arm-none-eabi/10.2.0/thumb/v7e-m+fp/hard\libgcc.a
LOAD c:/nxp/s32ds.3.5/s32ds/build_tools/gcc_v10.2/gcc-10.2-arm32-eabi/bin/../lib/gcc/arm-none-eabi/10.2.0/../../../../arm-none-eabi/lib/thumb/v7e-m+fp/hard\libg_nano.a
LOAD c:/nxp/s32ds.3.5/s32ds/build_tools/gcc_v10.2/gcc-10.2-arm32-eabi/bin/../lib/gcc/arm-none-eabi/10.2.0/../../../../arm-none-eabi/lib/thumb/v7e-m+fp/hard\libc_nano.a
END GROUP
START GROUP
LOAD c:/nxp/s32ds.3.5/s32ds/build_tools/gcc_v10.2/gcc-10.2-arm32-eabi/bin/../lib/gcc/arm-none-eabi/10.2.0/thumb/v7e-m+fp/hard\libgcc.a
LOAD c:/nxp/s32ds.3.5/s32ds/build_tools/gcc_v10.2/gcc-10.2-arm32-eabi/bin/../lib/gcc/arm-none-eabi/10.2.0/../../../../arm-none-eabi/lib/thumb/v7e-m+fp/hard\libc_nano.a
LOAD c:/nxp/s32ds.3.5/s32ds/build_tools/gcc_v10.2/gcc-10.2-arm32-eabi/bin/../lib/gcc/arm-none-eabi/10.2.0/../../../../arm-none-eabi/lib/thumb/v7e-m+fp/hard\libnosys.a
END GROUP
START GROUP
LOAD c:/nxp/s32ds.3.5/s32ds/build_tools/gcc_v10.2/gcc-10.2-arm32-eabi/bin/../lib/gcc/arm-none-eabi/10.2.0/thumb/v7e-m+fp/hard\libgcc.a
LOAD c:/nxp/s32ds.3.5/s32ds/build_tools/gcc_v10.2/gcc-10.2-arm32-eabi/bin/../lib/gcc/arm-none-eabi/10.2.0/../../../../arm-none-eabi/lib/thumb/v7e-m+fp/hard\libc_nano.a
LOAD c:/nxp/s32ds.3.5/s32ds/build_tools/gcc_v10.2/gcc-10.2-arm32-eabi/bin/../lib/gcc/arm-none-eabi/10.2.0/../../../../arm-none-eabi/lib/thumb/v7e-m+fp/hard\libnosys.a
END GROUP
                0x00002000                HEAP_SIZE = DEFINED (__heap_size__)?__heap_size__:0x2000
                0x20407fff                __STANDBY_RAM_LIMIT_END = 0x20407fff

.pflash         0x00400000     0x5f14
 *(.boot_header)
 .boot_header   0x00400000       0x30 ./Project_Settings/Startup_Code/startup_cm7.o
                0x00400800                . = ALIGN (0x800)
 *fill*         0x00400030      0x7d0 
                0x00400800                __text_start = .
                0x00400800                __interrupts_init_start = .
 *(.intc_vector)
 .intc_vector   0x00400800      0x408 ./Project_Settings/Startup_Code/Vector_Table.o
                0x00400800                VTABLE
                0x00400c08                . = ALIGN (0x4)
                0x00400c08                __interrupts_init_end = .
 *(.core_loop)
 .core_loop     0x00400c08        0xc ./Project_Settings/Startup_Code/startup_cm7.o
                0x00400c08                _core_loop
                0x00400c14                . = ALIGN (0x4)
 *(.startup)
 *fill*         0x00400c14        0xc 
 .startup       0x00400c20      0x1dc ./Project_Settings/Startup_Code/startup_cm7.o
                0x00400c20                Reset_Handler
                0x00400c20                _start
                0x00400d8c                MCAL_LTB_TRACE_OFF
                0x00400d8e                _end_of_eunit_test
                0x00400dfc                . = ALIGN (0x4)
 *(.systeminit)
                0x00400dfc                . = ALIGN (0x4)
 *(.text.startup)
 .text.startup  0x00400dfc       0x3c ./src/main.o
                0x00400dfc                main
                0x00400e38                . = ALIGN (0x4)
 *(.text)
 .text          0x00400e38        0x0 ./Project_Settings/Startup_Code/Vector_Table.o
 .text          0x00400e38        0x0 ./Project_Settings/Startup_Code/exceptions.o
 .text          0x00400e38        0x0 ./Project_Settings/Startup_Code/nvic.o
 .text          0x00400e38        0x0 ./Project_Settings/Startup_Code/startup.o
 .text          0x00400e38        0x0 ./Project_Settings/Startup_Code/startup_cm7.o
 .text          0x00400e38       0x10 ./Project_Settings/Startup_Code/system.o
                0x00400e38                Sys_GetCoreID
 .text          0x00400e48        0x0 ./RTD/src/Clock_Ip.o
 .text          0x00400e48        0x0 ./RTD/src/Clock_Ip_Data.o
 .text          0x00400e48        0x0 ./RTD/src/Clock_Ip_Divider.o
 .text          0x00400e48        0x0 ./RTD/src/Clock_Ip_DividerTrigger.o
 .text          0x00400e48        0x0 ./RTD/src/Clock_Ip_ExtOsc.o
 .text          0x00400e48        0x0 ./RTD/src/Clock_Ip_FracDiv.o
 .text          0x00400e48        0x0 ./RTD/src/Clock_Ip_Frequency.o
 .text          0x00400e48        0x0 ./RTD/src/Clock_Ip_Gate.o
 .text          0x00400e48        0x0 ./RTD/src/Clock_Ip_IntOsc.o
 .text          0x00400e48        0x0 ./RTD/src/Clock_Ip_Irq.o
 .text          0x00400e48        0x0 ./RTD/src/Clock_Ip_Monitor.o
 .text          0x00400e48        0x0 ./RTD/src/Clock_Ip_Pll.o
 .text          0x00400e48        0x0 ./RTD/src/Clock_Ip_ProgFreqSwitch.o
 .text          0x00400e48        0x0 ./RTD/src/Clock_Ip_Selector.o
 .text          0x00400e48        0x0 ./RTD/src/Clock_Ip_Specific.o
 .text          0x00400e48        0x0 ./RTD/src/Det.o
 .text          0x00400e48        0x0 ./RTD/src/Det_stub.o
 .text          0x00400e48        0x0 ./RTD/src/Igf_Port_Ip.o
 .text          0x00400e48        0x0 ./RTD/src/OsIf_Interrupts.o
 .text          0x00400e48        0x0 ./RTD/src/OsIf_Timer.o
 .text          0x00400e48        0x0 ./RTD/src/OsIf_Timer_System.o
 .text          0x00400e48        0x0 ./RTD/src/OsIf_Timer_System_Internal_Systick.o
 .text          0x00400e48        0x6 ./RTD/src/SchM_Dio.o
                0x00400e48                Dio_schm_read_msr
 .text          0x00400e4e        0x6 ./RTD/src/SchM_Mcu.o
                0x00400e4e                Mcu_schm_read_msr
 .text          0x00400e54        0x6 ./RTD/src/SchM_Port.o
                0x00400e54                Port_schm_read_msr
 .text          0x00400e5a       0x14 ./RTD/src/Siul2_Dio_Ip.o
 .text          0x00400e6e       0x14 ./RTD/src/Siul2_Port_Ip.o
 .text          0x00400e82        0x0 ./RTD/src/Tspc_Port_Ip.o
 .text          0x00400e82        0x0 ./board/Siul2_Port_Ip_Cfg.o
 .text          0x00400e82        0x0 ./board/Tspc_Port_Ip_Cfg.o
 .text          0x00400e82        0x0 ./generate/src/Clock_Ip_Cfg.o
 .text          0x00400e82        0x0 ./generate/src/Igf_Port_Ip_Cfg.o
 .text          0x00400e82        0x0 ./generate/src/OsIf_Cfg.o
 .text          0x00400e82        0x0 ./src/main.o
 .text          0x00400e82        0x0 c:/nxp/s32ds.3.5/s32ds/build_tools/gcc_v10.2/gcc-10.2-arm32-eabi/bin/../lib/gcc/arm-none-eabi/10.2.0/../../../../arm-none-eabi/lib/thumb/v7e-m+fp/hard\libc_nano.a(lib_a-memmove.o)
 .text          0x00400e82        0x0 c:/nxp/s32ds.3.5/s32ds/build_tools/gcc_v10.2/gcc-10.2-arm32-eabi/bin/../lib/gcc/arm-none-eabi/10.2.0/../../../../arm-none-eabi/lib/thumb/v7e-m+fp/hard\libc_nano.a(lib_a-memset.o)
 *(.text*)
 .text.memmove  0x00400e82       0x34 c:/nxp/s32ds.3.5/s32ds/build_tools/gcc_v10.2/gcc-10.2-arm32-eabi/bin/../lib/gcc/arm-none-eabi/10.2.0/../../../../arm-none-eabi/lib/thumb/v7e-m+fp/hard\libc_nano.a(lib_a-memmove.o)
                0x00400e82                memmove
 .text.memset   0x00400eb6       0x10 c:/nxp/s32ds.3.5/s32ds/build_tools/gcc_v10.2/gcc-10.2-arm32-eabi/bin/../lib/gcc/arm-none-eabi/10.2.0/../../../../arm-none-eabi/lib/thumb/v7e-m+fp/hard\libc_nano.a(lib_a-memset.o)
                0x00400eb6                memset
                0x00400ec8                . = ALIGN (0x4)
 *fill*         0x00400ec6        0x2 
 *(.mcal_text)
 .mcal_text     0x00400ec8       0x14 ./Project_Settings/Startup_Code/exceptions.o
                0x00400ec8                NMI_Handler
                0x00400eca                HardFault_Handler
                0x00400ecc                MemManage_Handler
                0x00400ece                BusFault_Handler
                0x00400ed0                UsageFault_Handler
                0x00400ed2                SVC_Handler
                0x00400ed4                DebugMon_Handler
                0x00400ed6                PendSV_Handler
                0x00400ed8                SysTick_Handler
                0x00400eda                undefined_handler
 .mcal_text     0x00400edc       0x52 ./Project_Settings/Startup_Code/nvic.o
                0x00400edc                NVIC_SetPriorityGrouping
                0x00400ef0                NVIC_EnableIRQ
                0x00400f08                NVIC_DisableIRQ
                0x00400f20                NVIC_SetPriority
 *fill*         0x00400f2e        0x2 
 .mcal_text     0x00400f30       0xe8 ./Project_Settings/Startup_Code/startup.o
                0x00400f30                init_data_bss
                0x00400fbc                init_data_bss_core2
 .mcal_text     0x00401018      0x2ec ./Project_Settings/Startup_Code/system.o
                0x00401018                startup_go_to_user_mode
                0x0040101a                default_interrupt_routine
                0x0040101c                SystemInit
 .mcal_text     0x00401304      0x88c ./RTD/src/Clock_Ip.o
                0x00401306                Clock_Ip_InitClock
                0x004018b4                Clock_Ip_GetPllStatus
                0x00401958                Clock_Ip_DistributePll
                0x00401a44                Clock_Ip_Init
                0x00401a68                Clock_Ip_DisableClockMonitor
                0x00401a8c                Clock_Ip_InstallNotificationsCallback
                0x00401a98                Clock_Ip_DisableModuleClock
                0x00401ac0                Clock_Ip_EnableModuleClock
                0x00401ae8                Clock_Ip_DisableFircInStandby
                0x00401b00                Clock_Ip_EnableFircInStandby
                0x00401b18                Clock_Ip_DisableSircInStandby
                0x00401b30                Clock_Ip_EnableSircInStandby
                0x00401b48                Clock_Ip_ReportClockErrors
                0x00401b54                Clock_Ip_StartTimeout
                0x00401b74                Clock_Ip_TimeoutExpired
 .mcal_text     0x00401b90      0x120 ./RTD/src/Clock_Ip_Divider.o
 .mcal_text     0x00401cb0       0x9c ./RTD/src/Clock_Ip_DividerTrigger.o
 .mcal_text     0x00401d4c      0x1c4 ./RTD/src/Clock_Ip_ExtOsc.o
 .mcal_text     0x00401f10        0x6 ./RTD/src/Clock_Ip_FracDiv.o
 .mcal_text     0x00401f16        0x2 ./RTD/src/Clock_Ip_Frequency.o
                0x00401f16                Clock_Ip_SetExternalSignalFrequency
 .mcal_text     0x00401f18      0x128 ./RTD/src/Clock_Ip_Gate.o
 .mcal_text     0x00402040      0x104 ./RTD/src/Clock_Ip_IntOsc.o
 .mcal_text     0x00402144        0x4 ./RTD/src/Clock_Ip_Irq.o
                0x00402144                Mcu_Cmu_ClockFail_IRQHandler
 .mcal_text     0x00402148      0x204 ./RTD/src/Clock_Ip_Monitor.o
                0x004022f4                Clock_Ip_CMU_GetInterruptStatus
                0x00402308                Clock_Ip_CMU_ClockFailInt
 .mcal_text     0x0040234c      0x17c ./RTD/src/Clock_Ip_Pll.o
 .mcal_text     0x004024c8      0x154 ./RTD/src/Clock_Ip_ProgFreqSwitch.o
 .mcal_text     0x0040261c      0x3dc ./RTD/src/Clock_Ip_Selector.o
                0x004029cc                Clock_Ip_SetRtcRtccClksel_TrustedCall
 .mcal_text     0x004029f8      0x2c8 ./RTD/src/Clock_Ip_Specific.o
                0x004029f8                Clock_Ip_McMeEnterKey
                0x00402a0c                Clock_Ip_PowerClockIpModules
                0x00402c0c                DisableFircInStandbyMode
                0x00402c1c                EnableFircInStandbyMode
                0x00402c38                DisableSircInStandbyMode
                0x00402c48                EnableSircInStandbyMode
                0x00402c64                Clock_Ip_Command
                0x00402cb4                Clock_Ip_FLASH_SetFlashIWS
                0x00402cb8                Clock_Ip_SetFlashWaitStates
                0x00402cbc                Clock_Ip_SetRamWaitStates
 .mcal_text     0x00402cc0       0xa4 ./RTD/src/Det.o
                0x00402cc0                Det_Init
                0x00402cc2                Det_ReportError
                0x00402cf8                Det_ReportRuntimeError
                0x00402d2c                Det_ReportTransientFault
                0x00402d60                Det_Start
 .mcal_text     0x00402d64      0x21c ./RTD/src/Det_stub.o
                0x00402d64                Det_TestLastReportError
                0x00402dcc                Det_TestLastReportRuntimeError
                0x00402e34                Det_TestLastReportTransientFault
                0x00402e9c                Det_TestNoError
                0x00402ee8                Det_TestNoRuntimeError
                0x00402f34                Det_TestNoTransientFault
 .mcal_text     0x00402f80       0x1e ./RTD/src/OsIf_Timer.o
                0x00402f80                OsIf_Init
                0x00402f88                OsIf_GetCounter
                0x00402f8c                OsIf_GetElapsed
                0x00402f94                OsIf_SetTimerFrequency
                0x00402f96                OsIf_MicrosToTicks
 .mcal_text     0x00402f9e       0x42 ./RTD/src/OsIf_Timer_System_Internal_Systick.o
                0x00402f9e                OsIf_Timer_System_Internal_Init
                0x00402fb4                OsIf_Timer_System_Internal_GetCounter
                0x00402fc0                OsIf_Timer_System_Internal_GetElapsed
 .mcal_text     0x00402fe0       0xc8 ./RTD/src/SchM_Dio.o
                0x00402fe0                SchM_Enter_Dio_DIO_EXCLUSIVE_AREA_00
                0x00403014                SchM_Exit_Dio_DIO_EXCLUSIVE_AREA_00
                0x00403044                SchM_Enter_Dio_DIO_EXCLUSIVE_AREA_01
                0x00403078                SchM_Exit_Dio_DIO_EXCLUSIVE_AREA_01
 .mcal_text     0x004030a8      0x12c ./RTD/src/SchM_Mcu.o
                0x004030a8                SchM_Enter_Mcu_MCU_EXCLUSIVE_AREA_00
                0x004030dc                SchM_Exit_Mcu_MCU_EXCLUSIVE_AREA_00
                0x0040310c                SchM_Enter_Mcu_MCU_EXCLUSIVE_AREA_01
                0x00403140                SchM_Exit_Mcu_MCU_EXCLUSIVE_AREA_01
                0x00403170                SchM_Enter_Mcu_MCU_EXCLUSIVE_AREA_02
                0x004031a4                SchM_Exit_Mcu_MCU_EXCLUSIVE_AREA_02
 .mcal_text     0x004031d4      0xaf0 ./RTD/src/SchM_Port.o
                0x004031d4                SchM_Enter_Port_PORT_EXCLUSIVE_AREA_00
                0x00403208                SchM_Exit_Port_PORT_EXCLUSIVE_AREA_00
                0x00403238                SchM_Enter_Port_PORT_EXCLUSIVE_AREA_01
                0x0040326c                SchM_Exit_Port_PORT_EXCLUSIVE_AREA_01
                0x0040329c                SchM_Enter_Port_PORT_EXCLUSIVE_AREA_02
                0x004032d0                SchM_Exit_Port_PORT_EXCLUSIVE_AREA_02
                0x00403300                SchM_Enter_Port_PORT_EXCLUSIVE_AREA_03
                0x00403334                SchM_Exit_Port_PORT_EXCLUSIVE_AREA_03
                0x00403364                SchM_Enter_Port_PORT_EXCLUSIVE_AREA_04
                0x00403398                SchM_Exit_Port_PORT_EXCLUSIVE_AREA_04
                0x004033c8                SchM_Enter_Port_PORT_EXCLUSIVE_AREA_05
                0x004033fc                SchM_Exit_Port_PORT_EXCLUSIVE_AREA_05
                0x0040342c                SchM_Enter_Port_PORT_EXCLUSIVE_AREA_06
                0x00403460                SchM_Exit_Port_PORT_EXCLUSIVE_AREA_06
                0x00403490                SchM_Enter_Port_PORT_EXCLUSIVE_AREA_07
                0x004034c4                SchM_Exit_Port_PORT_EXCLUSIVE_AREA_07
                0x004034f4                SchM_Enter_Port_PORT_EXCLUSIVE_AREA_08
                0x00403528                SchM_Exit_Port_PORT_EXCLUSIVE_AREA_08
                0x00403558                SchM_Enter_Port_PORT_EXCLUSIVE_AREA_09
                0x0040358c                SchM_Exit_Port_PORT_EXCLUSIVE_AREA_09
                0x004035bc                SchM_Enter_Port_PORT_EXCLUSIVE_AREA_10
                0x004035f0                SchM_Exit_Port_PORT_EXCLUSIVE_AREA_10
                0x00403620                SchM_Enter_Port_PORT_EXCLUSIVE_AREA_11
                0x00403654                SchM_Exit_Port_PORT_EXCLUSIVE_AREA_11
                0x00403684                SchM_Enter_Port_PORT_EXCLUSIVE_AREA_12
                0x004036b8                SchM_Exit_Port_PORT_EXCLUSIVE_AREA_12
                0x004036e8                SchM_Enter_Port_PORT_EXCLUSIVE_AREA_13
                0x0040371c                SchM_Exit_Port_PORT_EXCLUSIVE_AREA_13
                0x0040374c                SchM_Enter_Port_PORT_EXCLUSIVE_AREA_14
                0x00403780                SchM_Exit_Port_PORT_EXCLUSIVE_AREA_14
                0x004037b0                SchM_Enter_Port_PORT_EXCLUSIVE_AREA_15
                0x004037e4                SchM_Exit_Port_PORT_EXCLUSIVE_AREA_15
                0x00403814                SchM_Enter_Port_PORT_EXCLUSIVE_AREA_16
                0x00403848                SchM_Exit_Port_PORT_EXCLUSIVE_AREA_16
                0x00403878                SchM_Enter_Port_PORT_EXCLUSIVE_AREA_17
                0x004038ac                SchM_Exit_Port_PORT_EXCLUSIVE_AREA_17
                0x004038dc                SchM_Enter_Port_PORT_EXCLUSIVE_AREA_18
                0x00403910                SchM_Exit_Port_PORT_EXCLUSIVE_AREA_18
                0x00403940                SchM_Enter_Port_PORT_EXCLUSIVE_AREA_19
                0x00403974                SchM_Exit_Port_PORT_EXCLUSIVE_AREA_19
                0x004039a4                SchM_Enter_Port_PORT_EXCLUSIVE_AREA_20
                0x004039d8                SchM_Exit_Port_PORT_EXCLUSIVE_AREA_20
                0x00403a08                SchM_Enter_Port_PORT_EXCLUSIVE_AREA_21
                0x00403a3c                SchM_Exit_Port_PORT_EXCLUSIVE_AREA_21
                0x00403a6c                SchM_Enter_Port_PORT_EXCLUSIVE_AREA_22
                0x00403aa0                SchM_Exit_Port_PORT_EXCLUSIVE_AREA_22
                0x00403ad0                SchM_Enter_Port_PORT_EXCLUSIVE_AREA_23
                0x00403b04                SchM_Exit_Port_PORT_EXCLUSIVE_AREA_23
                0x00403b34                SchM_Enter_Port_PORT_EXCLUSIVE_AREA_24
                0x00403b68                SchM_Exit_Port_PORT_EXCLUSIVE_AREA_24
                0x00403b98                SchM_Enter_Port_PORT_EXCLUSIVE_AREA_25
                0x00403bcc                SchM_Exit_Port_PORT_EXCLUSIVE_AREA_25
                0x00403bfc                SchM_Enter_Port_PORT_EXCLUSIVE_AREA_26
                0x00403c30                SchM_Exit_Port_PORT_EXCLUSIVE_AREA_26
                0x00403c60                SchM_Enter_Port_PORT_EXCLUSIVE_AREA_27
                0x00403c94                SchM_Exit_Port_PORT_EXCLUSIVE_AREA_27
 .mcal_text     0x00403cc4      0x190 ./RTD/src/Siul2_Dio_Ip.o
                0x00403cfa                Siul2_Dio_Ip_WritePin
                0x00403d4e                Siul2_Dio_Ip_WritePins
                0x00403d66                Siul2_Dio_Ip_GetPinsOutput
                0x00403d7e                Siul2_Dio_Ip_SetPins
                0x00403d9c                Siul2_Dio_Ip_ClearPins
                0x00403dbc                Siul2_Dio_Ip_TogglePins
                0x00403dda                Siul2_Dio_Ip_ReadPins
                0x00403df4                Siul2_Dio_Ip_ReadPin
                0x00403e26                Siul2_Dio_Ip_MaskedWritePins
 .mcal_text     0x00403e54      0x458 ./RTD/src/Siul2_Port_Ip.o
                0x00403fa8                Siul2_Port_Ip_Init
                0x00403fd8                Siul2_Port_Ip_SetPullSel
                0x00404034                Siul2_Port_Ip_SetOutputBuffer
                0x0040409a                Siul2_Port_Ip_SetInputBuffer
                0x0040410a                Siul2_Port_Ip_SetPinDirection
                0x00404182                Siul2_Port_Ip_RevertPinConfiguration
                0x004041e4                Siul2_Port_Ip_GetPinConfiguration
 .mcal_text     0x004042ac       0xd0 ./RTD/src/Tspc_Port_Ip.o
                0x004042ac                Tspc_Port_Ip_EnableObeGroup
                0x004042dc                Tspc_Port_Ip_ConfigureObeGroup
                0x0040437c                . = ALIGN (0x4)
 *(.acmcu_code_rom)
                0x0040437c                . = ALIGN (0x4)
                0x0040437c                __acfls_code_rom_start = .
 *(.acfls_code_rom)
 .acfls_code_rom
                0x0040437c       0x58 ./RTD/src/Clock_Ip_Specific.o
                0x0040437c                Clock_Ip_PRAMCSetRamIWS
 *fill*         0x004043d4        0x4 
 .acfls_code_rom.__stub
                0x004043d8        0x8 linker stubs
                0x004043e0                . = ALIGN (0x4)
                0x004043e0                __acfls_code_rom_end = .
 *(.init)
                0x004043e0                . = ALIGN (0x4)
 *(.fini)
                0x004043e0                . = ALIGN (0x4)
 *(.rodata)
 .rodata        0x004043e0        0x3 ./RTD/src/Clock_Ip_IntOsc.o
 *fill*         0x004043e3        0x1 
 .rodata        0x004043e4        0x4 ./RTD/src/Siul2_Port_Ip.o
                0x004043e4                Port_au32Siul2BaseAddr
 *(.rodata*)
                0x004043e8                . = ALIGN (0x4)
 *(.mcal_const_cfg)
 .mcal_const_cfg
                0x004043e8      0x2f0 ./board/Siul2_Port_Ip_Cfg.o
                0x004043e8                g_pin_mux_InitConfigArr0
 .mcal_const_cfg
                0x004046d8      0x5d8 ./generate/src/Clock_Ip_Cfg.o
                0x004046d8                Clock_Ip_aClockConfig
                0x00404cb0                . = ALIGN (0x4)
 *(.mcal_const)
 .mcal_const    0x00404cb0     0x10da ./RTD/src/Clock_Ip_Data.o
                0x00404cb0                Clock_Ip_axGateInfo
                0x00405388                Clock_Ip_axFeatureExtensions
                0x004055a8                Clock_Ip_aeHwDfsName
                0x004055ac                Clock_Ip_aeHwPllName
                0x004055b0                Clock_Ip_aeSourceTypeClockName
                0x00405608                Clock_Ip_apxMcMeTriggerPartitions
                0x00405618                Clock_Ip_apxMcMeGetPartitions
                0x00405628                Clock_Ip_apxMcMeSetPartitions
                0x00405638                Clock_Ip_axCmuInfo
                0x004056a8                Clock_Ip_aeCmuNames
                0x004056c4                Clock_Ip_apxCmu
                0x004056e0                Clock_Ip_apxPll
                0x004056f0                Clock_Ip_apxXosc
                0x004056f8                Clock_Ip_apxCgmPcfs
                0x004056fc                Clock_Ip_apxCgm
                0x0040574c                Clock_Ip_au16SelectorEntryRtcHardwareValue
                0x00405778                Clock_Ip_au16SelectorEntryHardwareValue
                0x004057a4                Clock_Ip_au8SoftwareMuxResetValue
                0x00405832                Clock_Ip_au8ClockFeatures
                0x00405d30                Clock_Ip_au8CmuCallbackIndex
                0x00405d39                Clock_Ip_au8PcfsCallbackIndex
                0x00405d42                Clock_Ip_au8SelectorCallbackIndex
                0x00405d4b                Clock_Ip_au8PllCallbackIndex
                0x00405d54                Clock_Ip_au8FractionalDividerCallbackIndex
                0x00405d5d                Clock_Ip_au8GateCallbackIndex
                0x00405d66                Clock_Ip_au8IrcoscCallbackIndex
                0x00405d6f                Clock_Ip_au8XoscCallbackIndex
                0x00405d78                Clock_Ip_au8DividerTriggerCallbackIndex
                0x00405d81                Clock_Ip_au8DividerCallbackIndex
 *fill*         0x00405d8a        0x2 
 .mcal_const    0x00405d8c       0x10 ./RTD/src/Clock_Ip_Divider.o
                0x00405d8c                Clock_Ip_axDividerCallbacks
 .mcal_const    0x00405d9c       0x10 ./RTD/src/Clock_Ip_DividerTrigger.o
                0x00405d9c                Clock_Ip_axDividerTriggerCallbacks
 .mcal_const    0x00405dac       0x3c ./RTD/src/Clock_Ip_ExtOsc.o
                0x00405dac                Clock_Ip_axExtOscCallbacks
 .mcal_const    0x00405de8        0xc ./RTD/src/Clock_Ip_FracDiv.o
                0x00405de8                Clock_Ip_axFracDivCallbacks
 .mcal_const    0x00405df4       0x10 ./RTD/src/Clock_Ip_Gate.o
                0x00405df4                Clock_Ip_axGateCallbacks
 .mcal_const    0x00405e04       0x30 ./RTD/src/Clock_Ip_IntOsc.o
                0x00405e04                Clock_Ip_axIntOscCallbacks
 .mcal_const    0x00405e34       0x20 ./RTD/src/Clock_Ip_Monitor.o
                0x00405e34                Clock_Ip_axCmuCallbacks
 .mcal_const    0x00405e54       0x28 ./RTD/src/Clock_Ip_Pll.o
                0x00405e54                Clock_Ip_axPllCallbacks
 .mcal_const    0x00405e7c        0x8 ./RTD/src/Clock_Ip_ProgFreqSwitch.o
                0x00405e7c                Clock_Ip_axPcfsCallbacks
 .mcal_const    0x00405e84       0x28 ./RTD/src/Clock_Ip_Selector.o
                0x00405e84                Clock_Ip_axSelectorCallbacks
                0x00405eac                . = ALIGN (0x4)
                0x00405eac                __init_table = .
 *(.init_table)
 .init_table    0x00405eac       0x4c ./Project_Settings/Startup_Code/startup_cm7.o
                0x00405ef8                . = ALIGN (0x4)
                0x00405ef8                __zero_table = .
 *(.zero_table)
 .zero_table    0x00405ef8       0x1c ./Project_Settings/Startup_Code/startup_cm7.o

.glue_7         0x00405f14        0x0
 .glue_7        0x00405f14        0x0 linker stubs

.glue_7t        0x00405f14        0x0
 .glue_7t       0x00405f14        0x0 linker stubs

.vfp11_veneer   0x00405f14        0x0
 .vfp11_veneer  0x00405f14        0x0 linker stubs

.v4_bx          0x00405f14        0x0
 .v4_bx         0x00405f14        0x0 linker stubs

.iplt           0x00405f14        0x0
 .iplt          0x00405f14        0x0 ./Project_Settings/Startup_Code/Vector_Table.o

.rel.dyn        0x00405f14        0x0
 .rel.iplt      0x00405f14        0x0 ./Project_Settings/Startup_Code/Vector_Table.o
                0x00405f14                . = ALIGN (0x4)
                0x00405f14                __text_end = .
                0x00405f14                __sram_data_rom = __text_end

.sram_bss       0x20400000      0x148
                0x20400000                . = ALIGN (0x8)
                0x20400000                __standby_ram_begin__ = .
 *(.standby_data)
                0x20400000                . = ALIGN (0x8)
                0x20400000                __standby_ram_end__ = .
                0x20400000                . = ALIGN (0x10)
                0x20400000                __sram_bss_start = .
 *(.bss)
 .bss           0x20400000        0x0 ./Project_Settings/Startup_Code/Vector_Table.o
 .bss           0x20400000        0x0 ./Project_Settings/Startup_Code/exceptions.o
 .bss           0x20400000        0x0 ./Project_Settings/Startup_Code/nvic.o
 .bss           0x20400000        0x0 ./Project_Settings/Startup_Code/startup.o
 .bss           0x20400000        0x0 ./Project_Settings/Startup_Code/startup_cm7.o
 .bss           0x20400000       0x78 ./Project_Settings/Startup_Code/system.o
                0x20400000                rbar
                0x2040003c                rasr
 .bss           0x20400078        0x0 ./RTD/src/Clock_Ip.o
 .bss           0x20400078        0x0 ./RTD/src/Clock_Ip_Data.o
 .bss           0x20400078        0x0 ./RTD/src/Clock_Ip_Divider.o
 .bss           0x20400078        0x0 ./RTD/src/Clock_Ip_DividerTrigger.o
 .bss           0x20400078        0x0 ./RTD/src/Clock_Ip_ExtOsc.o
 .bss           0x20400078        0x0 ./RTD/src/Clock_Ip_FracDiv.o
 .bss           0x20400078        0x0 ./RTD/src/Clock_Ip_Frequency.o
 .bss           0x20400078        0x0 ./RTD/src/Clock_Ip_Gate.o
 .bss           0x20400078        0x0 ./RTD/src/Clock_Ip_IntOsc.o
 .bss           0x20400078        0x0 ./RTD/src/Clock_Ip_Irq.o
 .bss           0x20400078        0x0 ./RTD/src/Clock_Ip_Monitor.o
 .bss           0x20400078        0x0 ./RTD/src/Clock_Ip_Pll.o
 .bss           0x20400078        0x0 ./RTD/src/Clock_Ip_ProgFreqSwitch.o
 .bss           0x20400078        0x0 ./RTD/src/Clock_Ip_Selector.o
 .bss           0x20400078        0x0 ./RTD/src/Clock_Ip_Specific.o
 .bss           0x20400078        0x0 ./RTD/src/Det.o
 .bss           0x20400078        0x0 ./RTD/src/Det_stub.o
 .bss           0x20400078        0x0 ./RTD/src/Igf_Port_Ip.o
 .bss           0x20400078        0x0 ./RTD/src/OsIf_Interrupts.o
 .bss           0x20400078        0x0 ./RTD/src/OsIf_Timer.o
 .bss           0x20400078        0x0 ./RTD/src/OsIf_Timer_System.o
 .bss           0x20400078        0x0 ./RTD/src/OsIf_Timer_System_Internal_Systick.o
 .bss           0x20400078        0x0 ./RTD/src/SchM_Dio.o
 .bss           0x20400078        0x0 ./RTD/src/SchM_Mcu.o
 .bss           0x20400078        0x0 ./RTD/src/SchM_Port.o
 .bss           0x20400078        0x0 ./RTD/src/Siul2_Dio_Ip.o
 .bss           0x20400078        0x0 ./RTD/src/Siul2_Port_Ip.o
 .bss           0x20400078        0x0 ./RTD/src/Tspc_Port_Ip.o
 .bss           0x20400078        0x0 ./board/Siul2_Port_Ip_Cfg.o
 .bss           0x20400078        0x0 ./board/Tspc_Port_Ip_Cfg.o
 .bss           0x20400078        0x0 ./generate/src/Clock_Ip_Cfg.o
 .bss           0x20400078        0x0 ./generate/src/Igf_Port_Ip_Cfg.o
 .bss           0x20400078        0x0 ./generate/src/OsIf_Cfg.o
 .bss           0x20400078        0x8 ./src/main.o
                0x20400078                delay
                0x2040007c                exit_code
 .bss           0x20400080        0x0 c:/nxp/s32ds.3.5/s32ds/build_tools/gcc_v10.2/gcc-10.2-arm32-eabi/bin/../lib/gcc/arm-none-eabi/10.2.0/../../../../arm-none-eabi/lib/thumb/v7e-m+fp/hard\libc_nano.a(lib_a-memmove.o)
 .bss           0x20400080        0x0 c:/nxp/s32ds.3.5/s32ds/build_tools/gcc_v10.2/gcc-10.2-arm32-eabi/bin/../lib/gcc/arm-none-eabi/10.2.0/../../../../arm-none-eabi/lib/thumb/v7e-m+fp/hard\libc_nano.a(lib_a-memset.o)
 *(.bss*)
                0x20400080                . = ALIGN (0x10)
 *(.mcal_bss)
 .mcal_bss      0x20400080        0x4 ./Project_Settings/Startup_Code/system.o
                0x20400080                RESET_CATCH_CORE
 .mcal_bss      0x20400084       0x99 ./RTD/src/Clock_Ip.o
                0x20400088                Clock_Ip_FreqIds
                0x20400118                Clock_Ip_pxConfig
 *fill*         0x2040011d        0x3 
 .mcal_bss      0x20400120       0x10 ./RTD/src/Clock_Ip_Monitor.o
 .mcal_bss      0x20400130        0x4 ./RTD/src/Clock_Ip_ProgFreqSwitch.o
 .mcal_bss      0x20400134        0xc ./RTD/src/Clock_Ip_Specific.o
 .mcal_bss      0x20400140        0x8 ./RTD/src/Siul2_Port_Ip.o
                0x20400148                . = ALIGN (0x4)
                0x20400148                __sram_bss_end = .

.sram_data      0x20400148       0x98 load address 0x00405f14
                0x20400148                . = ALIGN (0x4)
                0x20400148                __sram_data_begin__ = .
                0x20400148                . = ALIGN (0x4)
 *(.ramcode)
 .ramcode       0x20400148       0x90 ./RTD/src/Clock_Ip_Specific.o
                0x204001d8                . = ALIGN (0x4)
 *(.data)
 .data          0x204001d8        0x0 ./Project_Settings/Startup_Code/Vector_Table.o
 .data          0x204001d8        0x0 ./Project_Settings/Startup_Code/exceptions.o
 .data          0x204001d8        0x0 ./Project_Settings/Startup_Code/nvic.o
 .data          0x204001d8        0x0 ./Project_Settings/Startup_Code/startup.o
 .data          0x204001d8        0x0 ./Project_Settings/Startup_Code/startup_cm7.o
 .data          0x204001d8        0x0 ./Project_Settings/Startup_Code/system.o
 .data          0x204001d8        0x4 ./RTD/src/Clock_Ip.o
 .data          0x204001dc        0x0 ./RTD/src/Clock_Ip_Data.o
 .data          0x204001dc        0x0 ./RTD/src/Clock_Ip_Divider.o
 .data          0x204001dc        0x0 ./RTD/src/Clock_Ip_DividerTrigger.o
 .data          0x204001dc        0x0 ./RTD/src/Clock_Ip_ExtOsc.o
 .data          0x204001dc        0x0 ./RTD/src/Clock_Ip_FracDiv.o
 .data          0x204001dc        0x0 ./RTD/src/Clock_Ip_Frequency.o
 .data          0x204001dc        0x0 ./RTD/src/Clock_Ip_Gate.o
 .data          0x204001dc        0x0 ./RTD/src/Clock_Ip_IntOsc.o
 .data          0x204001dc        0x0 ./RTD/src/Clock_Ip_Irq.o
 .data          0x204001dc        0x0 ./RTD/src/Clock_Ip_Monitor.o
 .data          0x204001dc        0x0 ./RTD/src/Clock_Ip_Pll.o
 .data          0x204001dc        0x0 ./RTD/src/Clock_Ip_ProgFreqSwitch.o
 .data          0x204001dc        0x0 ./RTD/src/Clock_Ip_Selector.o
 .data          0x204001dc        0x0 ./RTD/src/Clock_Ip_Specific.o
 .data          0x204001dc        0x0 ./RTD/src/Det.o
 .data          0x204001dc        0x0 ./RTD/src/Det_stub.o
 .data          0x204001dc        0x0 ./RTD/src/Igf_Port_Ip.o
 .data          0x204001dc        0x0 ./RTD/src/OsIf_Interrupts.o
 .data          0x204001dc        0x0 ./RTD/src/OsIf_Timer.o
 .data          0x204001dc        0x0 ./RTD/src/OsIf_Timer_System.o
 .data          0x204001dc        0x0 ./RTD/src/OsIf_Timer_System_Internal_Systick.o
 .data          0x204001dc        0x0 ./RTD/src/SchM_Dio.o
 .data          0x204001dc        0x0 ./RTD/src/SchM_Mcu.o
 .data          0x204001dc        0x0 ./RTD/src/SchM_Port.o
 .data          0x204001dc        0x0 ./RTD/src/Siul2_Dio_Ip.o
 .data          0x204001dc        0x0 ./RTD/src/Siul2_Port_Ip.o
 .data          0x204001dc        0x0 ./RTD/src/Tspc_Port_Ip.o
 .data          0x204001dc        0x0 ./board/Siul2_Port_Ip_Cfg.o
 .data          0x204001dc        0x0 ./board/Tspc_Port_Ip_Cfg.o
 .data          0x204001dc        0x0 ./generate/src/Clock_Ip_Cfg.o
 .data          0x204001dc        0x0 ./generate/src/Igf_Port_Ip_Cfg.o
 .data          0x204001dc        0x0 ./generate/src/OsIf_Cfg.o
 .data          0x204001dc        0x0 ./src/main.o
 .data          0x204001dc        0x0 c:/nxp/s32ds.3.5/s32ds/build_tools/gcc_v10.2/gcc-10.2-arm32-eabi/bin/../lib/gcc/arm-none-eabi/10.2.0/../../../../arm-none-eabi/lib/thumb/v7e-m+fp/hard\libc_nano.a(lib_a-memmove.o)
 .data          0x204001dc        0x0 c:/nxp/s32ds.3.5/s32ds/build_tools/gcc_v10.2/gcc-10.2-arm32-eabi/bin/../lib/gcc/arm-none-eabi/10.2.0/../../../../arm-none-eabi/lib/thumb/v7e-m+fp/hard\libc_nano.a(lib_a-memset.o)
 *(.data*)
                0x204001dc                . = ALIGN (0x4)
 *(.mcal_data)
 .mcal_data     0x204001dc        0x4 ./RTD/src/Siul2_Dio_Ip.o
                0x204001dc                Siul2_Dio_Ip_au32BaseAdresses
                0x204001e0                . = ALIGN (0x4)
                0x204001e0                __sram_data_end__ = .
                0x00405fac                __sram_data_rom_end = (__sram_data_rom + (__sram_data_end__ - __sram_data_begin__))

.heap           0x204001e0     0x2000 load address 0x00405fac
                0x00000000                . = (. + ALIGN (0x4))
                0x204001e0                _end = .
                0x204001e0                end = .
                0x204001e0                _heap_start = .
                0x00002000                . = (. + HEAP_SIZE)
 *fill*         0x204001e0     0x2000 
                0x204021e0                _heap_end = .

.acfls_code_ram
                0x2042ff00        0x0
                0x2042ff00                acfls_code_ram_start = .
 *(.acfls_code_ram)
                0x2042ff00                acfls_code_ram_stop = .
                0x00405fac                __non_cacheable_data_rom = __sram_data_rom_end

.non_cacheable_data
                0x20430000        0x4 load address 0x00405fac
                0x20430000                . = ALIGN (0x4)
                0x20430000                __non_cacheable_data_start__ = .
 *(.mcal_data_no_cacheable)
                0x20430000                . = ALIGN (0x4)
 *(.mcal_const_no_cacheable)
                0x20430000                . = ALIGN (0x4)
                0x20430000                HSE_LOOP_ADDR = .
                0x20430000        0x4 LONG 0x0
                0x20430004                __non_cacheable_data_end__ = .
                0x00405fb0                __non_cacheable_data_rom_end = (__non_cacheable_data_rom + (__non_cacheable_data_end__ - __non_cacheable_data_start__))

.igot.plt       0x20430004        0x0 load address 0x00405fb0
 .igot.plt      0x20430004        0x0 ./Project_Settings/Startup_Code/Vector_Table.o

.non_cacheable_bss
                0x20430004      0x468 load address 0x00405fb0
                0x20430010                . = ALIGN (0x10)
 *fill*         0x20430004        0xc 
                0x20430010                __non_cacheable_bss_start = .
 *(.mcal_bss_no_cacheable)
 .mcal_bss_no_cacheable
                0x20430010       0x3c ./RTD/src/Det.o
                0x20430010                Det_TransientModuleId
                0x20430018                Det_ApiId
                0x2043001c                Det_TransientInstanceId
                0x20430020                Det_ErrorId
                0x20430024                Det_TransientApiId
                0x20430028                Det_RuntimeModuleId
                0x20430030                Det_TransientFaultId
                0x20430034                Det_RuntimeInstanceId
                0x20430038                Det_RuntimeApiId
                0x2043003c                Det_ModuleId
                0x20430044                Det_RuntimeErrorId
                0x20430048                Det_InstanceId
 .mcal_bss_no_cacheable
                0x2043004c       0x40 ./RTD/src/SchM_Dio.o
 .mcal_bss_no_cacheable
                0x2043008c       0x60 ./RTD/src/SchM_Mcu.o
 .mcal_bss_no_cacheable
                0x204300ec      0x380 ./RTD/src/SchM_Port.o
                0x2043046c                . = ALIGN (0x4)
                0x2043046c                __non_cacheable_bss_end = .

.int_results    0x2043ff00      0x100
                0x2043ff00                . = ALIGN (0x4)
 *(.int_results)
                0x20440000                . = (. + 0x100)
 *fill*         0x2043ff00      0x100 
                0x00405fb0                __shareable_data_rom = __non_cacheable_data_rom_end

.shareable_data
                0x20440000        0x0 load address 0x00405fb0
                0x20440000                . = ALIGN (0x4)
                0x20440000                __shareable_data_start__ = .
 *(.mcal_shared_data)
                0x20440000                . = ALIGN (0x4)
                0x20440000                __shareable_data_end__ = .
                0x00405fb0                __shareable_data_rom_end = (__shareable_data_rom + (__shareable_data_end__ - __shareable_data_start__))

.int_vector     0x20000000      0x408
                0x20000000                . = ALIGN (0x800)
                0x20000000                __interrupts_ram_start = .
                0x20000408                . = (. + (__interrupts_init_end - __interrupts_init_start))
 *fill*         0x20000000      0x408 
                0x20000408                . = ALIGN (0x4)
                0x20000408                __interrupts_ram_end = .
                0x00405fb0                __tcm_data_rom = __shareable_data_rom_end

.data_tcm_data  0x20000408        0x0 load address 0x00405fb0
                0x20000408                . = ALIGN (0x4)
                0x20000408                __dtcm_data_start__ = .
 *(.dtcm_data*)
                0x20000408                . = ALIGN (0x4)
                0x20000408                __dtcm_data_end__ = .
                0x00405fb0                __tcm_data_rom_end = (__tcm_data_rom + (__dtcm_data_end__ - __dtcm_data_start__))

.bss_tcm_data   0x20000408        0x0
                0x20000408                . = ALIGN (0x4)
                0x20000408                __dtcm_bss_start__ = .
 *(.dtcm_bss*)
                0x20000408                . = ALIGN (0x4)
                0x20000408                __dtcm_bss_end__ = .
                0x00405fb0                __tcm_code_rom_start = __tcm_data_rom_end

.itcm_text      0x00000000        0x0 load address 0x00405fb0
                0x00000000                . = ALIGN (0x4)
                0x00000000                __itcm_start__ = .
 *(.itcm_text*)
                0x00000000                . = ALIGN (0x4)
                0x00000000                __itcm_end__ = .
                0x00405fb0                __tcm_code_rom_end = (__tcm_code_rom_start + (__itcm_end__ - __itcm_start__))

.shareable_bss  0x20440000        0x0
                0x20440000                . = ALIGN (0x10)
                0x20440000                __shareable_bss_start = .
 *(.mcal_shared_bss)
                0x20440000                . = ALIGN (0x4)
                0x20440000                __shareable_bss_end = .
                0x2001f000                __Stack_dtcm_end = ORIGIN (int_stack_dtcm)
                0x20020000                __Stack_dtcm_start = (ORIGIN (int_stack_dtcm) + LENGTH (int_stack_dtcm))
                0x20400000                __INT_SRAM_START = ORIGIN (int_sram)
                0x20444000                __INT_SRAM_END = ORIGIN (ram_rsvd2)
                0x00000000                __INT_ITCM_START = ORIGIN (int_itcm)
                0x00010000                __INT_ITCM_END = (ORIGIN (int_itcm) + LENGTH (int_itcm))
                0x20000000                __INT_DTCM_START = ORIGIN (int_dtcm)
                0x20020000                __INT_DTCM_END = ((ORIGIN (int_dtcm) + LENGTH (int_dtcm)) + LENGTH (int_stack_dtcm))
                0x20440000                __RAM_SHAREABLE_START = ORIGIN (int_sram_shareable)
                0x20444000                __RAM_SHAREABLE_END = (ORIGIN (int_sram_shareable) + LENGTH (int_sram_shareable))
                0x0000000e                __RAM_SHAREABLE_SIZE = 0xe
                0x00405fb0                __ROM_SHAREABLE_START = __shareable_data_rom
                0x00405fb0                __ROM_SHAREABLE_END = __shareable_data_rom_end
                0x20430000                __RAM_NO_CACHEABLE_START = ORIGIN (int_sram_no_cacheable)
                0x2043ffff                __RAM_NO_CACHEABLE_END = (ORIGIN (int_sram_shareable) - 0x1)
                0x00000010                __RAM_NO_CACHEABLE_SIZE = 0x10
                0x00405fac                __ROM_NO_CACHEABLE_START = __non_cacheable_data_rom
                0x00405fb0                __ROM_NO_CACHEABLE_END = __non_cacheable_data_rom_end
                0x20400148                __RAM_CACHEABLE_START = __sram_data_begin__
                0x2042ffff                __RAM_CACHEABLE_END = (ORIGIN (int_sram_no_cacheable) - 0x1)
                0x00000012                __RAM_CACHEABLE_SIZE = 0x12
                0x00405f14                __ROM_CACHEABLE_START = __sram_data_rom
                0x00405fac                __ROM_CACHEABLE_END = __sram_data_rom_end
                0x00400000                __ROM_CODE_START = ORIGIN (int_pflash)
                0x10000000                __ROM_DATA_START = ORIGIN (int_dflash)
                0x20400000                __BSS_SRAM_START = __sram_bss_start
                0x20400148                __BSS_SRAM_END = __sram_bss_end
                0x00000148                __BSS_SRAM_SIZE = (__sram_bss_end - __sram_bss_start)
                0x20430010                __BSS_SRAM_NC_START = __non_cacheable_bss_start
                0x0000045c                __BSS_SRAM_NC_SIZE = (__non_cacheable_bss_end - __non_cacheable_bss_start)
                0x2043046c                __BSS_SRAM_NC_END = __non_cacheable_bss_end
                0x20440000                __BSS_SRAM_SH_START = __shareable_bss_start
                0x00000000                __BSS_SRAM_SH_SIZE = (__shareable_bss_end - __shareable_bss_start)
                0x20440000                __BSS_SRAM_SH_END = __shareable_bss_end
                0x20000000                __RAM_INTERRUPT_START = __interrupts_ram_start
                0x00400800                __INIT_INTERRUPT_START = __interrupts_init_start
                0x00400c08                __INIT_INTERRUPT_END = __interrupts_init_end
                0x00000000                __RAM_ITCM_START = __itcm_start__
                0x00405fb0                __ROM_ITCM_START = __tcm_code_rom_start
                0x00405fb0                __ROM_ITCM_END = __tcm_code_rom_end
                0x20000408                __RAM_DTCM_DATA_START = __dtcm_data_start__
                0x00405fb0                __ROM_DTCM_DATA_START = __tcm_data_rom
                0x00405fb0                __ROM_DTCM_END = __tcm_data_rom_end
                0x00405eac                __INIT_TABLE = __init_table
                0x00405ef8                __ZERO_TABLE = __zero_table
                0x00000001                __RAM_INIT = 0x1
                0x00000001                __ITCM_INIT = 0x1
                0x00000001                __DTCM_INIT = 0x1
                0x0040437c                Fls_ACEraseRomStart = __acfls_code_rom_start
                0x004043e0                Fls_ACEraseRomEnd = __acfls_code_rom_end
                0x00000019                Fls_ACEraseSize = ((__acfls_code_rom_end - __acfls_code_rom_start) / 0x4)
                0x0040437c                Fls_ACWriteRomStart = __acfls_code_rom_start
                0x004043e0                Fls_ACWriteRomEnd = __acfls_code_rom_end
                0x00000019                Fls_ACWriteSize = ((__acfls_code_rom_end - __acfls_code_rom_start) / 0x4)
                0x2042ff00                _ERASE_FUNC_ADDRESS_ = ADDR (.acfls_code_ram)
                0x2042ff00                _WRITE_FUNC_ADDRESS_ = ADDR (.acfls_code_ram)
                0x00400800                __ENTRY_VTABLE = __INIT_INTERRUPT_START
                0x00400800                __CORE0_VTOR = __INIT_INTERRUPT_START
                0x00400800                __CORE1_VTOR = __INIT_INTERRUPT_START
                0x00400800                __CORE2_VTOR = __INIT_INTERRUPT_START
                0x00000003                __INDEX_COPY_CORE2 = 0x3
                0x00000001                ASSERT ((__standby_ram_end__ <= __STANDBY_RAM_LIMIT_END), Memory for standby ram overflow)
OUTPUT(HSE_FW_Installation.elf elf32-littlearm)
LOAD linker stubs

.ARM.attributes
                0x00000000       0x30
 .ARM.attributes
                0x00000000       0x20 ./Project_Settings/Startup_Code/Vector_Table.o
 .ARM.attributes
                0x00000020       0x34 ./Project_Settings/Startup_Code/exceptions.o
 .ARM.attributes
                0x00000054       0x34 ./Project_Settings/Startup_Code/nvic.o
 .ARM.attributes
                0x00000088       0x34 ./Project_Settings/Startup_Code/startup.o
 .ARM.attributes
                0x000000bc       0x1f ./Project_Settings/Startup_Code/startup_cm7.o
 .ARM.attributes
                0x000000db       0x34 ./Project_Settings/Startup_Code/system.o
 .ARM.attributes
                0x0000010f       0x34 ./RTD/src/Clock_Ip.o
 .ARM.attributes
                0x00000143       0x39 ./RTD/src/Clock_Ip_Data.o
 .ARM.attributes
                0x0000017c       0x34 ./RTD/src/Clock_Ip_Divider.o
 .ARM.attributes
                0x000001b0       0x34 ./RTD/src/Clock_Ip_DividerTrigger.o
 .ARM.attributes
                0x000001e4       0x34 ./RTD/src/Clock_Ip_ExtOsc.o
 .ARM.attributes
                0x00000218       0x34 ./RTD/src/Clock_Ip_FracDiv.o
 .ARM.attributes
                0x0000024c       0x34 ./RTD/src/Clock_Ip_Frequency.o
 .ARM.attributes
                0x00000280       0x34 ./RTD/src/Clock_Ip_Gate.o
 .ARM.attributes
                0x000002b4       0x34 ./RTD/src/Clock_Ip_IntOsc.o
 .ARM.attributes
                0x000002e8       0x34 ./RTD/src/Clock_Ip_Irq.o
 .ARM.attributes
                0x0000031c       0x34 ./RTD/src/Clock_Ip_Monitor.o
 .ARM.attributes
                0x00000350       0x34 ./RTD/src/Clock_Ip_Pll.o
 .ARM.attributes
                0x00000384       0x34 ./RTD/src/Clock_Ip_ProgFreqSwitch.o
 .ARM.attributes
                0x000003b8       0x34 ./RTD/src/Clock_Ip_Selector.o
 .ARM.attributes
                0x000003ec       0x34 ./RTD/src/Clock_Ip_Specific.o
 .ARM.attributes
                0x00000420       0x34 ./RTD/src/Det.o
 .ARM.attributes
                0x00000454       0x34 ./RTD/src/Det_stub.o
 .ARM.attributes
                0x00000488       0x39 ./RTD/src/Igf_Port_Ip.o
 .ARM.attributes
                0x000004c1       0x39 ./RTD/src/OsIf_Interrupts.o
 .ARM.attributes
                0x000004fa       0x34 ./RTD/src/OsIf_Timer.o
 .ARM.attributes
                0x0000052e       0x39 ./RTD/src/OsIf_Timer_System.o
 .ARM.attributes
                0x00000567       0x34 ./RTD/src/OsIf_Timer_System_Internal_Systick.o
 .ARM.attributes
                0x0000059b       0x34 ./RTD/src/SchM_Dio.o
 .ARM.attributes
                0x000005cf       0x34 ./RTD/src/SchM_Mcu.o
 .ARM.attributes
                0x00000603       0x34 ./RTD/src/SchM_Port.o
 .ARM.attributes
                0x00000637       0x34 ./RTD/src/Siul2_Dio_Ip.o
 .ARM.attributes
                0x0000066b       0x34 ./RTD/src/Siul2_Port_Ip.o
 .ARM.attributes
                0x0000069f       0x34 ./RTD/src/Tspc_Port_Ip.o
 .ARM.attributes
                0x000006d3       0x39 ./board/Siul2_Port_Ip_Cfg.o
 .ARM.attributes
                0x0000070c       0x39 ./board/Tspc_Port_Ip_Cfg.o
 .ARM.attributes
                0x00000745       0x39 ./generate/src/Clock_Ip_Cfg.o
 .ARM.attributes
                0x0000077e       0x39 ./generate/src/Igf_Port_Ip_Cfg.o
 .ARM.attributes
                0x000007b7       0x39 ./generate/src/OsIf_Cfg.o
 .ARM.attributes
                0x000007f0       0x34 ./src/main.o
 .ARM.attributes
                0x00000824       0x34 c:/nxp/s32ds.3.5/s32ds/build_tools/gcc_v10.2/gcc-10.2-arm32-eabi/bin/../lib/gcc/arm-none-eabi/10.2.0/../../../../arm-none-eabi/lib/thumb/v7e-m+fp/hard\libc_nano.a(lib_a-memmove.o)
 .ARM.attributes
                0x00000858       0x34 c:/nxp/s32ds.3.5/s32ds/build_tools/gcc_v10.2/gcc-10.2-arm32-eabi/bin/../lib/gcc/arm-none-eabi/10.2.0/../../../../arm-none-eabi/lib/thumb/v7e-m+fp/hard\libc_nano.a(lib_a-memset.o)

.comment        0x00000000       0x88
 .comment       0x00000000       0x88 ./Project_Settings/Startup_Code/exceptions.o
                                 0x89 (size before relaxing)
 .comment       0x00000088       0x89 ./Project_Settings/Startup_Code/nvic.o
 .comment       0x00000088       0x89 ./Project_Settings/Startup_Code/startup.o
 .comment       0x00000088       0x89 ./Project_Settings/Startup_Code/system.o
 .comment       0x00000088       0x89 ./RTD/src/Clock_Ip.o
 .comment       0x00000088       0x89 ./RTD/src/Clock_Ip_Data.o
 .comment       0x00000088       0x89 ./RTD/src/Clock_Ip_Divider.o
 .comment       0x00000088       0x89 ./RTD/src/Clock_Ip_DividerTrigger.o
 .comment       0x00000088       0x89 ./RTD/src/Clock_Ip_ExtOsc.o
 .comment       0x00000088       0x89 ./RTD/src/Clock_Ip_FracDiv.o
 .comment       0x00000088       0x89 ./RTD/src/Clock_Ip_Frequency.o
 .comment       0x00000088       0x89 ./RTD/src/Clock_Ip_Gate.o
 .comment       0x00000088       0x89 ./RTD/src/Clock_Ip_IntOsc.o
 .comment       0x00000088       0x89 ./RTD/src/Clock_Ip_Irq.o
 .comment       0x00000088       0x89 ./RTD/src/Clock_Ip_Monitor.o
 .comment       0x00000088       0x89 ./RTD/src/Clock_Ip_Pll.o
 .comment       0x00000088       0x89 ./RTD/src/Clock_Ip_ProgFreqSwitch.o
 .comment       0x00000088       0x89 ./RTD/src/Clock_Ip_Selector.o
 .comment       0x00000088       0x89 ./RTD/src/Clock_Ip_Specific.o
 .comment       0x00000088       0x89 ./RTD/src/Det.o
 .comment       0x00000088       0x89 ./RTD/src/Det_stub.o
 .comment       0x00000088       0x89 ./RTD/src/Igf_Port_Ip.o
 .comment       0x00000088       0x89 ./RTD/src/OsIf_Interrupts.o
 .comment       0x00000088       0x89 ./RTD/src/OsIf_Timer.o
 .comment       0x00000088       0x89 ./RTD/src/OsIf_Timer_System.o
 .comment       0x00000088       0x89 ./RTD/src/OsIf_Timer_System_Internal_Systick.o
 .comment       0x00000088       0x89 ./RTD/src/SchM_Dio.o
 .comment       0x00000088       0x89 ./RTD/src/SchM_Mcu.o
 .comment       0x00000088       0x89 ./RTD/src/SchM_Port.o
 .comment       0x00000088       0x89 ./RTD/src/Siul2_Dio_Ip.o
 .comment       0x00000088       0x89 ./RTD/src/Siul2_Port_Ip.o
 .comment       0x00000088       0x89 ./RTD/src/Tspc_Port_Ip.o
 .comment       0x00000088       0x89 ./board/Siul2_Port_Ip_Cfg.o
 .comment       0x00000088       0x89 ./board/Tspc_Port_Ip_Cfg.o
 .comment       0x00000088       0x89 ./generate/src/Clock_Ip_Cfg.o
 .comment       0x00000088       0x89 ./generate/src/Igf_Port_Ip_Cfg.o
 .comment       0x00000088       0x89 ./generate/src/OsIf_Cfg.o
 .comment       0x00000088       0x89 ./src/main.o
 .comment       0x00000088       0x89 c:/nxp/s32ds.3.5/s32ds/build_tools/gcc_v10.2/gcc-10.2-arm32-eabi/bin/../lib/gcc/arm-none-eabi/10.2.0/../../../../arm-none-eabi/lib/thumb/v7e-m+fp/hard\libc_nano.a(lib_a-memmove.o)
 .comment       0x00000088       0x89 c:/nxp/s32ds.3.5/s32ds/build_tools/gcc_v10.2/gcc-10.2-arm32-eabi/bin/../lib/gcc/arm-none-eabi/10.2.0/../../../../arm-none-eabi/lib/thumb/v7e-m+fp/hard\libc_nano.a(lib_a-memset.o)

.debug_info     0x00000000    0x1bf19
 .debug_info    0x00000000      0x139 ./Project_Settings/Startup_Code/exceptions.o
 .debug_info    0x00000139      0x76a ./Project_Settings/Startup_Code/nvic.o
 .debug_info    0x000008a3      0x36f ./Project_Settings/Startup_Code/startup.o
 .debug_info    0x00000c12      0xbb0 ./Project_Settings/Startup_Code/system.o
 .debug_info    0x000017c2     0x1fc6 ./RTD/src/Clock_Ip.o
 .debug_info    0x00003788     0x1676 ./RTD/src/Clock_Ip_Data.o
 .debug_info    0x00004dfe      0xa42 ./RTD/src/Clock_Ip_Divider.o
 .debug_info    0x00005840      0x820 ./RTD/src/Clock_Ip_DividerTrigger.o
 .debug_info    0x00006060      0xacf ./RTD/src/Clock_Ip_ExtOsc.o
 .debug_info    0x00006b2f      0x5e3 ./RTD/src/Clock_Ip_FracDiv.o
 .debug_info    0x00007112      0x451 ./RTD/src/Clock_Ip_Frequency.o
 .debug_info    0x00007563      0xa04 ./RTD/src/Clock_Ip_Gate.o
 .debug_info    0x00007f67      0xd4f ./RTD/src/Clock_Ip_IntOsc.o
 .debug_info    0x00008cb6       0xb2 ./RTD/src/Clock_Ip_Irq.o
 .debug_info    0x00008d68     0x13ab ./RTD/src/Clock_Ip_Monitor.o
 .debug_info    0x0000a113      0xaef ./RTD/src/Clock_Ip_Pll.o
 .debug_info    0x0000ac02      0xfc0 ./RTD/src/Clock_Ip_ProgFreqSwitch.o
 .debug_info    0x0000bbc2     0x1067 ./RTD/src/Clock_Ip_Selector.o
 .debug_info    0x0000cc29     0x18d5 ./RTD/src/Clock_Ip_Specific.o
 .debug_info    0x0000e4fe      0x420 ./RTD/src/Det.o
 .debug_info    0x0000e91e      0x471 ./RTD/src/Det_stub.o
 .debug_info    0x0000ed8f       0x7d ./RTD/src/Igf_Port_Ip.o
 .debug_info    0x0000ee0c       0x7d ./RTD/src/OsIf_Interrupts.o
 .debug_info    0x0000ee89      0x2c7 ./RTD/src/OsIf_Timer.o
 .debug_info    0x0000f150       0x7d ./RTD/src/OsIf_Timer_System.o
 .debug_info    0x0000f1cd      0x196 ./RTD/src/OsIf_Timer_System_Internal_Systick.o
 .debug_info    0x0000f363      0x2ce ./RTD/src/SchM_Dio.o
 .debug_info    0x0000f631      0x39b ./RTD/src/SchM_Mcu.o
 .debug_info    0x0000f9cc     0x17a0 ./RTD/src/SchM_Port.o
 .debug_info    0x0001116c     0x240e ./RTD/src/Siul2_Dio_Ip.o
 .debug_info    0x0001357a     0x3000 ./RTD/src/Siul2_Port_Ip.o
 .debug_info    0x0001657a      0x347 ./RTD/src/Tspc_Port_Ip.o
 .debug_info    0x000168c1     0x22f4 ./board/Siul2_Port_Ip_Cfg.o
 .debug_info    0x00018bb5       0x7d ./board/Tspc_Port_Ip_Cfg.o
 .debug_info    0x00018c32      0xe14 ./generate/src/Clock_Ip_Cfg.o
 .debug_info    0x00019a46       0x7d ./generate/src/Igf_Port_Ip_Cfg.o
 .debug_info    0x00019ac3       0x7d ./generate/src/OsIf_Cfg.o
 .debug_info    0x00019b40     0x23d9 ./src/main.o

.debug_abbrev   0x00000000     0x3776
 .debug_abbrev  0x00000000       0x47 ./Project_Settings/Startup_Code/exceptions.o
 .debug_abbrev  0x00000047      0x102 ./Project_Settings/Startup_Code/nvic.o
 .debug_abbrev  0x00000149      0x119 ./Project_Settings/Startup_Code/startup.o
 .debug_abbrev  0x00000262      0x229 ./Project_Settings/Startup_Code/system.o
 .debug_abbrev  0x0000048b      0x39d ./RTD/src/Clock_Ip.o
 .debug_abbrev  0x00000828      0x14c ./RTD/src/Clock_Ip_Data.o
 .debug_abbrev  0x00000974      0x21e ./RTD/src/Clock_Ip_Divider.o
 .debug_abbrev  0x00000b92      0x1b0 ./RTD/src/Clock_Ip_DividerTrigger.o
 .debug_abbrev  0x00000d42      0x283 ./RTD/src/Clock_Ip_ExtOsc.o
 .debug_abbrev  0x00000fc5      0x163 ./RTD/src/Clock_Ip_FracDiv.o
 .debug_abbrev  0x00001128       0x92 ./RTD/src/Clock_Ip_Frequency.o
 .debug_abbrev  0x000011ba      0x1ac ./RTD/src/Clock_Ip_Gate.o
 .debug_abbrev  0x00001366      0x25d ./RTD/src/Clock_Ip_IntOsc.o
 .debug_abbrev  0x000015c3       0x6a ./RTD/src/Clock_Ip_Irq.o
 .debug_abbrev  0x0000162d      0x27d ./RTD/src/Clock_Ip_Monitor.o
 .debug_abbrev  0x000018aa      0x231 ./RTD/src/Clock_Ip_Pll.o
 .debug_abbrev  0x00001adb      0x1aa ./RTD/src/Clock_Ip_ProgFreqSwitch.o
 .debug_abbrev  0x00001c85      0x2f8 ./RTD/src/Clock_Ip_Selector.o
 .debug_abbrev  0x00001f7d      0x31b ./RTD/src/Clock_Ip_Specific.o
 .debug_abbrev  0x00002298      0x14e ./RTD/src/Det.o
 .debug_abbrev  0x000023e6       0xc5 ./RTD/src/Det_stub.o
 .debug_abbrev  0x000024ab       0x29 ./RTD/src/Igf_Port_Ip.o
 .debug_abbrev  0x000024d4       0x29 ./RTD/src/OsIf_Interrupts.o
 .debug_abbrev  0x000024fd      0x1a7 ./RTD/src/OsIf_Timer.o
 .debug_abbrev  0x000026a4       0x29 ./RTD/src/OsIf_Timer_System.o
 .debug_abbrev  0x000026cd      0x125 ./RTD/src/OsIf_Timer_System_Internal_Systick.o
 .debug_abbrev  0x000027f2      0x124 ./RTD/src/SchM_Dio.o
 .debug_abbrev  0x00002916      0x124 ./RTD/src/SchM_Mcu.o
 .debug_abbrev  0x00002a3a      0x124 ./RTD/src/SchM_Port.o
 .debug_abbrev  0x00002b5e      0x298 ./RTD/src/Siul2_Dio_Ip.o
 .debug_abbrev  0x00002df6      0x385 ./RTD/src/Siul2_Port_Ip.o
 .debug_abbrev  0x0000317b      0x185 ./RTD/src/Tspc_Port_Ip.o
 .debug_abbrev  0x00003300      0x146 ./board/Siul2_Port_Ip_Cfg.o
 .debug_abbrev  0x00003446       0x29 ./board/Tspc_Port_Ip_Cfg.o
 .debug_abbrev  0x0000346f      0x103 ./generate/src/Clock_Ip_Cfg.o
 .debug_abbrev  0x00003572       0x29 ./generate/src/Igf_Port_Ip_Cfg.o
 .debug_abbrev  0x0000359b       0x29 ./generate/src/OsIf_Cfg.o
 .debug_abbrev  0x000035c4      0x1b2 ./src/main.o

.debug_aranges  0x00000000      0xa58
 .debug_aranges
                0x00000000       0x68 ./Project_Settings/Startup_Code/exceptions.o
 .debug_aranges
                0x00000068       0x38 ./Project_Settings/Startup_Code/nvic.o
 .debug_aranges
                0x000000a0       0x28 ./Project_Settings/Startup_Code/startup.o
 .debug_aranges
                0x000000c8       0x38 ./Project_Settings/Startup_Code/system.o
 .debug_aranges
                0x00000100       0x98 ./RTD/src/Clock_Ip.o
 .debug_aranges
                0x00000198       0x18 ./RTD/src/Clock_Ip_Data.o
 .debug_aranges
                0x000001b0       0x38 ./RTD/src/Clock_Ip_Divider.o
 .debug_aranges
                0x000001e8       0x30 ./RTD/src/Clock_Ip_DividerTrigger.o
 .debug_aranges
                0x00000218       0x60 ./RTD/src/Clock_Ip_ExtOsc.o
 .debug_aranges
                0x00000278       0x28 ./RTD/src/Clock_Ip_FracDiv.o
 .debug_aranges
                0x000002a0       0x20 ./RTD/src/Clock_Ip_Frequency.o
 .debug_aranges
                0x000002c0       0x38 ./RTD/src/Clock_Ip_Gate.o
 .debug_aranges
                0x000002f8       0x60 ./RTD/src/Clock_Ip_IntOsc.o
 .debug_aranges
                0x00000358       0x20 ./RTD/src/Clock_Ip_Irq.o
 .debug_aranges
                0x00000378       0x60 ./RTD/src/Clock_Ip_Monitor.o
 .debug_aranges
                0x000003d8       0x50 ./RTD/src/Clock_Ip_Pll.o
 .debug_aranges
                0x00000428       0x28 ./RTD/src/Clock_Ip_ProgFreqSwitch.o
 .debug_aranges
                0x00000450       0x58 ./RTD/src/Clock_Ip_Selector.o
 .debug_aranges
                0x000004a8       0x78 ./RTD/src/Clock_Ip_Specific.o
 .debug_aranges
                0x00000520       0x38 ./RTD/src/Det.o
 .debug_aranges
                0x00000558       0x48 ./RTD/src/Det_stub.o
 .debug_aranges
                0x000005a0       0x18 ./RTD/src/Igf_Port_Ip.o
 .debug_aranges
                0x000005b8       0x18 ./RTD/src/OsIf_Interrupts.o
 .debug_aranges
                0x000005d0       0x40 ./RTD/src/OsIf_Timer.o
 .debug_aranges
                0x00000610       0x18 ./RTD/src/OsIf_Timer_System.o
 .debug_aranges
                0x00000628       0x30 ./RTD/src/OsIf_Timer_System_Internal_Systick.o
 .debug_aranges
                0x00000658       0x40 ./RTD/src/SchM_Dio.o
 .debug_aranges
                0x00000698       0x50 ./RTD/src/SchM_Mcu.o
 .debug_aranges
                0x000006e8      0x1e0 ./RTD/src/SchM_Port.o
 .debug_aranges
                0x000008c8       0x70 ./RTD/src/Siul2_Dio_Ip.o
 .debug_aranges
                0x00000938       0x60 ./RTD/src/Siul2_Port_Ip.o
 .debug_aranges
                0x00000998       0x28 ./RTD/src/Tspc_Port_Ip.o
 .debug_aranges
                0x000009c0       0x18 ./board/Siul2_Port_Ip_Cfg.o
 .debug_aranges
                0x000009d8       0x18 ./board/Tspc_Port_Ip_Cfg.o
 .debug_aranges
                0x000009f0       0x18 ./generate/src/Clock_Ip_Cfg.o
 .debug_aranges
                0x00000a08       0x18 ./generate/src/Igf_Port_Ip_Cfg.o
 .debug_aranges
                0x00000a20       0x18 ./generate/src/OsIf_Cfg.o
 .debug_aranges
                0x00000a38       0x20 ./src/main.o

.debug_ranges   0x00000000      0x930
 .debug_ranges  0x00000000       0x58 ./Project_Settings/Startup_Code/exceptions.o
 .debug_ranges  0x00000058       0x28 ./Project_Settings/Startup_Code/nvic.o
 .debug_ranges  0x00000080       0x18 ./Project_Settings/Startup_Code/startup.o
 .debug_ranges  0x00000098       0x78 ./Project_Settings/Startup_Code/system.o
 .debug_ranges  0x00000110      0x110 ./RTD/src/Clock_Ip.o
 .debug_ranges  0x00000220       0x28 ./RTD/src/Clock_Ip_Divider.o
 .debug_ranges  0x00000248       0x20 ./RTD/src/Clock_Ip_DividerTrigger.o
 .debug_ranges  0x00000268       0x50 ./RTD/src/Clock_Ip_ExtOsc.o
 .debug_ranges  0x000002b8       0x18 ./RTD/src/Clock_Ip_FracDiv.o
 .debug_ranges  0x000002d0       0x10 ./RTD/src/Clock_Ip_Frequency.o
 .debug_ranges  0x000002e0       0x28 ./RTD/src/Clock_Ip_Gate.o
 .debug_ranges  0x00000308       0x50 ./RTD/src/Clock_Ip_IntOsc.o
 .debug_ranges  0x00000358       0x10 ./RTD/src/Clock_Ip_Irq.o
 .debug_ranges  0x00000368       0x50 ./RTD/src/Clock_Ip_Monitor.o
 .debug_ranges  0x000003b8       0x40 ./RTD/src/Clock_Ip_Pll.o
 .debug_ranges  0x000003f8       0x18 ./RTD/src/Clock_Ip_ProgFreqSwitch.o
 .debug_ranges  0x00000410       0x78 ./RTD/src/Clock_Ip_Selector.o
 .debug_ranges  0x00000488       0x80 ./RTD/src/Clock_Ip_Specific.o
 .debug_ranges  0x00000508       0x28 ./RTD/src/Det.o
 .debug_ranges  0x00000530       0x38 ./RTD/src/Det_stub.o
 .debug_ranges  0x00000568       0x30 ./RTD/src/OsIf_Timer.o
 .debug_ranges  0x00000598       0x20 ./RTD/src/OsIf_Timer_System_Internal_Systick.o
 .debug_ranges  0x000005b8       0x30 ./RTD/src/SchM_Dio.o
 .debug_ranges  0x000005e8       0x40 ./RTD/src/SchM_Mcu.o
 .debug_ranges  0x00000628      0x1d0 ./RTD/src/SchM_Port.o
 .debug_ranges  0x000007f8       0x60 ./RTD/src/Siul2_Dio_Ip.o
 .debug_ranges  0x00000858       0x80 ./RTD/src/Siul2_Port_Ip.o
 .debug_ranges  0x000008d8       0x48 ./RTD/src/Tspc_Port_Ip.o
 .debug_ranges  0x00000920       0x10 ./src/main.o

.debug_macro    0x00000000    0x53008
 .debug_macro   0x00000000      0x164 ./Project_Settings/Startup_Code/exceptions.o
 .debug_macro   0x00000164      0xa9c ./Project_Settings/Startup_Code/exceptions.o
 .debug_macro   0x00000c00       0x22 ./Project_Settings/Startup_Code/exceptions.o
 .debug_macro   0x00000c22       0x56 ./Project_Settings/Startup_Code/exceptions.o
 .debug_macro   0x00000c78       0x51 ./Project_Settings/Startup_Code/exceptions.o
 .debug_macro   0x00000cc9      0x103 ./Project_Settings/Startup_Code/exceptions.o
 .debug_macro   0x00000dcc       0x6a ./Project_Settings/Startup_Code/exceptions.o
 .debug_macro   0x00000e36      0x1df ./Project_Settings/Startup_Code/exceptions.o
 .debug_macro   0x00001015       0x22 ./Project_Settings/Startup_Code/exceptions.o
 .debug_macro   0x00001037      0x16d ./Project_Settings/Startup_Code/exceptions.o
 .debug_macro   0x000011a4       0x82 ./Project_Settings/Startup_Code/exceptions.o
 .debug_macro   0x00001226      0x97b ./Project_Settings/Startup_Code/exceptions.o
 .debug_macro   0x00001ba1       0x3a ./Project_Settings/Startup_Code/exceptions.o
 .debug_macro   0x00001bdb       0xcc ./Project_Settings/Startup_Code/exceptions.o
 .debug_macro   0x00001ca7       0x67 ./Project_Settings/Startup_Code/exceptions.o
 .debug_macro   0x00001d0e       0x94 ./Project_Settings/Startup_Code/exceptions.o
 .debug_macro   0x00001da2       0xc8 ./Project_Settings/Startup_Code/exceptions.o
 .debug_macro   0x00001e6a      0x11e ./Project_Settings/Startup_Code/exceptions.o
 .debug_macro   0x00001f88       0x52 ./Project_Settings/Startup_Code/exceptions.o
 .debug_macro   0x00001fda       0x16 ./Project_Settings/Startup_Code/exceptions.o
 .debug_macro   0x00001ff0       0x7c ./Project_Settings/Startup_Code/exceptions.o
 .debug_macro   0x0000206c      0x130 ./Project_Settings/Startup_Code/exceptions.o
 .debug_macro   0x0000219c       0x6a ./Project_Settings/Startup_Code/exceptions.o
 .debug_macro   0x00002206       0x58 ./Project_Settings/Startup_Code/exceptions.o
 .debug_macro   0x0000225e       0x57 ./Project_Settings/Startup_Code/exceptions.o
 .debug_macro   0x000022b5       0x50 ./Project_Settings/Startup_Code/exceptions.o
 .debug_macro   0x00002305       0x50 ./Project_Settings/Startup_Code/exceptions.o
 .debug_macro   0x00002355      0x3c8 ./Project_Settings/Startup_Code/nvic.o
 .debug_macro   0x0000271d     0x51e9 ./Project_Settings/Startup_Code/nvic.o
 .debug_macro   0x00007906      0xa20 ./Project_Settings/Startup_Code/nvic.o
 .debug_macro   0x00008326     0x10a6 ./Project_Settings/Startup_Code/nvic.o
 .debug_macro   0x000093cc      0x180 ./Project_Settings/Startup_Code/nvic.o
 .debug_macro   0x0000954c       0xf8 ./Project_Settings/Startup_Code/nvic.o
 .debug_macro   0x00009644      0x370 ./Project_Settings/Startup_Code/nvic.o
 .debug_macro   0x000099b4      0x158 ./Project_Settings/Startup_Code/nvic.o
 .debug_macro   0x00009b0c      0xd4e ./Project_Settings/Startup_Code/nvic.o
 .debug_macro   0x0000a85a     0x2311 ./Project_Settings/Startup_Code/nvic.o
 .debug_macro   0x0000cb6b      0x2ea ./Project_Settings/Startup_Code/nvic.o
 .debug_macro   0x0000ce55       0x8e ./Project_Settings/Startup_Code/nvic.o
 .debug_macro   0x0000cee3     0xd22d ./Project_Settings/Startup_Code/nvic.o
 .debug_macro   0x0001a110      0xe49 ./Project_Settings/Startup_Code/nvic.o
 .debug_macro   0x0001af59     0x7375 ./Project_Settings/Startup_Code/nvic.o
 .debug_macro   0x000222ce      0xbaa ./Project_Settings/Startup_Code/nvic.o
 .debug_macro   0x00022e78      0xd69 ./Project_Settings/Startup_Code/nvic.o
 .debug_macro   0x00023be1      0xb4d ./Project_Settings/Startup_Code/nvic.o
 .debug_macro   0x0002472e       0x5c ./Project_Settings/Startup_Code/nvic.o
 .debug_macro   0x0002478a      0xad5 ./Project_Settings/Startup_Code/nvic.o
 .debug_macro   0x0002525f     0x1531 ./Project_Settings/Startup_Code/nvic.o
 .debug_macro   0x00026790      0x867 ./Project_Settings/Startup_Code/nvic.o
 .debug_macro   0x00026ff7       0xcc ./Project_Settings/Startup_Code/nvic.o
 .debug_macro   0x000270c3       0xd6 ./Project_Settings/Startup_Code/nvic.o
 .debug_macro   0x00027199      0x105 ./Project_Settings/Startup_Code/nvic.o
 .debug_macro   0x0002729e      0x507 ./Project_Settings/Startup_Code/nvic.o
 .debug_macro   0x000277a5      0x779 ./Project_Settings/Startup_Code/nvic.o
 .debug_macro   0x00027f1e      0xe1f ./Project_Settings/Startup_Code/nvic.o
 .debug_macro   0x00028d3d      0x93f ./Project_Settings/Startup_Code/nvic.o
 .debug_macro   0x0002967c      0xd53 ./Project_Settings/Startup_Code/nvic.o
 .debug_macro   0x0002a3cf      0x2ce ./Project_Settings/Startup_Code/nvic.o
 .debug_macro   0x0002a69d     0x1095 ./Project_Settings/Startup_Code/nvic.o
 .debug_macro   0x0002b732     0x1fad ./Project_Settings/Startup_Code/nvic.o
 .debug_macro   0x0002d6df      0x4f8 ./Project_Settings/Startup_Code/nvic.o
 .debug_macro   0x0002dbd7      0x274 ./Project_Settings/Startup_Code/nvic.o
 .debug_macro   0x0002de4b      0x9d3 ./Project_Settings/Startup_Code/nvic.o
 .debug_macro   0x0002e81e     0x15b6 ./Project_Settings/Startup_Code/nvic.o
 .debug_macro   0x0002fdd4      0x4b9 ./Project_Settings/Startup_Code/nvic.o
 .debug_macro   0x0003028d      0x242 ./Project_Settings/Startup_Code/nvic.o
 .debug_macro   0x000304cf      0x20a ./Project_Settings/Startup_Code/nvic.o
 .debug_macro   0x000306d9      0x3f9 ./Project_Settings/Startup_Code/nvic.o
 .debug_macro   0x00030ad2       0x6a ./Project_Settings/Startup_Code/nvic.o
 .debug_macro   0x00030b3c      0xc5d ./Project_Settings/Startup_Code/nvic.o
 .debug_macro   0x00031799       0x47 ./Project_Settings/Startup_Code/nvic.o
 .debug_macro   0x000317e0      0x23b ./Project_Settings/Startup_Code/nvic.o
 .debug_macro   0x00031a1b      0xb27 ./Project_Settings/Startup_Code/nvic.o
 .debug_macro   0x00032542      0x2d8 ./Project_Settings/Startup_Code/nvic.o
 .debug_macro   0x0003281a       0x94 ./Project_Settings/Startup_Code/nvic.o
 .debug_macro   0x000328ae       0xf2 ./Project_Settings/Startup_Code/nvic.o
 .debug_macro   0x000329a0       0x5d ./Project_Settings/Startup_Code/nvic.o
 .debug_macro   0x000329fd     0x7bf9 ./Project_Settings/Startup_Code/nvic.o
 .debug_macro   0x0003a5f6      0xf35 ./Project_Settings/Startup_Code/nvic.o
 .debug_macro   0x0003b52b       0xfe ./Project_Settings/Startup_Code/nvic.o
 .debug_macro   0x0003b629      0x2c8 ./Project_Settings/Startup_Code/nvic.o
 .debug_macro   0x0003b8f1       0x78 ./Project_Settings/Startup_Code/nvic.o
 .debug_macro   0x0003b969       0xb2 ./Project_Settings/Startup_Code/nvic.o
 .debug_macro   0x0003ba1b      0x1cf ./Project_Settings/Startup_Code/nvic.o
 .debug_macro   0x0003bbea      0x56e ./Project_Settings/Startup_Code/nvic.o
 .debug_macro   0x0003c158      0x3f8 ./Project_Settings/Startup_Code/nvic.o
 .debug_macro   0x0003c550      0x338 ./Project_Settings/Startup_Code/nvic.o
 .debug_macro   0x0003c888      0x4c8 ./Project_Settings/Startup_Code/nvic.o
 .debug_macro   0x0003cd50      0xc87 ./Project_Settings/Startup_Code/nvic.o
 .debug_macro   0x0003d9d7     0x1b52 ./Project_Settings/Startup_Code/nvic.o
 .debug_macro   0x0003f529      0xcd9 ./Project_Settings/Startup_Code/nvic.o
 .debug_macro   0x00040202      0x136 ./Project_Settings/Startup_Code/nvic.o
 .debug_macro   0x00040338      0x392 ./Project_Settings/Startup_Code/nvic.o
 .debug_macro   0x000406ca       0x2e ./Project_Settings/Startup_Code/nvic.o
 .debug_macro   0x000406f8       0xe8 ./Project_Settings/Startup_Code/startup.o
 .debug_macro   0x000407e0      0x226 ./Project_Settings/Startup_Code/system.o
 .debug_macro   0x00040a06       0x52 ./Project_Settings/Startup_Code/system.o
 .debug_macro   0x00040a58       0x50 ./Project_Settings/Startup_Code/system.o
 .debug_macro   0x00040aa8       0x50 ./Project_Settings/Startup_Code/system.o
 .debug_macro   0x00040af8      0x525 ./RTD/src/Clock_Ip.o
 .debug_macro   0x0004101d     0x108f ./RTD/src/Clock_Ip.o
 .debug_macro   0x000420ac      0x517 ./RTD/src/Clock_Ip.o
 .debug_macro   0x000425c3       0x2e ./RTD/src/Clock_Ip.o
 .debug_macro   0x000425f1       0x4d ./RTD/src/Clock_Ip.o
 .debug_macro   0x0004263e       0x50 ./RTD/src/Clock_Ip.o
 .debug_macro   0x0004268e       0x50 ./RTD/src/Clock_Ip.o
 .debug_macro   0x000426de       0x50 ./RTD/src/Clock_Ip.o
 .debug_macro   0x0004272e       0x50 ./RTD/src/Clock_Ip.o
 .debug_macro   0x0004277e       0x34 ./RTD/src/Clock_Ip.o
 .debug_macro   0x000427b2       0xdc ./RTD/src/Clock_Ip.o
 .debug_macro   0x0004288e      0x170 ./RTD/src/Clock_Ip.o
 .debug_macro   0x000429fe       0x50 ./RTD/src/Clock_Ip.o
 .debug_macro   0x00042a4e       0x50 ./RTD/src/Clock_Ip.o
 .debug_macro   0x00042a9e       0x50 ./RTD/src/Clock_Ip.o
 .debug_macro   0x00042aee       0x50 ./RTD/src/Clock_Ip.o
 .debug_macro   0x00042b3e       0x50 ./RTD/src/Clock_Ip.o
 .debug_macro   0x00042b8e       0x50 ./RTD/src/Clock_Ip.o
 .debug_macro   0x00042bde       0xa5 ./RTD/src/Clock_Ip.o
 .debug_macro   0x00042c83       0x50 ./RTD/src/Clock_Ip.o
 .debug_macro   0x00042cd3       0x50 ./RTD/src/Clock_Ip.o
 .debug_macro   0x00042d23       0x50 ./RTD/src/Clock_Ip.o
 .debug_macro   0x00042d73       0x50 ./RTD/src/Clock_Ip.o
 .debug_macro   0x00042dc3       0x50 ./RTD/src/Clock_Ip.o
 .debug_macro   0x00042e13       0x50 ./RTD/src/Clock_Ip.o
 .debug_macro   0x00042e63       0x35 ./RTD/src/Clock_Ip.o
 .debug_macro   0x00042e98       0x50 ./RTD/src/Clock_Ip.o
 .debug_macro   0x00042ee8       0x50 ./RTD/src/Clock_Ip.o
 .debug_macro   0x00042f38       0x50 ./RTD/src/Clock_Ip.o
 .debug_macro   0x00042f88       0x50 ./RTD/src/Clock_Ip.o
 .debug_macro   0x00042fd8       0x50 ./RTD/src/Clock_Ip.o
 .debug_macro   0x00043028       0x50 ./RTD/src/Clock_Ip.o
 .debug_macro   0x00043078      0x948 ./RTD/src/Clock_Ip_Data.o
 .debug_macro   0x000439c0      0x448 ./RTD/src/Clock_Ip_Divider.o
 .debug_macro   0x00043e08      0x446 ./RTD/src/Clock_Ip_DividerTrigger.o
 .debug_macro   0x0004424e      0x448 ./RTD/src/Clock_Ip_ExtOsc.o
 .debug_macro   0x00044696      0x446 ./RTD/src/Clock_Ip_FracDiv.o
 .debug_macro   0x00044adc      0x3dc ./RTD/src/Clock_Ip_Frequency.o
 .debug_macro   0x00044eb8      0x448 ./RTD/src/Clock_Ip_Gate.o
 .debug_macro   0x00045300      0x456 ./RTD/src/Clock_Ip_IntOsc.o
 .debug_macro   0x00045756      0x404 ./RTD/src/Clock_Ip_Irq.o
 .debug_macro   0x00045b5a      0x4c3 ./RTD/src/Clock_Ip_Monitor.o
 .debug_macro   0x0004601d       0x3a ./RTD/src/Clock_Ip_Monitor.o
 .debug_macro   0x00046057       0x50 ./RTD/src/Clock_Ip_Monitor.o
 .debug_macro   0x000460a7       0x50 ./RTD/src/Clock_Ip_Monitor.o
 .debug_macro   0x000460f7       0x50 ./RTD/src/Clock_Ip_Monitor.o
 .debug_macro   0x00046147       0x50 ./RTD/src/Clock_Ip_Monitor.o
 .debug_macro   0x00046197      0x456 ./RTD/src/Clock_Ip_Pll.o
 .debug_macro   0x000465ed      0x4a6 ./RTD/src/Clock_Ip_ProgFreqSwitch.o
 .debug_macro   0x00046a93      0x448 ./RTD/src/Clock_Ip_Selector.o
 .debug_macro   0x00046edb      0x564 ./RTD/src/Clock_Ip_Specific.o
 .debug_macro   0x0004743f       0x50 ./RTD/src/Clock_Ip_Specific.o
 .debug_macro   0x0004748f       0x50 ./RTD/src/Clock_Ip_Specific.o
 .debug_macro   0x000474df       0x50 ./RTD/src/Clock_Ip_Specific.o
 .debug_macro   0x0004752f       0x50 ./RTD/src/Clock_Ip_Specific.o
 .debug_macro   0x0004757f       0x50 ./RTD/src/Clock_Ip_Specific.o
 .debug_macro   0x000475cf       0x50 ./RTD/src/Clock_Ip_Specific.o
 .debug_macro   0x0004761f      0x271 ./RTD/src/Det.o
 .debug_macro   0x00047890       0x40 ./RTD/src/Det.o
 .debug_macro   0x000478d0       0x50 ./RTD/src/Det.o
 .debug_macro   0x00047920       0x50 ./RTD/src/Det.o
 .debug_macro   0x00047970       0x50 ./RTD/src/Det.o
 .debug_macro   0x000479c0       0x50 ./RTD/src/Det.o
 .debug_macro   0x00047a10       0x50 ./RTD/src/Det.o
 .debug_macro   0x00047a60       0x50 ./RTD/src/Det.o
 .debug_macro   0x00047ab0      0x22a ./RTD/src/Det_stub.o
 .debug_macro   0x00047cda      0x229 ./RTD/src/Igf_Port_Ip.o
 .debug_macro   0x00047f03       0x34 ./RTD/src/Igf_Port_Ip.o
 .debug_macro   0x00047f37       0x34 ./RTD/src/Igf_Port_Ip.o
 .debug_macro   0x00047f6b     0x7bf3 ./RTD/src/Igf_Port_Ip.o
 .debug_macro   0x0004fb5e       0xf0 ./RTD/src/Igf_Port_Ip.o
 .debug_macro   0x0004fc4e       0x3a ./RTD/src/Igf_Port_Ip.o
 .debug_macro   0x0004fc88       0x6a ./RTD/src/Igf_Port_Ip.o
 .debug_macro   0x0004fcf2       0x50 ./RTD/src/Igf_Port_Ip.o
 .debug_macro   0x0004fd42       0x50 ./RTD/src/Igf_Port_Ip.o
 .debug_macro   0x0004fd92       0x28 ./RTD/src/Igf_Port_Ip.o
 .debug_macro   0x0004fdba       0x34 ./RTD/src/Igf_Port_Ip.o
 .debug_macro   0x0004fdee       0x2e ./RTD/src/Igf_Port_Ip.o
 .debug_macro   0x0004fe1c       0x3a ./RTD/src/Igf_Port_Ip.o
 .debug_macro   0x0004fe56      0x158 ./RTD/src/OsIf_Interrupts.o
 .debug_macro   0x0004ffae      0x220 ./RTD/src/OsIf_Timer.o
 .debug_macro   0x000501ce       0x70 ./RTD/src/OsIf_Timer.o
 .debug_macro   0x0005023e      0x1b1 ./RTD/src/OsIf_Timer_System.o
 .debug_macro   0x000503ef       0x3a ./RTD/src/OsIf_Timer_System.o
 .debug_macro   0x00050429      0x191 ./RTD/src/OsIf_Timer_System_Internal_Systick.o
 .debug_macro   0x000505ba       0x34 ./RTD/src/OsIf_Timer_System_Internal_Systick.o
 .debug_macro   0x000505ee       0x3a ./RTD/src/OsIf_Timer_System_Internal_Systick.o
 .debug_macro   0x00050628      0x22b ./RTD/src/SchM_Dio.o
 .debug_macro   0x00050853       0x3a ./RTD/src/SchM_Dio.o
 .debug_macro   0x0005088d       0x50 ./RTD/src/SchM_Dio.o
 .debug_macro   0x000508dd       0x50 ./RTD/src/SchM_Dio.o
 .debug_macro   0x0005092d      0x22b ./RTD/src/SchM_Mcu.o
 .debug_macro   0x00050b58      0x22f ./RTD/src/SchM_Port.o
 .debug_macro   0x00050d87      0x252 ./RTD/src/Siul2_Dio_Ip.o
 .debug_macro   0x00050fd9       0x8e ./RTD/src/Siul2_Dio_Ip.o
 .debug_macro   0x00051067       0x74 ./RTD/src/Siul2_Dio_Ip.o
 .debug_macro   0x000510db       0x50 ./RTD/src/Siul2_Dio_Ip.o
 .debug_macro   0x0005112b       0x50 ./RTD/src/Siul2_Dio_Ip.o
 .debug_macro   0x0005117b       0x50 ./RTD/src/Siul2_Dio_Ip.o
 .debug_macro   0x000511cb       0x50 ./RTD/src/Siul2_Dio_Ip.o
 .debug_macro   0x0005121b      0x2d1 ./RTD/src/Siul2_Port_Ip.o
 .debug_macro   0x000514ec       0x97 ./RTD/src/Siul2_Port_Ip.o
 .debug_macro   0x00051583       0x50 ./RTD/src/Siul2_Port_Ip.o
 .debug_macro   0x000515d3       0x50 ./RTD/src/Siul2_Port_Ip.o
 .debug_macro   0x00051623      0x1ff ./RTD/src/Siul2_Port_Ip.o
 .debug_macro   0x00051822       0x50 ./RTD/src/Siul2_Port_Ip.o
 .debug_macro   0x00051872       0x50 ./RTD/src/Siul2_Port_Ip.o
 .debug_macro   0x000518c2       0x50 ./RTD/src/Siul2_Port_Ip.o
 .debug_macro   0x00051912       0x50 ./RTD/src/Siul2_Port_Ip.o
 .debug_macro   0x00051962       0x50 ./RTD/src/Siul2_Port_Ip.o
 .debug_macro   0x000519b2       0x50 ./RTD/src/Siul2_Port_Ip.o
 .debug_macro   0x00051a02      0x277 ./RTD/src/Tspc_Port_Ip.o
 .debug_macro   0x00051c79       0x34 ./RTD/src/Tspc_Port_Ip.o
 .debug_macro   0x00051cad      0x568 ./RTD/src/Tspc_Port_Ip.o
 .debug_macro   0x00052215       0x34 ./RTD/src/Tspc_Port_Ip.o
 .debug_macro   0x00052249       0x3c ./RTD/src/Tspc_Port_Ip.o
 .debug_macro   0x00052285      0x18c ./board/Siul2_Port_Ip_Cfg.o
 .debug_macro   0x00052411      0x137 ./board/Tspc_Port_Ip_Cfg.o
 .debug_macro   0x00052548      0x40a ./generate/src/Clock_Ip_Cfg.o
 .debug_macro   0x00052952      0x206 ./generate/src/Igf_Port_Ip_Cfg.o
 .debug_macro   0x00052b58      0x182 ./generate/src/OsIf_Cfg.o
 .debug_macro   0x00052cda       0x5e ./generate/src/OsIf_Cfg.o
 .debug_macro   0x00052d38      0x23c ./src/main.o
 .debug_macro   0x00052f74       0x94 ./src/main.o

.debug_line     0x00000000    0x11f1c
 .debug_line    0x00000000      0x5a1 ./Project_Settings/Startup_Code/exceptions.o
 .debug_line    0x000005a1      0x978 ./Project_Settings/Startup_Code/nvic.o
 .debug_line    0x00000f19      0x5b6 ./Project_Settings/Startup_Code/startup.o
 .debug_line    0x000014cf      0x939 ./Project_Settings/Startup_Code/system.o
 .debug_line    0x00001e08     0x1439 ./RTD/src/Clock_Ip.o
 .debug_line    0x00003241      0x5ef ./RTD/src/Clock_Ip_Data.o
 .debug_line    0x00003830      0x7c9 ./RTD/src/Clock_Ip_Divider.o
 .debug_line    0x00003ff9      0x70a ./RTD/src/Clock_Ip_DividerTrigger.o
 .debug_line    0x00004703      0x87a ./RTD/src/Clock_Ip_ExtOsc.o
 .debug_line    0x00004f7d      0x616 ./RTD/src/Clock_Ip_FracDiv.o
 .debug_line    0x00005593      0x610 ./RTD/src/Clock_Ip_Frequency.o
 .debug_line    0x00005ba3      0x79e ./RTD/src/Clock_Ip_Gate.o
 .debug_line    0x00006341      0x775 ./RTD/src/Clock_Ip_IntOsc.o
 .debug_line    0x00006ab6      0x603 ./RTD/src/Clock_Ip_Irq.o
 .debug_line    0x000070b9      0x930 ./RTD/src/Clock_Ip_Monitor.o
 .debug_line    0x000079e9      0x847 ./RTD/src/Clock_Ip_Pll.o
 .debug_line    0x00008230      0x827 ./RTD/src/Clock_Ip_ProgFreqSwitch.o
 .debug_line    0x00008a57      0xbc3 ./RTD/src/Clock_Ip_Selector.o
 .debug_line    0x0000961a      0xa84 ./RTD/src/Clock_Ip_Specific.o
 .debug_line    0x0000a09e      0x551 ./RTD/src/Det.o
 .debug_line    0x0000a5ef      0x7b5 ./RTD/src/Det_stub.o
 .debug_line    0x0000ada4      0x579 ./RTD/src/Igf_Port_Ip.o
 .debug_line    0x0000b31d      0x465 ./RTD/src/OsIf_Interrupts.o
 .debug_line    0x0000b782      0x504 ./RTD/src/OsIf_Timer.o
 .debug_line    0x0000bc86      0x4ba ./RTD/src/OsIf_Timer_System.o
 .debug_line    0x0000c140      0x4ed ./RTD/src/OsIf_Timer_System_Internal_Systick.o
 .debug_line    0x0000c62d      0x5e8 ./RTD/src/SchM_Dio.o
 .debug_line    0x0000cc15      0x673 ./RTD/src/SchM_Mcu.o
 .debug_line    0x0000d288     0x1408 ./RTD/src/SchM_Port.o
 .debug_line    0x0000e690      0x74d ./RTD/src/Siul2_Dio_Ip.o
 .debug_line    0x0000eddd      0xc33 ./RTD/src/Siul2_Port_Ip.o
 .debug_line    0x0000fa10      0x74f ./RTD/src/Tspc_Port_Ip.o
 .debug_line    0x0001015f      0x45b ./board/Siul2_Port_Ip_Cfg.o
 .debug_line    0x000105ba      0x3d6 ./board/Tspc_Port_Ip_Cfg.o
 .debug_line    0x00010990      0x5f3 ./generate/src/Clock_Ip_Cfg.o
 .debug_line    0x00010f83      0x563 ./generate/src/Igf_Port_Ip_Cfg.o
 .debug_line    0x000114e6      0x46e ./generate/src/OsIf_Cfg.o
 .debug_line    0x00011954      0x5c8 ./src/main.o

.debug_str      0x00000000   0x20e5fd
 .debug_str     0x00000000     0x808f ./Project_Settings/Startup_Code/exceptions.o
                               0x829a (size before relaxing)
 .debug_str     0x0000808f   0x1f354d ./Project_Settings/Startup_Code/nvic.o
                             0x1fa219 (size before relaxing)
 .debug_str     0x001fb5dc      0x11b ./Project_Settings/Startup_Code/startup.o
                               0x61ed (size before relaxing)
 .debug_str     0x001fb6f7      0x73c ./Project_Settings/Startup_Code/system.o
                              0x15443 (size before relaxing)
 .debug_str     0x001fbe33     0x50ec ./RTD/src/Clock_Ip.o
                              0x3830b (size before relaxing)
 .debug_str     0x00200f1f     0x20b8 ./RTD/src/Clock_Ip_Data.o
                              0x38d19 (size before relaxing)
 .debug_str     0x00202fd7      0x239 ./RTD/src/Clock_Ip_Divider.o
                              0x36f80 (size before relaxing)
 .debug_str     0x00203210      0x201 ./RTD/src/Clock_Ip_DividerTrigger.o
                              0x36f32 (size before relaxing)
 .debug_str     0x00203411      0x2f8 ./RTD/src/Clock_Ip_ExtOsc.o
                              0x36fe9 (size before relaxing)
 .debug_str     0x00203709      0x181 ./RTD/src/Clock_Ip_FracDiv.o
                              0x36c26 (size before relaxing)
 .debug_str     0x0020388a       0x2b ./RTD/src/Clock_Ip_Frequency.o
                              0x369ce (size before relaxing)
 .debug_str     0x002038b5      0x221 ./RTD/src/Clock_Ip_Gate.o
                              0x36faf (size before relaxing)
 .debug_str     0x00203ad6      0x38b ./RTD/src/Clock_Ip_IntOsc.o
                              0x37271 (size before relaxing)
 .debug_str     0x00203e61      0x154 ./RTD/src/Clock_Ip_Irq.o
                              0x363ad (size before relaxing)
 .debug_str     0x00203fb5      0x787 ./RTD/src/Clock_Ip_Monitor.o
                              0x37a4d (size before relaxing)
 .debug_str     0x0020473c      0x2f8 ./RTD/src/Clock_Ip_Pll.o
                              0x37142 (size before relaxing)
 .debug_str     0x00204a34      0x2f7 ./RTD/src/Clock_Ip_ProgFreqSwitch.o
                              0x3737e (size before relaxing)
 .debug_str     0x00204d2b      0x2ec ./RTD/src/Clock_Ip_Selector.o
                              0x37099 (size before relaxing)
 .debug_str     0x00205017      0x4ef ./RTD/src/Clock_Ip_Specific.o
                              0x37c40 (size before relaxing)
 .debug_str     0x00205506      0x5b1 ./RTD/src/Det.o
                               0x8995 (size before relaxing)
 .debug_str     0x00205ab7       0xc1 ./RTD/src/Det_stub.o
                               0x8927 (size before relaxing)
 .debug_str     0x00205b78     0x1449 ./RTD/src/Igf_Port_Ip.o
                              0x580b1 (size before relaxing)
 .debug_str     0x00206fc1       0x30 ./RTD/src/OsIf_Interrupts.o
                               0x7a30 (size before relaxing)
 .debug_str     0x00206ff1      0x41c ./RTD/src/OsIf_Timer.o
                               0x8821 (size before relaxing)
 .debug_str     0x0020740d      0x14c ./RTD/src/OsIf_Timer_System.o
                               0x870d (size before relaxing)
 .debug_str     0x00207559      0x66a ./RTD/src/OsIf_Timer_System_Internal_Systick.o
                               0x76b2 (size before relaxing)
 .debug_str     0x00207bc3      0x408 ./RTD/src/SchM_Dio.o
                               0x88bd (size before relaxing)
 .debug_str     0x00207fcb      0x243 ./RTD/src/SchM_Mcu.o
                               0x8944 (size before relaxing)
 .debug_str     0x0020820e     0x106b ./RTD/src/SchM_Port.o
                               0x972a (size before relaxing)
 .debug_str     0x00209279     0x1cda ./RTD/src/Siul2_Dio_Ip.o
                              0x4254a (size before relaxing)
 .debug_str     0x0020af53     0x2954 ./RTD/src/Siul2_Port_Ip.o
                              0x5b6b3 (size before relaxing)
 .debug_str     0x0020d8a7      0x5d9 ./RTD/src/Tspc_Port_Ip.o
                              0x5aad4 (size before relaxing)
 .debug_str     0x0020de80      0x15c ./board/Siul2_Port_Ip_Cfg.o
                              0x57407 (size before relaxing)
 .debug_str     0x0020dfdc      0x13b ./board/Tspc_Port_Ip_Cfg.o
                               0x8d33 (size before relaxing)
 .debug_str     0x0020e117      0x287 ./generate/src/Clock_Ip_Cfg.o
                              0x37176 (size before relaxing)
 .debug_str     0x0020e39e      0x13a ./generate/src/Igf_Port_Ip_Cfg.o
                              0x57e7a (size before relaxing)
 .debug_str     0x0020e4d8      0x102 ./generate/src/OsIf_Cfg.o
                               0x841e (size before relaxing)
 .debug_str     0x0020e5da       0x23 ./src/main.o
                              0x5a418 (size before relaxing)

.debug_frame    0x00000000     0x1604
 .debug_frame   0x00000000       0xb0 ./Project_Settings/Startup_Code/exceptions.o
 .debug_frame   0x000000b0       0x50 ./Project_Settings/Startup_Code/nvic.o
 .debug_frame   0x00000100       0x54 ./Project_Settings/Startup_Code/startup.o
 .debug_frame   0x00000154       0x60 ./Project_Settings/Startup_Code/system.o
 .debug_frame   0x000001b4      0x1b8 ./RTD/src/Clock_Ip.o
 .debug_frame   0x0000036c       0x70 ./RTD/src/Clock_Ip_Divider.o
 .debug_frame   0x000003dc       0x50 ./RTD/src/Clock_Ip_DividerTrigger.o
 .debug_frame   0x0000042c      0x108 ./RTD/src/Clock_Ip_ExtOsc.o
 .debug_frame   0x00000534       0x30 ./RTD/src/Clock_Ip_FracDiv.o
 .debug_frame   0x00000564       0x20 ./RTD/src/Clock_Ip_Frequency.o
 .debug_frame   0x00000584       0x6c ./RTD/src/Clock_Ip_Gate.o
 .debug_frame   0x000005f0       0xc4 ./RTD/src/Clock_Ip_IntOsc.o
 .debug_frame   0x000006b4       0x20 ./RTD/src/Clock_Ip_Irq.o
 .debug_frame   0x000006d4       0xd0 ./RTD/src/Clock_Ip_Monitor.o
 .debug_frame   0x000007a4       0xa4 ./RTD/src/Clock_Ip_Pll.o
 .debug_frame   0x00000848       0x40 ./RTD/src/Clock_Ip_ProgFreqSwitch.o
 .debug_frame   0x00000888       0xf8 ./RTD/src/Clock_Ip_Selector.o
 .debug_frame   0x00000980       0xf8 ./RTD/src/Clock_Ip_Specific.o
 .debug_frame   0x00000a78       0x90 ./RTD/src/Det.o
 .debug_frame   0x00000b08       0xd0 ./RTD/src/Det_stub.o
 .debug_frame   0x00000bd8       0x60 ./RTD/src/OsIf_Timer.o
 .debug_frame   0x00000c38       0x40 ./RTD/src/OsIf_Timer_System_Internal_Systick.o
 .debug_frame   0x00000c78       0x80 ./RTD/src/SchM_Dio.o
 .debug_frame   0x00000cf8       0xb0 ./RTD/src/SchM_Mcu.o
 .debug_frame   0x00000da8      0x560 ./RTD/src/SchM_Port.o
 .debug_frame   0x00001308      0x138 ./RTD/src/Siul2_Dio_Ip.o
 .debug_frame   0x00001440      0x144 ./RTD/src/Siul2_Port_Ip.o
 .debug_frame   0x00001584       0x58 ./RTD/src/Tspc_Port_Ip.o
 .debug_frame   0x000015dc       0x28 ./src/main.o

.debug_loc      0x00000000     0x4949
 .debug_loc     0x00000000       0xb9 ./Project_Settings/Startup_Code/nvic.o
 .debug_loc     0x000000b9      0x3b7 ./Project_Settings/Startup_Code/startup.o
 .debug_loc     0x00000470      0x262 ./Project_Settings/Startup_Code/system.o
 .debug_loc     0x000006d2      0x7e3 ./RTD/src/Clock_Ip.o
 .debug_loc     0x00000eb5      0x185 ./RTD/src/Clock_Ip_Divider.o
 .debug_loc     0x0000103a       0x7b ./RTD/src/Clock_Ip_DividerTrigger.o
 .debug_loc     0x000010b5      0x16b ./RTD/src/Clock_Ip_ExtOsc.o
 .debug_loc     0x00001220       0x25 ./RTD/src/Clock_Ip_FracDiv.o
 .debug_loc     0x00001245      0x143 ./RTD/src/Clock_Ip_Gate.o
 .debug_loc     0x00001388      0x108 ./RTD/src/Clock_Ip_IntOsc.o
 .debug_loc     0x00001490      0x4bd ./RTD/src/Clock_Ip_Monitor.o
 .debug_loc     0x0000194d      0x236 ./RTD/src/Clock_Ip_Pll.o
 .debug_loc     0x00001b83      0x447 ./RTD/src/Clock_Ip_ProgFreqSwitch.o
 .debug_loc     0x00001fca      0x513 ./RTD/src/Clock_Ip_Selector.o
 .debug_loc     0x000024dd      0x2ce ./RTD/src/Clock_Ip_Specific.o
 .debug_loc     0x000027ab      0x1fb ./RTD/src/Det.o
 .debug_loc     0x000029a6      0x3fc ./RTD/src/Det_stub.o
 .debug_loc     0x00002da2       0x99 ./RTD/src/OsIf_Timer.o
 .debug_loc     0x00002e3b       0x85 ./RTD/src/OsIf_Timer_System_Internal_Systick.o
 .debug_loc     0x00002ec0       0xbd ./RTD/src/SchM_Dio.o
 .debug_loc     0x00002f7d      0x111 ./RTD/src/SchM_Mcu.o
 .debug_loc     0x0000308e      0x945 ./RTD/src/SchM_Port.o
 .debug_loc     0x000039d3      0x405 ./RTD/src/Siul2_Dio_Ip.o
 .debug_loc     0x00003dd8      0x9f7 ./RTD/src/Siul2_Port_Ip.o
 .debug_loc     0x000047cf      0x17a ./RTD/src/Tspc_Port_Ip.o
